Archive member included to satisfy reference by file (symbol)

/home/leemarc/intelFPGA_lite/18.1/nios2eds/bin/gnu/H-x86_64-pc-linux-gnu/bin/../lib/gcc/nios2-elf/5.3.0/../../../../../H-x86_64-pc-linux-gnu/nios2-elf/lib/libc.a(lib_a-malloc.o)
                              obj/default/grayscale.o (malloc)
/home/leemarc/intelFPGA_lite/18.1/nios2eds/bin/gnu/H-x86_64-pc-linux-gnu/bin/../lib/gcc/nios2-elf/5.3.0/../../../../../H-x86_64-pc-linux-gnu/nios2-elf/lib/libc.a(lib_a-mallocr.o)
                              /home/leemarc/intelFPGA_lite/18.1/nios2eds/bin/gnu/H-x86_64-pc-linux-gnu/bin/../lib/gcc/nios2-elf/5.3.0/../../../../../H-x86_64-pc-linux-gnu/nios2-elf/lib/libc.a(lib_a-malloc.o) (_malloc_r)
/home/leemarc/intelFPGA_lite/18.1/nios2eds/bin/gnu/H-x86_64-pc-linux-gnu/bin/../lib/gcc/nios2-elf/5.3.0/../../../../../H-x86_64-pc-linux-gnu/nios2-elf/lib/libc.a(lib_a-printf.o)
                              obj/default/camera.o (printf)
/home/leemarc/intelFPGA_lite/18.1/nios2eds/bin/gnu/H-x86_64-pc-linux-gnu/bin/../lib/gcc/nios2-elf/5.3.0/../../../../../H-x86_64-pc-linux-gnu/nios2-elf/lib/libc.a(lib_a-puts.o)
                              obj/default/main.o (puts)
/home/leemarc/intelFPGA_lite/18.1/nios2eds/bin/gnu/H-x86_64-pc-linux-gnu/bin/../lib/gcc/nios2-elf/5.3.0/../../../../../H-x86_64-pc-linux-gnu/nios2-elf/lib/libc.a(lib_a-sbrkr.o)
                              /home/leemarc/intelFPGA_lite/18.1/nios2eds/bin/gnu/H-x86_64-pc-linux-gnu/bin/../lib/gcc/nios2-elf/5.3.0/../../../../../H-x86_64-pc-linux-gnu/nios2-elf/lib/libc.a(lib_a-mallocr.o) (_sbrk_r)
/home/leemarc/intelFPGA_lite/18.1/nios2eds/bin/gnu/H-x86_64-pc-linux-gnu/bin/../lib/gcc/nios2-elf/5.3.0/../../../../../H-x86_64-pc-linux-gnu/nios2-elf/lib/libc.a(lib_a-strlen.o)
                              /home/leemarc/intelFPGA_lite/18.1/nios2eds/bin/gnu/H-x86_64-pc-linux-gnu/bin/../lib/gcc/nios2-elf/5.3.0/../../../../../H-x86_64-pc-linux-gnu/nios2-elf/lib/libc.a(lib_a-puts.o) (strlen)
/home/leemarc/intelFPGA_lite/18.1/nios2eds/bin/gnu/H-x86_64-pc-linux-gnu/bin/../lib/gcc/nios2-elf/5.3.0/../../../../../H-x86_64-pc-linux-gnu/nios2-elf/lib/libc.a(lib_a-vfprintf.o)
                              /home/leemarc/intelFPGA_lite/18.1/nios2eds/bin/gnu/H-x86_64-pc-linux-gnu/bin/../lib/gcc/nios2-elf/5.3.0/../../../../../H-x86_64-pc-linux-gnu/nios2-elf/lib/libc.a(lib_a-printf.o) (___vfprintf_internal_r)
/home/leemarc/intelFPGA_lite/18.1/nios2eds/bin/gnu/H-x86_64-pc-linux-gnu/bin/../lib/gcc/nios2-elf/5.3.0/../../../../../H-x86_64-pc-linux-gnu/nios2-elf/lib/libc.a(lib_a-wsetup.o)
                              /home/leemarc/intelFPGA_lite/18.1/nios2eds/bin/gnu/H-x86_64-pc-linux-gnu/bin/../lib/gcc/nios2-elf/5.3.0/../../../../../H-x86_64-pc-linux-gnu/nios2-elf/lib/libc.a(lib_a-vfprintf.o) (__swsetup_r)
/home/leemarc/intelFPGA_lite/18.1/nios2eds/bin/gnu/H-x86_64-pc-linux-gnu/bin/../lib/gcc/nios2-elf/5.3.0/../../../../../H-x86_64-pc-linux-gnu/nios2-elf/lib/libc.a(lib_a-dtoa.o)
                              /home/leemarc/intelFPGA_lite/18.1/nios2eds/bin/gnu/H-x86_64-pc-linux-gnu/bin/../lib/gcc/nios2-elf/5.3.0/../../../../../H-x86_64-pc-linux-gnu/nios2-elf/lib/libc.a(lib_a-vfprintf.o) (_dtoa_r)
/home/leemarc/intelFPGA_lite/18.1/nios2eds/bin/gnu/H-x86_64-pc-linux-gnu/bin/../lib/gcc/nios2-elf/5.3.0/../../../../../H-x86_64-pc-linux-gnu/nios2-elf/lib/libc.a(lib_a-fflush.o)
                              /home/leemarc/intelFPGA_lite/18.1/nios2eds/bin/gnu/H-x86_64-pc-linux-gnu/bin/../lib/gcc/nios2-elf/5.3.0/../../../../../H-x86_64-pc-linux-gnu/nios2-elf/lib/libc.a(lib_a-vfprintf.o) (_fflush_r)
/home/leemarc/intelFPGA_lite/18.1/nios2eds/bin/gnu/H-x86_64-pc-linux-gnu/bin/../lib/gcc/nios2-elf/5.3.0/../../../../../H-x86_64-pc-linux-gnu/nios2-elf/lib/libc.a(lib_a-findfp.o)
                              /home/leemarc/intelFPGA_lite/18.1/nios2eds/bin/gnu/H-x86_64-pc-linux-gnu/bin/../lib/gcc/nios2-elf/5.3.0/../../../../../H-x86_64-pc-linux-gnu/nios2-elf/lib/libc.a(lib_a-puts.o) (__sinit)
/home/leemarc/intelFPGA_lite/18.1/nios2eds/bin/gnu/H-x86_64-pc-linux-gnu/bin/../lib/gcc/nios2-elf/5.3.0/../../../../../H-x86_64-pc-linux-gnu/nios2-elf/lib/libc.a(lib_a-freer.o)
                              /home/leemarc/intelFPGA_lite/18.1/nios2eds/bin/gnu/H-x86_64-pc-linux-gnu/bin/../lib/gcc/nios2-elf/5.3.0/../../../../../H-x86_64-pc-linux-gnu/nios2-elf/lib/libc.a(lib_a-malloc.o) (_free_r)
/home/leemarc/intelFPGA_lite/18.1/nios2eds/bin/gnu/H-x86_64-pc-linux-gnu/bin/../lib/gcc/nios2-elf/5.3.0/../../../../../H-x86_64-pc-linux-gnu/nios2-elf/lib/libc.a(lib_a-fvwrite.o)
                              /home/leemarc/intelFPGA_lite/18.1/nios2eds/bin/gnu/H-x86_64-pc-linux-gnu/bin/../lib/gcc/nios2-elf/5.3.0/../../../../../H-x86_64-pc-linux-gnu/nios2-elf/lib/libc.a(lib_a-puts.o) (__sfvwrite_r)
/home/leemarc/intelFPGA_lite/18.1/nios2eds/bin/gnu/H-x86_64-pc-linux-gnu/bin/../lib/gcc/nios2-elf/5.3.0/../../../../../H-x86_64-pc-linux-gnu/nios2-elf/lib/libc.a(lib_a-fwalk.o)
[...]
Memory Configuration

Name             Origin             Length             Attributes
reset            0x0000000000000000 0x0000000000000020
sdram_ctrl       0x0000000000000020 0x0000000000ffffe0
*default*        0x0000000000000000 0xffffffffffffffff

Linker script and memory map

LOAD /run/media/leemarc/Shared/Switchdrive/Private/Documents/Master/1_S1/EmbHardw/mse_demo/software/sobel_work_bsp//obj/HAL/src/crt0.o
LOAD obj/default/camera.o
LOAD obj/default/dipswitch.o
LOAD obj/default/grayscale.o
LOAD obj/default/i2c.o
LOAD obj/default/lcd_simple.o
LOAD obj/default/main.o
LOAD obj/default/sobel.o
LOAD obj/default/vga.o
LOAD /home/leemarc/intelFPGA_lite/18.1/nios2eds/bin/gnu/H-x86_64-pc-linux-gnu/bin/../lib/gcc/nios2-elf/5.3.0/../../../../../H-x86_64-pc-linux-gnu/nios2-elf/lib/libstdc++.a
LOAD /home/leemarc/intelFPGA_lite/18.1/nios2eds/bin/gnu/H-x86_64-pc-linux-gnu/bin/../lib/gcc/nios2-elf/5.3.0/../../../../../H-x86_64-pc-linux-gnu/nios2-elf/lib/libm.a
LOAD /home/leemarc/intelFPGA_lite/18.1/nios2eds/bin/gnu/H-x86_64-pc-linux-gnu/bin/../lib/gcc/nios2-elf/5.3.0/libgcc.a
START GROUP
LOAD /home/leemarc/intelFPGA_lite/18.1/nios2eds/bin/gnu/H-x86_64-pc-linux-gnu/bin/../lib/gcc/nios2-elf/5.3.0/../../../../../H-x86_64-pc-linux-gnu/nios2-elf/lib/libc.a
LOAD /home/leemarc/intelFPGA_lite/18.1/nios2eds/bin/gnu/H-x86_64-pc-linux-gnu/bin/../lib/gcc/nios2-elf/5.3.0/libgcc.a
LOAD /run/media/leemarc/Shared/Switchdrive/Private/Documents/Master/1_S1/EmbHardw/mse_demo/software/sobel_work_bsp//libhal_bsp.a
LOAD /home/leemarc/intelFPGA_lite/18.1/nios2eds/bin/gnu/H-x86_64-pc-linux-gnu/bin/../lib/gcc/nios2-elf/5.3.0/../../../../../H-x86_64-pc-linux-gnu/nios2-elf/lib/libm.a
END GROUP
LOAD /home/leemarc/intelFPGA_lite/18.1/nios2eds/bin/gnu/H-x86_64-pc-linux-gnu/bin/../lib/gcc/nios2-elf/5.3.0/libgcc.a
                0x0000000000000000                __alt_mem_sdram_ctrl = 0x0

.entry          0x0000000000000000       0x20
 *(.entry)
 .entry         0x0000000000000000       0x20 /run/media/leemarc/Shared/Switchdrive/Private/Documents/Master/1_S1/EmbHardw/mse_demo/software/sobel_work_bsp//obj/HAL/src/crt0.o
                0x0000000000000000                __reset

.exceptions     0x0000000000000020      0x224
                0x0000000000000020                PROVIDE (__ram_exceptions_start, ABSOLUTE (.))
                0x0000000000000020                . = ALIGN (0x20)
 *(.irq)
 *(.exceptions.entry.label)
 .exceptions.entry.label
                0x0000000000000020        0x0 /run/media/leemarc/Shared/Switchdrive/Private/Documents/Master/1_S1/EmbHardw/mse_demo/software/sobel_work_bsp//libhal_bsp.a(alt_irq_entry.o)
                0x0000000000000020                alt_irq_entry
 .exceptions.entry.label
                0x0000000000000020        0x0 /run/media/leemarc/Shared/Switchdrive/Private/Documents/Master/1_S1/EmbHardw/mse_demo/software/sobel_work_bsp//libhal_bsp.a(alt_exception_entry.o)
                0x0000000000000020                alt_exception
 *(.exceptions.entry.user)
 *(.exceptions.entry.ecc_fatal)
 *(.exceptions.entry)
 .exceptions.entry
                0x0000000000000020       0x54 /run/media/leemarc/Shared/Switchdrive/Private/Documents/Master/1_S1/EmbHardw/mse_demo/software/sobel_work_bsp//libhal_bsp.a(alt_exception_entry.o)
 *(.exceptions.irqtest.user)
 *(.exceptions.irqtest)
 .exceptions.irqtest
                0x0000000000000074       0x10 /run/media/leemarc/Shared/Switchdrive/Private/Documents/Master/1_S1/EmbHardw/mse_demo/software/sobel_work_bsp//libhal_bsp.a(alt_irq_entry.o)
 *(.exceptions.irqhandler.user)
 *(.exceptions.irqhandler)
 .exceptions.irqhandler
                0x0000000000000084        0x4 /run/media/leemarc/Shared/Switchdrive/Private/Documents/Master/1_S1/EmbHardw/mse_demo/software/sobel_work_bsp//libhal_bsp.a(alt_irq_entry.o)
 *(.exceptions.irqreturn.user)
 *(.exceptions.irqreturn)
 .exceptions.irqreturn
                0x0000000000000088        0x4 /run/media/leemarc/Shared/Switchdrive/Private/Documents/Master/1_S1/EmbHardw/mse_demo/software/sobel_work_bsp//libhal_bsp.a(alt_irq_entry.o)
 *(.exceptions.notirq.label)
 .exceptions.notirq.label
                0x000000000000008c        0x0 /run/media/leemarc/Shared/Switchdrive/Private/Documents/Master/1_S1/EmbHardw/mse_demo/software/sobel_work_bsp//libhal_bsp.a(alt_irq_entry.o)
 *(.exceptions.notirq.user)
 *(.exceptions.notirq)
 .exceptions.notirq
                0x000000000000008c        0x8 /run/media/leemarc/Shared/Switchdrive/Private/Documents/Master/1_S1/EmbHardw/mse_demo/software/sobel_work_bsp//libhal_bsp.a(alt_exception_entry.o)
 *(.exceptions.soft.user)
 *(.exceptions.soft)
 *(.exceptions.unknown.user)
 *(.exceptions.unknown)
 .exceptions.unknown
                0x0000000000000094       0x14 /run/media/leemarc/Shared/Switchdrive/Private/Documents/Master/1_S1/EmbHardw/mse_demo/software/sobel_work_bsp//libhal_bsp.a(alt_exception_entry.o)
 *(.exceptions.exit.label)
 .exceptions.exit.label
                0x00000000000000a8        0x0 /run/media/leemarc/Shared/Switchdrive/Private/Documents/Master/1_S1/EmbHardw/mse_demo/software/sobel_work_bsp//libhal_bsp.a(alt_irq_entry.o)
 .exceptions.exit.label
                0x00000000000000a8        0x0 /run/media/leemarc/Shared/Switchdrive/Private/Documents/Master/1_S1/EmbHardw/mse_demo/software/sobel_work_bsp//libhal_bsp.a(alt_exception_entry.o)
 *(.exceptions.exit.user)
 *(.exceptions.exit)
 .exceptions.exit
                0x00000000000000a8       0x54 /run/media/leemarc/Shared/Switchdrive/Private/Documents/Master/1_S1/EmbHardw/mse_demo/software/sobel_work_bsp//libhal_bsp.a(alt_exception_entry.o)
 *(.exceptions)
 .exceptions    0x00000000000000fc       0xd4 /run/media/leemarc/Shared/Switchdrive/Private/Documents/Master/1_S1/EmbHardw/mse_demo/software/sobel_work_bsp//libhal_bsp.a(alt_irq_handler.o)
                0x00000000000000fc                alt_irq_handler
 .exceptions    0x00000000000001d0       0x74 /run/media/leemarc/Shared/Switchdrive/Private/Documents/Master/1_S1/EmbHardw/mse_demo/software/sobel_work_bsp//libhal_bsp.a(alt_instruction_exception_entry.o)
                0x00000000000001d0                alt_instruction_exception_entry
                0x0000000000000244                PROVIDE (__ram_exceptions_end, ABSOLUTE (.))
                0x0000000000000020                PROVIDE (__flash_exceptions_start, LOADADDR (.exceptions))

.text           0x0000000000000244    0x11eac
                [!provide]                        PROVIDE (stext, ABSOLUTE (.))
 *(.interp)
 *(.hash)
 *(.dynsym)
 *(.dynstr)
 *(.gnu.version)
 *(.gnu.version_d)
 *(.gnu.version_r)
 *(.rel.init)
 *(.rela.init)
 *(.rel.text .rel.text.* .rel.gnu.linkonce.t.*)
 *(.rela.text .rela.text.* .rela.gnu.linkonce.t.*)
 *(.rel.fini)
 *(.rela.fini)
 *(.rel.rodata .rel.rodata.* .rel.gnu.linkonce.r.*)
 *(.rela.rodata .rela.rodata.* .rela.gnu.linkonce.r.*)
 *(.rel.data .rel.data.* .rel.gnu.linkonce.d.*)
 *(.rela.data .rela.data.* .rela.gnu.linkonce.d.*)
 *(.rel.tdata .rel.tdata.* .rel.gnu.linkonce.td.*)
 *(.rela.tdata .rela.tdata.* .rela.gnu.linkonce.td.*)
 *(.rel.tbss .rel.tbss.* .rel.gnu.linkonce.tb.*)
 *(.rela.tbss .rela.tbss.* .rela.gnu.linkonce.tb.*)
 *(.rel.ctors)
 *(.rela.ctors)
 *(.rel.dtors)
 *(.rela.dtors)
 *(.rel.got)
 *(.rela.got)
 *(.rel.sdata .rel.sdata.* .rel.gnu.linkonce.s.*)
 *(.rela.sdata .rela.sdata.* .rela.gnu.linkonce.s.*)
 *(.rel.sbss .rel.sbss.* .rel.gnu.linkonce.sb.*)
 *(.rela.sbss .rela.sbss.* .rela.gnu.linkonce.sb.*)
 *(.rel.sdata2 .rel.sdata2.* .rel.gnu.linkonce.s2.*)
 *(.rela.sdata2 .rela.sdata2.* .rela.gnu.linkonce.s2.*)
 *(.rel.sbss2 .rel.sbss2.* .rel.gnu.linkonce.sb2.*)
 *(.rela.sbss2 .rela.sbss2.* .rela.gnu.linkonce.sb2.*)
 *(.rel.bss .rel.bss.* .rel.gnu.linkonce.b.*)
 *(.rela.bss .rela.bss.* .rela.gnu.linkonce.b.*)
 *(.rel.plt)
 *(.rela.plt)
 *(.rel.dyn)
 *(.init)
 *(.plt)
 *(.text .stub .text.* .gnu.linkonce.t.*)
 .text          0x0000000000000244       0x3c /run/media/leemarc/Shared/Switchdrive/Private/Documents/Master/1_S1/EmbHardw/mse_demo/software/sobel_work_bsp//obj/HAL/src/crt0.o
                0x0000000000000244                _start
 .text          0x0000000000000280      0x804 obj/default/camera.o
                0x0000000000000280                init_camera
                0x0000000000000764                cam_get_xsize
                0x00000000000007b0                cam_get_ysize
                0x00000000000007fc                cam_get_profiling
                0x00000000000008a4                cam_set_image_pointer
                0x000000000000094c                current_image_valid
                0x0000000000000984                current_image_pointer
                0x00000000000009ac                take_picture_blocking
                0x00000000000009fc                enable_continues_mode
                0x0000000000000a2c                new_image_available
 .text          0x0000000000000a84       0x30 obj/default/dipswitch.o
                0x0000000000000a84                DIPSW_get_value
 .text          0x0000000000000ab4      0x1d4 obj/default/grayscale.o
                0x0000000000000ab4                conv_grayscale
                0x0000000000000c28                get_grayscale_width
                0x0000000000000c48                get_grayscale_height
                0x0000000000000c68                get_grayscale_picture
 .text          0x0000000000000c88      0x214 obj/default/i2c.o
                0x0000000000000c88                i2c_busy_wait
                0x0000000000000cc4                i2c_auto_detect
                0x0000000000000d78                i2c_short_read
                0x0000000000000e18                i2c_short_write
 .text          0x0000000000000e9c      0x434 obj/default/lcd_simple.o
                0x0000000000000e9c                LCD_Write_Command
                0x0000000000000ee0                LCD_Write_Data
                0x0000000000000f24                init_LCD
                0x0000000000001164                transfer_LCD_no_dma
                0x0000000000001208                transfer_LCD_with_dma
 .text          0x00000000000012d0      0x540 obj/default/main.o
                0x00000000000012d0                main
 .text          0x0000000000001810     0x14ec obj/default/sobel.o
                0x0000000000001810                init_sobel_arrays
                0x0000000000001980                sobel_complete
                0x0000000000001ea0                sobel_mac
                0x0000000000001fa4                sobel_mac_unrollx
                0x0000000000002160                sobel_mac_unroll
                0x00000000000024a8                sobel_x
                0x0000000000002570                sobel_x_inline
                0x00000000000026ec                sobel_x_with_rgb
                0x0000000000002828                sobel_y
                0x00000000000028f0                sobel_y_inline
                0x0000000000002a6c                sobel_y_with_rgb
                0x0000000000002ba8                sobel_threshold
                0x0000000000002cbc                GetSobel_rgb
                0x0000000000002cdc                GetSobelResult
 .text          0x0000000000002cfc       0x6c obj/default/vga.o
                0x0000000000002cfc                vga_set_pointer
                0x0000000000002d30                vga_set_swap
 .text          0x0000000000002d68        0x0 /home/leemarc/intelFPGA_lite/18.1/nios2eds/bin/gnu/H-x86_64-pc-linux-gnu/bin/../lib/gcc/nios2-elf/5.3.0/../../../../../H-x86_64-pc-linux-gnu/nios2-elf/lib/libc.a(lib_a-malloc.o)
 .text.malloc   0x0000000000002d68       0x14 /home/leemarc/intelFPGA_lite/18.1/nios2eds/bin/gnu/H-x86_64-pc-linux-gnu/bin/../lib/gcc/nios2-elf/5.3.0/../../../../../H-x86_64-pc-linux-gnu/nios2-elf/lib/libc.a(lib_a-malloc.o)
                0x0000000000002d68                malloc
 .text.free     0x0000000000002d7c       0x14 /home/leemarc/intelFPGA_lite/18.1/nios2eds/bin/gnu/H-x86_64-pc-linux-gnu/bin/../lib/gcc/nios2-elf/5.3.0/../../../../../H-x86_64-pc-linux-gnu/nios2-elf/lib/libc.a(lib_a-malloc.o)
                0x0000000000002d7c                free
 .text          0x0000000000002d90        0x0 /home/leemarc/intelFPGA_lite/18.1/nios2eds/bin/gnu/H-x86_64-pc-linux-gnu/bin/../lib/gcc/nios2-elf/5.3.0/../../../../../H-x86_64-pc-linux-gnu/nios2-elf/lib/libc.a(lib_a-mallocr.o)
 .text._malloc_r
                0x0000000000002d90      0x80c /home/leemarc/intelFPGA_lite/18.1/nios2eds/bin/gnu/H-x86_64-pc-linux-gnu/bin/../lib/gcc/nios2-elf/5.3.0/../../../../../H-x86_64-pc-linux-gnu/nios2-elf/lib/libc.a(lib_a-mallocr.o)
                0x0000000000002d90                _malloc_r
 .text          0x000000000000359c        0x0 /home/leemarc/intelFPGA_lite/18.1/nios2eds/bin/gnu/H-x86_64-pc-linux-gnu/bin/../lib/gcc/nios2-elf/5.3.0/../../../../../H-x86_64-pc-linux-gnu/nios2-elf/lib/libc.a(lib_a-printf.o)
 .text._printf_r
                0x000000000000359c       0x30 /home/leemarc/intelFPGA_lite/18.1/nios2eds/bin/gnu/H-x86_64-pc-linux-gnu/bin/../lib/gcc/nios2-elf/5.3.0/../../../../../H-x86_64-pc-linux-gnu/nios2-elf/lib/libc.a(lib_a-printf.o)
                0x000000000000359c                _printf_r
 .text.printf   0x00000000000035cc       0x3c /home/leemarc/intelFPGA_lite/18.1/nios2eds/bin/gnu/H-x86_64-pc-linux-gnu/bin/../lib/gcc/nios2-elf/5.3.0/../../../../../H-x86_64-pc-linux-gnu/nios2-elf/lib/libc.a(lib_a-printf.o)
                0x00000000000035cc                printf
 .text          0x0000000000003608        0x0 /home/leemarc/intelFPGA_lite/18.1/nios2eds/bin/gnu/H-x86_64-pc-linux-gnu/bin/../lib/gcc/nios2-elf/5.3.0/../../../../../H-x86_64-pc-linux-gnu/nios2-elf/lib/libc.a(lib_a-puts.o)
 .text._puts_r  0x0000000000003608       0xc0 /home/leemarc/intelFPGA_lite/18.1/nios2eds/bin/gnu/H-x86_64-pc-linux-gnu/bin/../lib/gcc/nios2-elf/5.3.0/../../../../../H-x86_64-pc-linux-gnu/nios2-elf/lib/libc.a(lib_a-puts.o)
                0x0000000000003608                _puts_r
 .text.puts     0x00000000000036c8       0x14 /home/leemarc/intelFPGA_lite/18.1/nios2eds/bin/gnu/H-x86_64-pc-linux-gnu/bin/../lib/gcc/nios2-elf/5.3.0/../../../../../H-x86_64-pc-linux-gnu/nios2-elf/lib/libc.a(lib_a-puts.o)
                0x00000000000036c8                puts
 .text          0x00000000000036dc        0x0 /home/leemarc/intelFPGA_lite/18.1/nios2eds/bin/gnu/H-x86_64-pc-linux-gnu/bin/../lib/gcc/nios2-elf/5.3.0/../../../../../H-x86_64-pc-linux-gnu/nios2-elf/lib/libc.a(lib_a-sbrkr.o)
 .text._sbrk_r  0x00000000000036dc       0x54 /home/leemarc/intelFPGA_lite/18.1/nios2eds/bin/gnu/H-x86_64-pc-linux-gnu/bin/../lib/gcc/nios2-elf/5.3.0/../../../../../H-x86_64-pc-linux-gnu/nios2-elf/lib/libc.a(lib_a-sbrkr.o)
                0x00000000000036dc                _sbrk_r
 .text          0x0000000000003730        0x0 /home/leemarc/intelFPGA_lite/18.1/nios2eds/bin/gnu/H-x86_64-pc-linux-gnu/bin/../lib/gcc/nios2-elf/5.3.0/../../../../../H-x86_64-pc-linux-gnu/nios2-elf/lib/libc.a(lib_a-strlen.o)
 .text.strlen   0x0000000000003730       0x98 /home/leemarc/intelFPGA_lite/18.1/nios2eds/bin/gnu/H-x86_64-pc-linux-gnu/bin/../lib/gcc/nios2-elf/5.3.0/../../../../../H-x86_64-pc-linux-gnu/nios2-elf/lib/libc.a(lib_a-strlen.o)
                0x0000000000003730                strlen
 .text          0x00000000000037c8        0x0 /home/leemarc/intelFPGA_lite/18.1/nios2eds/bin/gnu/H-x86_64-pc-linux-gnu/bin/../lib/gcc/nios2-elf/5.3.0/../../../../../H-x86_64-pc-linux-gnu/nios2-elf/lib/libc.a(lib_a-vfprintf.o)
 .text.___vfprintf_internal_r
                0x00000000000037c8     0x21f8 /home/leemarc/intelFPGA_lite/18.1/nios2eds/bin/gnu/H-x86_64-pc-linux-gnu/bin/../lib/gcc/nios2-elf/5.3.0/../../../../../H-x86_64-pc-linux-gnu/nios2-elf/lib/libc.a(lib_a-vfprintf.o)
                0x00000000000037c8                ___vfprintf_internal_r
 .text.__vfprintf_internal
                0x00000000000059c0       0x1c /home/leemarc/intelFPGA_lite/18.1/nios2eds/bin/gnu/H-x86_64-pc-linux-gnu/bin/../lib/gcc/nios2-elf/5.3.0/../../../../../H-x86_64-pc-linux-gnu/nios2-elf/lib/libc.a(lib_a-vfprintf.o)
                0x00000000000059c0                __vfprintf_internal
 .text.__sbprintf
                0x00000000000059dc       0xbc /home/leemarc/intelFPGA_lite/18.1/nios2eds/bin/gnu/H-x86_64-pc-linux-gnu/bin/../lib/gcc/nios2-elf/5.3.0/../../../../../H-x86_64-pc-linux-gnu/nios2-elf/lib/libc.a(lib_a-vfprintf.o)
 .text          0x0000000000005a98        0x0 /home/leemarc/intelFPGA_lite/18.1/nios2eds/bin/gnu/H-x86_64-pc-linux-gnu/bin/../lib/gcc/nios2-elf/5.3.0/../../../../../H-x86_64-pc-linux-gnu/nios2-elf/lib/libc.a(lib_a-wsetup.o)
 .text.__swsetup_r
                0x0000000000005a98      0x154 /home/leemarc/intelFPGA_lite/18.1/nios2eds/bin/gnu/H-x86_64-pc-linux-gnu/bin/../lib/gcc/nios2-elf/5.3.0/../../../../../H-x86_64-pc-linux-gnu/nios2-elf/lib/libc.a(lib_a-wsetup.o)
                0x0000000000005a98                __swsetup_r
 .text          0x0000000000005bec        0x0 /home/leemarc/intelFPGA_lite/18.1/nios2eds/bin/gnu/H-x86_64-pc-linux-gnu/bin/../lib/gcc/nios2-elf/5.3.0/../../../../../H-x86_64-pc-linux-gnu/nios2-elf/lib/libc.a(lib_a-dtoa.o)
 .text.quorem   0x0000000000005bec      0x200 /home/leemarc/intelFPGA_lite/18.1/nios2eds/bin/gnu/H-x86_64-pc-linux-gnu/bin/../lib/gcc/nios2-elf/5.3.0/../../../../../H-x86_64-pc-linux-gnu/nios2-elf/lib/libc.a(lib_a-dtoa.o)
 .text._dtoa_r  0x0000000000005dec     0x1688 /home/leemarc/intelFPGA_lite/18.1/nios2eds/bin/gnu/H-x86_64-pc-linux-gnu/bin/../lib/gcc/nios2-elf/5.3.0/../../../../../H-x86_64-pc-linux-gnu/nios2-elf/lib/libc.a(lib_a-dtoa.o)
                0x0000000000005dec                _dtoa_r
 .text          0x0000000000007474        0x0 /home/leemarc/intelFPGA_lite/18.1/nios2eds/bin/gnu/H-x86_64-pc-linux-gnu/bin/../lib/gcc/nios2-elf/5.3.0/../../../../../H-x86_64-pc-linux-gnu/nios2-elf/lib/libc.a(lib_a-fflush.o)
 .text.__sflush_r
                0x0000000000007474      0x21c /home/leemarc/intelFPGA_lite/18.1/nios2eds/bin/gnu/H-x86_64-pc-linux-gnu/bin/../lib/gcc/nios2-elf/5.3.0/../../../../../H-x86_64-pc-linux-gnu/nios2-elf/lib/libc.a(lib_a-fflush.o)
                0x0000000000007474                __sflush_r
 .text._fflush_r
                0x0000000000007690       0x5c /home/leemarc/intelFPGA_lite/18.1/nios2eds/bin/gnu/H-x86_64-pc-linux-gnu/bin/../lib/gcc/nios2-elf/5.3.0/../../../../../H-x86_64-pc-linux-gnu/nios2-elf/lib/libc.a(lib_a-fflush.o)
                0x0000000000007690                _fflush_r
 .text.fflush   0x00000000000076ec       0x30 /home/leemarc/intelFPGA_lite/18.1/nios2eds/bin/gnu/H-x86_64-pc-linux-gnu/bin/../lib/gcc/nios2-elf/5.3.0/../../../../../H-x86_64-pc-linux-gnu/nios2-elf/lib/libc.a(lib_a-fflush.o)
                0x00000000000076ec                fflush
 .text          0x000000000000771c        0x0 /home/leemarc/intelFPGA_lite/18.1/nios2eds/bin/gnu/H-x86_64-pc-linux-gnu/bin/../lib/gcc/nios2-elf/5.3.0/../../../../../H-x86_64-pc-linux-gnu/nios2-elf/lib/libc.a(lib_a-findfp.o)
 .text.__fp_unlock
                0x000000000000771c        0x8 /home/leemarc/intelFPGA_lite/18.1/nios2eds/bin/gnu/H-x86_64-pc-linux-gnu/bin/../lib/gcc/nios2-elf/5.3.0/../../../../../H-x86_64-pc-linux-gnu/nios2-elf/lib/libc.a(lib_a-findfp.o)
 .text._cleanup_r
                0x0000000000007724        0xc /home/leemarc/intelFPGA_lite/18.1/nios2eds/bin/gnu/H-x86_64-pc-linux-gnu/bin/../lib/gcc/nios2-elf/5.3.0/../../../../../H-x86_64-pc-linux-gnu/nios2-elf/lib/libc.a(lib_a-findfp.o)
                0x0000000000007724                _cleanup_r
 .text.__sinit.part.1
                0x0000000000007730      0x19c /home/leemarc/intelFPGA_lite/18.1/nios2eds/bin/gnu/H-x86_64-pc-linux-gnu/bin/../lib/gcc/nios2-elf/5.3.0/../../../../../H-x86_64-pc-linux-gnu/nios2-elf/lib/libc.a(lib_a-findfp.o)
 .text.__fp_lock
                0x00000000000078cc        0x8 /home/leemarc/intelFPGA_lite/18.1/nios2eds/bin/gnu/H-x86_64-pc-linux-gnu/bin/../lib/gcc/nios2-elf/5.3.0/../../../../../H-x86_64-pc-linux-gnu/nios2-elf/lib/libc.a(lib_a-findfp.o)
 .text.__sfmoreglue
                0x00000000000078d4       0x68 /home/leemarc/intelFPGA_lite/18.1/nios2eds/bin/gnu/H-x86_64-pc-linux-gnu/bin/../lib/gcc/nios2-elf/5.3.0/../../../../../H-x86_64-pc-linux-gnu/nios2-elf/lib/libc.a(lib_a-findfp.o)
                0x00000000000078d4                __sfmoreglue
 .text.__sfp    0x000000000000793c      0x118 /home/leemarc/intelFPGA_lite/18.1/nios2eds/bin/gnu/H-x86_64-pc-linux-gnu/bin/../lib/gcc/nios2-elf/5.3.0/../../../../../H-x86_64-pc-linux-gnu/nios2-elf/lib/libc.a(lib_a-findfp.o)
                0x000000000000793c                __sfp
 .text._cleanup
                0x0000000000007a54       0x18 /home/leemarc/intelFPGA_lite/18.1/nios2eds/bin/gnu/H-x86_64-pc-linux-gnu/bin/../lib/gcc/nios2-elf/5.3.0/../../../../../H-x86_64-pc-linux-gnu/nios2-elf/lib/libc.a(lib_a-findfp.o)
                0x0000000000007a54                _cleanup
 .text.__sinit  0x0000000000007a6c       0x10 /home/leemarc/intelFPGA_lite/18.1/nios2eds/bin/gnu/H-x86_64-pc-linux-gnu/bin/../lib/gcc/nios2-elf/5.3.0/../../../../../H-x86_64-pc-linux-gnu/nios2-elf/lib/libc.a(lib_a-findfp.o)
                0x0000000000007a6c                __sinit
 .text.__sfp_lock_acquire
                0x0000000000007a7c        0x4 /home/leemarc/intelFPGA_lite/18.1/nios2eds/bin/gnu/H-x86_64-pc-linux-gnu/bin/../lib/gcc/nios2-elf/5.3.0/../../../../../H-x86_64-pc-linux-gnu/nios2-elf/lib/libc.a(lib_a-findfp.o)
                0x0000000000007a7c                __sfp_lock_acquire
 .text.__sfp_lock_release
                0x0000000000007a80        0x4 /home/leemarc/intelFPGA_lite/18.1/nios2eds/bin/gnu/H-x86_64-pc-linux-gnu/bin/../lib/gcc/nios2-elf/5.3.0/../../../../../H-x86_64-pc-linux-gnu/nios2-elf/lib/libc.a(lib_a-findfp.o)
                0x0000000000007a80                __sfp_lock_release
 .text.__sinit_lock_acquire
                0x0000000000007a84        0x4 /home/leemarc/intelFPGA_lite/18.1/nios2eds/bin/gnu/H-x86_64-pc-linux-gnu/bin/../lib/gcc/nios2-elf/5.3.0/../../../../../H-x86_64-pc-linux-gnu/nios2-elf/lib/libc.a(lib_a-findfp.o)
                0x0000000000007a84                __sinit_lock_acquire
 .text.__sinit_lock_release
                0x0000000000007a88        0x4 /home/leemarc/intelFPGA_lite/18.1/nios2eds/bin/gnu/H-x86_64-pc-linux-gnu/bin/../lib/gcc/nios2-elf/5.3.0/../../../../../H-x86_64-pc-linux-gnu/nios2-elf/lib/libc.a(lib_a-findfp.o)
                0x0000000000007a88                __sinit_lock_release
 .text.__fp_lock_all
                0x0000000000007a8c       0x18 /home/leemarc/intelFPGA_lite/18.1/nios2eds/bin/gnu/H-x86_64-pc-linux-gnu/bin/../lib/gcc/nios2-elf/5.3.0/../../../../../H-x86_64-pc-linux-gnu/nios2-elf/lib/libc.a(lib_a-findfp.o)
                0x0000000000007a8c                __fp_lock_all
 .text.__fp_unlock_all
                0x0000000000007aa4       0x18 /home/leemarc/intelFPGA_lite/18.1/nios2eds/bin/gnu/H-x86_64-pc-linux-gnu/bin/../lib/gcc/nios2-elf/5.3.0/../../../../../H-x86_64-pc-linux-gnu/nios2-elf/lib/libc.a(lib_a-findfp.o)
                0x0000000000007aa4                __fp_unlock_all
 .text          0x0000000000007abc        0x0 /home/leemarc/intelFPGA_lite/18.1/nios2eds/bin/gnu/H-x86_64-pc-linux-gnu/bin/../lib/gcc/nios2-elf/5.3.0/../../../../../H-x86_64-pc-linux-gnu/nios2-elf/lib/libc.a(lib_a-freer.o)
 .text._malloc_trim_r
                0x0000000000007abc      0x124 /home/leemarc/intelFPGA_lite/18.1/nios2eds/bin/gnu/H-x86_64-pc-linux-gnu/bin/../lib/gcc/nios2-elf/5.3.0/../../../../../H-x86_64-pc-linux-gnu/nios2-elf/lib/libc.a(lib_a-freer.o)
                0x0000000000007abc                _malloc_trim_r
 .text._free_r  0x0000000000007be0      0x310 /home/leemarc/intelFPGA_lite/18.1/nios2eds/bin/gnu/H-x86_64-pc-linux-gnu/bin/../lib/gcc/nios2-elf/5.3.0/../../../../../H-x86_64-pc-linux-gnu/nios2-elf/lib/libc.a(lib_a-freer.o)
                0x0000000000007be0                _free_r
 .text          0x0000000000007ef0        0x0 /home/leemarc/intelFPGA_lite/18.1/nios2eds/bin/gnu/H-x86_64-pc-linux-gnu/bin/../lib/gcc/nios2-elf/5.3.0/../../../../../H-x86_64-pc-linux-gnu/nios2-elf/lib/libc.a(lib_a-fvwrite.o)
 .text.__sfvwrite_r
                0x0000000000007ef0      0x4bc /home/leemarc/intelFPGA_lite/18.1/nios2eds/bin/gnu/H-x86_64-pc-linux-gnu/bin/../lib/gcc/nios2-elf/5.3.0/../../../../../H-x86_64-pc-linux-gnu/nios2-elf/lib/libc.a(lib_a-fvwrite.o)
                0x0000000000007ef0                __sfvwrite_r
 .text          0x00000000000083ac        0x0 /home/leemarc/intelFPGA_lite/18.1/nios2eds/bin/gnu/H-x86_64-pc-linux-gnu/bin/../lib/gcc/nios2-elf/5.3.0/../../../../../H-x86_64-pc-linux-gnu/nios2-elf/lib/libc.a(lib_a-fwalk.o)
 .text._fwalk   0x00000000000083ac       0xc4 /home/leemarc/intelFPGA_lite/18.1/nios2eds/bin/gnu/H-x86_64-pc-linux-gnu/bin/../lib/gcc/nios2-elf/5.3.0/../../../../../H-x86_64-pc-linux-gnu/nios2-elf/lib/libc.a(lib_a-fwalk.o)
                0x00000000000083ac                _fwalk
 .text._fwalk_reent
                0x0000000000008470       0xc4 /home/leemarc/intelFPGA_lite/18.1/nios2eds/bin/gnu/H-x86_64-pc-linux-gnu/bin/../lib/gcc/nios2-elf/5.3.0/../../../../../H-x86_64-pc-linux-gnu/nios2-elf/lib/libc.a(lib_a-fwalk.o)
                0x0000000000008470                _fwalk_reent
 .text          0x0000000000008534        0x0 /home/leemarc/intelFPGA_lite/18.1/nios2eds/bin/gnu/H-x86_64-pc-linux-gnu/bin/../lib/gcc/nios2-elf/5.3.0/../../../../../H-x86_64-pc-linux-gnu/nios2-elf/lib/libc.a(lib_a-impure.o)
 .text          0x0000000000008534        0x0 /home/leemarc/intelFPGA_lite/18.1/nios2eds/bin/gnu/H-x86_64-pc-linux-gnu/bin/../lib/gcc/nios2-elf/5.3.0/../../../../../H-x86_64-pc-linux-gnu/nios2-elf/lib/libc.a(lib_a-int_errno.o)
 .text          0x0000000000008534        0x0 /home/leemarc/intelFPGA_lite/18.1/nios2eds/bin/gnu/H-x86_64-pc-linux-gnu/bin/../lib/gcc/nios2-elf/5.3.0/../../../../../H-x86_64-pc-linux-gnu/nios2-elf/lib/libc.a(lib_a-locale.o)
 .text._setlocale_r
                0x0000000000008534       0x7c /home/leemarc/intelFPGA_lite/18.1/nios2eds/bin/gnu/H-x86_64-pc-linux-gnu/bin/../lib/gcc/nios2-elf/5.3.0/../../../../../H-x86_64-pc-linux-gnu/nios2-elf/lib/libc.a(lib_a-locale.o)
                0x0000000000008534                _setlocale_r
 .text.__locale_charset
                0x00000000000085b0        0xc /home/leemarc/intelFPGA_lite/18.1/nios2eds/bin/gnu/H-x86_64-pc-linux-gnu/bin/../lib/gcc/nios2-elf/5.3.0/../../../../../H-x86_64-pc-linux-gnu/nios2-elf/lib/libc.a(lib_a-locale.o)
                0x00000000000085b0                __locale_charset
 .text.__locale_mb_cur_max
                0x00000000000085bc       0x10 /home/leemarc/intelFPGA_lite/18.1/nios2eds/bin/gnu/H-x86_64-pc-linux-gnu/bin/../lib/gcc/nios2-elf/5.3.0/../../../../../H-x86_64-pc-linux-gnu/nios2-elf/lib/libc.a(lib_a-locale.o)
                0x00000000000085bc                __locale_mb_cur_max
 .text.__locale_msgcharset
                0x00000000000085cc        0xc /home/leemarc/intelFPGA_lite/18.1/nios2eds/bin/gnu/H-x86_64-pc-linux-gnu/bin/../lib/gcc/nios2-elf/5.3.0/../../../../../H-x86_64-pc-linux-gnu/nios2-elf/lib/libc.a(lib_a-locale.o)
                0x00000000000085cc                __locale_msgcharset
 .text.__locale_cjk_lang
                0x00000000000085d8        0x8 /home/leemarc/intelFPGA_lite/18.1/nios2eds/bin/gnu/H-x86_64-pc-linux-gnu/bin/../lib/gcc/nios2-elf/5.3.0/../../../../../H-x86_64-pc-linux-gnu/nios2-elf/lib/libc.a(lib_a-locale.o)
                0x00000000000085d8                __locale_cjk_lang
 .text._localeconv_r
                0x00000000000085e0        0xc /home/leemarc/intelFPGA_lite/18.1/nios2eds/bin/gnu/H-x86_64-pc-linux-gnu/bin/../lib/gcc/nios2-elf/5.3.0/../../../../../H-x86_64-pc-linux-gnu/nios2-elf/lib/libc.a(lib_a-locale.o)
                0x00000000000085e0                _localeconv_r
 .text.setlocale
                0x00000000000085ec       0x18 /home/leemarc/intelFPGA_lite/18.1/nios2eds/bin/gnu/H-x86_64-pc-linux-gnu/bin/../lib/gcc/nios2-elf/5.3.0/../../../../../H-x86_64-pc-linux-gnu/nios2-elf/lib/libc.a(lib_a-locale.o)
                0x00000000000085ec                setlocale
 .text.localeconv
                0x0000000000008604        0xc /home/leemarc/intelFPGA_lite/18.1/nios2eds/bin/gnu/H-x86_64-pc-linux-gnu/bin/../lib/gcc/nios2-elf/5.3.0/../../../../../H-x86_64-pc-linux-gnu/nios2-elf/lib/libc.a(lib_a-locale.o)
                0x0000000000008604                localeconv
 .text          0x0000000000008610        0x0 /home/leemarc/intelFPGA_lite/18.1/nios2eds/bin/gnu/H-x86_64-pc-linux-gnu/bin/../lib/gcc/nios2-elf/5.3.0/../../../../../H-x86_64-pc-linux-gnu/nios2-elf/lib/libc.a(lib_a-makebuf.o)
 .text.__smakebuf_r
                0x0000000000008610      0x1bc /home/leemarc/intelFPGA_lite/18.1/nios2eds/bin/gnu/H-x86_64-pc-linux-gnu/bin/../lib/gcc/nios2-elf/5.3.0/../../../../../H-x86_64-pc-linux-gnu/nios2-elf/lib/libc.a(lib_a-makebuf.o)
                0x0000000000008610                __smakebuf_r
 .text          0x00000000000087cc        0x0 /home/leemarc/intelFPGA_lite/18.1/nios2eds/bin/gnu/H-x86_64-pc-linux-gnu/bin/../lib/gcc/nios2-elf/5.3.0/../../../../../H-x86_64-pc-linux-gnu/nios2-elf/lib/libc.a(lib_a-memchr.o)
 .text.memchr   0x00000000000087cc       0xe4 /home/leemarc/intelFPGA_lite/18.1/nios2eds/bin/gnu/H-x86_64-pc-linux-gnu/bin/../lib/gcc/nios2-elf/5.3.0/../../../../../H-x86_64-pc-linux-gnu/nios2-elf/lib/libc.a(lib_a-memchr.o)
                0x00000000000087cc                memchr
 .text          0x00000000000088b0        0x0 /home/leemarc/intelFPGA_lite/18.1/nios2eds/bin/gnu/H-x86_64-pc-linux-gnu/bin/../lib/gcc/nios2-elf/5.3.0/../../../../../H-x86_64-pc-linux-gnu/nios2-elf/lib/libc.a(lib_a-memcpy.o)
 .text.memcpy   0x00000000000088b0      0x148 /home/leemarc/intelFPGA_lite/18.1/nios2eds/bin/gnu/H-x86_64-pc-linux-gnu/bin/../lib/gcc/nios2-elf/5.3.0/../../../../../H-x86_64-pc-linux-gnu/nios2-elf/lib/libc.a(lib_a-memcpy.o)
                0x00000000000088b0                memcpy
 .text          0x00000000000089f8        0x0 /home/leemarc/intelFPGA_lite/18.1/nios2eds/bin/gnu/H-x86_64-pc-linux-gnu/bin/../lib/gcc/nios2-elf/5.3.0/../../../../../H-x86_64-pc-linux-gnu/nios2-elf/lib/libc.a(lib_a-memmove.o)
 .text.memmove  0x00000000000089f8      0x15c /home/leemarc/intelFPGA_lite/18.1/nios2eds/bin/gnu/H-x86_64-pc-linux-gnu/bin/../lib/gcc/nios2-elf/5.3.0/../../../../../H-x86_64-pc-linux-gnu/nios2-elf/lib/libc.a(lib_a-memmove.o)
                0x00000000000089f8                memmove
 .text          0x0000000000008b54        0x0 /home/leemarc/intelFPGA_lite/18.1/nios2eds/bin/gnu/H-x86_64-pc-linux-gnu/bin/../lib/gcc/nios2-elf/5.3.0/../../../../../H-x86_64-pc-linux-gnu/nios2-elf/lib/libc.a(lib_a-memset.o)
 .text.memset   0x0000000000008b54      0x128 /home/leemarc/intelFPGA_lite/18.1/nios2eds/bin/gnu/H-x86_64-pc-linux-gnu/bin/../lib/gcc/nios2-elf/5.3.0/../../../../../H-x86_64-pc-linux-gnu/nios2-elf/lib/libc.a(lib_a-memset.o)
                0x0000000000008b54                memset
 .text          0x0000000000008c7c        0x0 /home/leemarc/intelFPGA_lite/18.1/nios2eds/bin/gnu/H-x86_64-pc-linux-gnu/bin/../lib/gcc/nios2-elf/5.3.0/../../../../../H-x86_64-pc-linux-gnu/nios2-elf/lib/libc.a(lib_a-mprec.o)
 .text._Balloc  0x0000000000008c7c       0xa8 /home/leemarc/intelFPGA_lite/18.1/nios2eds/bin/gnu/H-x86_64-pc-linux-gnu/bin/../lib/gcc/nios2-elf/5.3.0/../../../../../H-x86_64-pc-linux-gnu/nios2-elf/lib/libc.a(lib_a-mprec.o)
                0x0000000000008c7c                _Balloc
 .text._Bfree   0x0000000000008d24       0x28 /home/leemarc/intelFPGA_lite/18.1/nios2eds/bin/gnu/H-x86_64-pc-linux-gnu/bin/../lib/gcc/nios2-elf/5.3.0/../../../../../H-x86_64-pc-linux-gnu/nios2-elf/lib/libc.a(lib_a-mprec.o)
                0x0000000000008d24                _Bfree
 .text.__multadd
                0x0000000000008d4c      0x120 /home/leemarc/intelFPGA_lite/18.1/nios2eds/bin/gnu/H-x86_64-pc-linux-gnu/bin/../lib/gcc/nios2-elf/5.3.0/../../../../../H-x86_64-pc-linux-gnu/nios2-elf/lib/libc.a(lib_a-mprec.o)
                0x0000000000008d4c                __multadd
 .text.__s2b    0x0000000000008e6c      0x104 /home/leemarc/intelFPGA_lite/18.1/nios2eds/bin/gnu/H-x86_64-pc-linux-gnu/bin/../lib/gcc/nios2-elf/5.3.0/../../../../../H-x86_64-pc-linux-gnu/nios2-elf/lib/libc.a(lib_a-mprec.o)
                0x0000000000008e6c                __s2b
 .text.__hi0bits
                0x0000000000008f70       0x68 /home/leemarc/intelFPGA_lite/18.1/nios2eds/bin/gnu/H-x86_64-pc-linux-gnu/bin/../lib/gcc/nios2-elf/5.3.0/../../../../../H-x86_64-pc-linux-gnu/nios2-elf/lib/libc.a(lib_a-mprec.o)
                0x0000000000008f70                __hi0bits
 .text.__lo0bits
                0x0000000000008fd8       0xb0 /home/leemarc/intelFPGA_lite/18.1/nios2eds/bin/gnu/H-x86_64-pc-linux-gnu/bin/../lib/gcc/nios2-elf/5.3.0/../../../../../H-x86_64-pc-linux-gnu/nios2-elf/lib/libc.a(lib_a-mprec.o)
                0x0000000000008fd8                __lo0bits
 .text.__i2b    0x0000000000009088       0x3c /home/leemarc/intelFPGA_lite/18.1/nios2eds/bin/gnu/H-x86_64-pc-linux-gnu/bin/../lib/gcc/nios2-elf/5.3.0/../../../../../H-x86_64-pc-linux-gnu/nios2-elf/lib/libc.a(lib_a-mprec.o)
                0x0000000000009088                __i2b
 .text.__multiply
                0x00000000000090c4      0x1f8 /home/leemarc/intelFPGA_lite/18.1/nios2eds/bin/gnu/H-x86_64-pc-linux-gnu/bin/../lib/gcc/nios2-elf/5.3.0/../../../../../H-x86_64-pc-linux-gnu/nios2-elf/lib/libc.a(lib_a-mprec.o)
                0x00000000000090c4                __multiply
 .text.__pow5mult
                0x00000000000092bc      0x140 /home/leemarc/intelFPGA_lite/18.1/nios2eds/bin/gnu/H-x86_64-pc-linux-gnu/bin/../lib/gcc/nios2-elf/5.3.0/../../../../../H-x86_64-pc-linux-gnu/nios2-elf/lib/libc.a(lib_a-mprec.o)
                0x00000000000092bc                __pow5mult
 .text.__lshift
                0x00000000000093fc      0x148 /home/leemarc/intelFPGA_lite/18.1/nios2eds/bin/gnu/H-x86_64-pc-linux-gnu/bin/../lib/gcc/nios2-elf/5.3.0/../../../../../H-x86_64-pc-linux-gnu/nios2-elf/lib/libc.a(lib_a-mprec.o)
                0x00000000000093fc                __lshift
 .text.__mcmp   0x0000000000009544       0x60 /home/leemarc/intelFPGA_lite/18.1/nios2eds/bin/gnu/H-x86_64-pc-linux-gnu/bin/../lib/gcc/nios2-elf/5.3.0/../../../../../H-x86_64-pc-linux-gnu/nios2-elf/lib/libc.a(lib_a-mprec.o)
                0x0000000000009544                __mcmp
 .text.__mdiff  0x00000000000095a4      0x1fc /home/leemarc/intelFPGA_lite/18.1/nios2eds/bin/gnu/H-x86_64-pc-linux-gnu/bin/../lib/gcc/nios2-elf/5.3.0/../../../../../H-x86_64-pc-linux-gnu/nios2-elf/lib/libc.a(lib_a-mprec.o)
                0x00000000000095a4                __mdiff
 .text.__ulp    0x00000000000097a0       0x64 /home/leemarc/intelFPGA_lite/18.1/nios2eds/bin/gnu/H-x86_64-pc-linux-gnu/bin/../lib/gcc/nios2-elf/5.3.0/../../../../../H-x86_64-pc-linux-gnu/nios2-elf/lib/libc.a(lib_a-mprec.o)
                0x00000000000097a0                __ulp
 .text.__b2d    0x0000000000009804      0x10c /home/leemarc/intelFPGA_lite/18.1/nios2eds/bin/gnu/H-x86_64-pc-linux-gnu/bin/../lib/gcc/nios2-elf/5.3.0/../../../../../H-x86_64-pc-linux-gnu/nios2-elf/lib/libc.a(lib_a-mprec.o)
                0x0000000000009804                __b2d
 .text.__d2b    0x0000000000009910      0x14c /home/leemarc/intelFPGA_lite/18.1/nios2eds/bin/gnu/H-x86_64-pc-linux-gnu/bin/../lib/gcc/nios2-elf/5.3.0/../../../../../H-x86_64-pc-linux-gnu/nios2-elf/lib/libc.a(lib_a-mprec.o)
                0x0000000000009910                __d2b
 .text.__ratio  0x0000000000009a5c       0xa4 /home/leemarc/intelFPGA_lite/18.1/nios2eds/bin/gnu/H-x86_64-pc-linux-gnu/bin/../lib/gcc/nios2-elf/5.3.0/../../../../../H-x86_64-pc-linux-gnu/nios2-elf/lib/libc.a(lib_a-mprec.o)
                0x0000000000009a5c                __ratio
 .text._mprec_log10
                0x0000000000009b00       0x74 /home/leemarc/intelFPGA_lite/18.1/nios2eds/bin/gnu/H-x86_64-pc-linux-gnu/bin/../lib/gcc/nios2-elf/5.3.0/../../../../../H-x86_64-pc-linux-gnu/nios2-elf/lib/libc.a(lib_a-mprec.o)
                0x0000000000009b00                _mprec_log10
 .text.__copybits
                0x0000000000009b74       0x78 /home/leemarc/intelFPGA_lite/18.1/nios2eds/bin/gnu/H-x86_64-pc-linux-gnu/bin/../lib/gcc/nios2-elf/5.3.0/../../../../../H-x86_64-pc-linux-gnu/nios2-elf/lib/libc.a(lib_a-mprec.o)
                0x0000000000009b74                __copybits
 .text.__any_on
                0x0000000000009bec       0x8c /home/leemarc/intelFPGA_lite/18.1/nios2eds/bin/gnu/H-x86_64-pc-linux-gnu/bin/../lib/gcc/nios2-elf/5.3.0/../../../../../H-x86_64-pc-linux-gnu/nios2-elf/lib/libc.a(lib_a-mprec.o)
                0x0000000000009bec                __any_on
 .text          0x0000000000009c78        0x0 /home/leemarc/intelFPGA_lite/18.1/nios2eds/bin/gnu/H-x86_64-pc-linux-gnu/bin/../lib/gcc/nios2-elf/5.3.0/../../../../../H-x86_64-pc-linux-gnu/nios2-elf/lib/libc.a(lib_a-reallocr.o)
 .text._realloc_r
                0x0000000000009c78      0x564 /home/leemarc/intelFPGA_lite/18.1/nios2eds/bin/gnu/H-x86_64-pc-linux-gnu/bin/../lib/gcc/nios2-elf/5.3.0/../../../../../H-x86_64-pc-linux-gnu/nios2-elf/lib/libc.a(lib_a-reallocr.o)
                0x0000000000009c78                _realloc_r
 .text          0x000000000000a1dc        0x0 /home/leemarc/intelFPGA_lite/18.1/nios2eds/bin/gnu/H-x86_64-pc-linux-gnu/bin/../lib/gcc/nios2-elf/5.3.0/../../../../../H-x86_64-pc-linux-gnu/nios2-elf/lib/libc.a(lib_a-s_fpclassify.o)
 .text.__fpclassifyd
                0x000000000000a1dc       0x74 /home/leemarc/intelFPGA_lite/18.1/nios2eds/bin/gnu/H-x86_64-pc-linux-gnu/bin/../lib/gcc/nios2-elf/5.3.0/../../../../../H-x86_64-pc-linux-gnu/nios2-elf/lib/libc.a(lib_a-s_fpclassify.o)
                0x000000000000a1dc                __fpclassifyd
 .text          0x000000000000a250        0x0 /home/leemarc/intelFPGA_lite/18.1/nios2eds/bin/gnu/H-x86_64-pc-linux-gnu/bin/../lib/gcc/nios2-elf/5.3.0/../../../../../H-x86_64-pc-linux-gnu/nios2-elf/lib/libc.a(lib_a-stdio.o)
 .text.__sread  0x000000000000a250       0x54 /home/leemarc/intelFPGA_lite/18.1/nios2eds/bin/gnu/H-x86_64-pc-linux-gnu/bin/../lib/gcc/nios2-elf/5.3.0/../../../../../H-x86_64-pc-linux-gnu/nios2-elf/lib/libc.a(lib_a-stdio.o)
                0x000000000000a250                __sread
 .text.__seofread
                0x000000000000a2a4        0x8 /home/leemarc/intelFPGA_lite/18.1/nios2eds/bin/gnu/H-x86_64-pc-linux-gnu/bin/../lib/gcc/nios2-elf/5.3.0/../../../../../H-x86_64-pc-linux-gnu/nios2-elf/lib/libc.a(lib_a-stdio.o)
                0x000000000000a2a4                __seofread
 .text.__swrite
                0x000000000000a2ac       0x7c /home/leemarc/intelFPGA_lite/18.1/nios2eds/bin/gnu/H-x86_64-pc-linux-gnu/bin/../lib/gcc/nios2-elf/5.3.0/../../../../../H-x86_64-pc-linux-gnu/nios2-elf/lib/libc.a(lib_a-stdio.o)
                0x000000000000a2ac                __swrite
 .text.__sseek  0x000000000000a328       0x5c /home/leemarc/intelFPGA_lite/18.1/nios2eds/bin/gnu/H-x86_64-pc-linux-gnu/bin/../lib/gcc/nios2-elf/5.3.0/../../../../../H-x86_64-pc-linux-gnu/nios2-elf/lib/libc.a(lib_a-stdio.o)
                0x000000000000a328                __sseek
 .text.__sclose
                0x000000000000a384        0x8 /home/leemarc/intelFPGA_lite/18.1/nios2eds/bin/gnu/H-x86_64-pc-linux-gnu/bin/../lib/gcc/nios2-elf/5.3.0/../../../../../H-x86_64-pc-linux-gnu/nios2-elf/lib/libc.a(lib_a-stdio.o)
                0x000000000000a384                __sclose
 .text          0x000000000000a38c        0x0 /home/leemarc/intelFPGA_lite/18.1/nios2eds/bin/gnu/H-x86_64-pc-linux-gnu/bin/../lib/gcc/nios2-elf/5.3.0/../../../../../H-x86_64-pc-linux-gnu/nios2-elf/lib/libc.a(lib_a-strcmp.o)
 .text.strcmp   0x000000000000a38c       0xdc /home/leemarc/intelFPGA_lite/18.1/nios2eds/bin/gnu/H-x86_64-pc-linux-gnu/bin/../lib/gcc/nios2-elf/5.3.0/../../../../../H-x86_64-pc-linux-gnu/nios2-elf/lib/libc.a(lib_a-strcmp.o)
                0x000000000000a38c                strcmp
 .text          0x000000000000a468        0x0 /home/leemarc/intelFPGA_lite/18.1/nios2eds/bin/gnu/H-x86_64-pc-linux-gnu/bin/../lib/gcc/nios2-elf/5.3.0/../../../../../H-x86_64-pc-linux-gnu/nios2-elf/lib/libc.a(lib_a-vfiprintf.o)
 .text.__sprint_r.part.0
                0x000000000000a468       0xfc /home/leemarc/intelFPGA_lite/18.1/nios2eds/bin/gnu/H-x86_64-pc-linux-gnu/bin/../lib/gcc/nios2-elf/5.3.0/../../../../../H-x86_64-pc-linux-gnu/nios2-elf/lib/libc.a(lib_a-vfiprintf.o)
 .text.__sprint_r
                0x000000000000a564       0x18 /home/leemarc/intelFPGA_lite/18.1/nios2eds/bin/gnu/H-x86_64-pc-linux-gnu/bin/../lib/gcc/nios2-elf/5.3.0/../../../../../H-x86_64-pc-linux-gnu/nios2-elf/lib/libc.a(lib_a-vfiprintf.o)
                0x000000000000a564                __sprint_r
 .text.___vfiprintf_internal_r
                0x000000000000a57c     0x145c /home/leemarc/intelFPGA_lite/18.1/nios2eds/bin/gnu/H-x86_64-pc-linux-gnu/bin/../lib/gcc/nios2-elf/5.3.0/../../../../../H-x86_64-pc-linux-gnu/nios2-elf/lib/libc.a(lib_a-vfiprintf.o)
                0x000000000000a57c                ___vfiprintf_internal_r
 .text.__vfiprintf_internal
                0x000000000000b9d8       0x1c /home/leemarc/intelFPGA_lite/18.1/nios2eds/bin/gnu/H-x86_64-pc-linux-gnu/bin/../lib/gcc/nios2-elf/5.3.0/../../../../../H-x86_64-pc-linux-gnu/nios2-elf/lib/libc.a(lib_a-vfiprintf.o)
                0x000000000000b9d8                __vfiprintf_internal
 .text.__sbprintf
                0x000000000000b9f4       0xbc /home/leemarc/intelFPGA_lite/18.1/nios2eds/bin/gnu/H-x86_64-pc-linux-gnu/bin/../lib/gcc/nios2-elf/5.3.0/../../../../../H-x86_64-pc-linux-gnu/nios2-elf/lib/libc.a(lib_a-vfiprintf.o)
 .text          0x000000000000bab0        0x0 /home/leemarc/intelFPGA_lite/18.1/nios2eds/bin/gnu/H-x86_64-pc-linux-gnu/bin/../lib/gcc/nios2-elf/5.3.0/../../../../../H-x86_64-pc-linux-gnu/nios2-elf/lib/libc.a(lib_a-writer.o)
 .text._write_r
                0x000000000000bab0       0x60 /home/leemarc/intelFPGA_lite/18.1/nios2eds/bin/gnu/H-x86_64-pc-linux-gnu/bin/../lib/gcc/nios2-elf/5.3.0/../../../../../H-x86_64-pc-linux-gnu/nios2-elf/lib/libc.a(lib_a-writer.o)
                0x000000000000bab0                _write_r
 .text          0x000000000000bb10        0x0 /home/leemarc/intelFPGA_lite/18.1/nios2eds/bin/gnu/H-x86_64-pc-linux-gnu/bin/../lib/gcc/nios2-elf/5.3.0/../../../../../H-x86_64-pc-linux-gnu/nios2-elf/lib/libc.a(closer.o)
 .text._close_r
                0x000000000000bb10       0x54 /home/leemarc/intelFPGA_lite/18.1/nios2eds/bin/gnu/H-x86_64-pc-linux-gnu/bin/../lib/gcc/nios2-elf/5.3.0/../../../../../H-x86_64-pc-linux-gnu/nios2-elf/lib/libc.a(closer.o)
                0x000000000000bb10                _close_r
 .text          0x000000000000bb64        0x0 /home/leemarc/intelFPGA_lite/18.1/nios2eds/bin/gnu/H-x86_64-pc-linux-gnu/bin/../lib/gcc/nios2-elf/5.3.0/../../../../../H-x86_64-pc-linux-gnu/nios2-elf/lib/libc.a(lib_a-callocr.o)
 .text._calloc_r
                0x000000000000bb64       0xc4 /home/leemarc/intelFPGA_lite/18.1/nios2eds/bin/gnu/H-x86_64-pc-linux-gnu/bin/../lib/gcc/nios2-elf/5.3.0/../../../../../H-x86_64-pc-linux-gnu/nios2-elf/lib/libc.a(lib_a-callocr.o)
                0x000000000000bb64                _calloc_r
 .text          0x000000000000bc28        0x0 /home/leemarc/intelFPGA_lite/18.1/nios2eds/bin/gnu/H-x86_64-pc-linux-gnu/bin/../lib/gcc/nios2-elf/5.3.0/../../../../../H-x86_64-pc-linux-gnu/nios2-elf/lib/libc.a(lib_a-fclose.o)
 .text._fclose_r
                0x000000000000bc28       0xf0 /home/leemarc/intelFPGA_lite/18.1/nios2eds/bin/gnu/H-x86_64-pc-linux-gnu/bin/../lib/gcc/nios2-elf/5.3.0/../../../../../H-x86_64-pc-linux-gnu/nios2-elf/lib/libc.a(lib_a-fclose.o)
                0x000000000000bc28                _fclose_r
 .text.fclose   0x000000000000bd18       0x14 /home/leemarc/intelFPGA_lite/18.1/nios2eds/bin/gnu/H-x86_64-pc-linux-gnu/bin/../lib/gcc/nios2-elf/5.3.0/../../../../../H-x86_64-pc-linux-gnu/nios2-elf/lib/libc.a(lib_a-fclose.o)
                0x000000000000bd18                fclose
 .text          0x000000000000bd2c        0x0 /home/leemarc/intelFPGA_lite/18.1/nios2eds/bin/gnu/H-x86_64-pc-linux-gnu/bin/../lib/gcc/nios2-elf/5.3.0/../../../../../H-x86_64-pc-linux-gnu/nios2-elf/lib/libc.a(lib_a-fputwc.o)
 .text.__fputwc
                0x000000000000bd2c      0x164 /home/leemarc/intelFPGA_lite/18.1/nios2eds/bin/gnu/H-x86_64-pc-linux-gnu/bin/../lib/gcc/nios2-elf/5.3.0/../../../../../H-x86_64-pc-linux-gnu/nios2-elf/lib/libc.a(lib_a-fputwc.o)
                0x000000000000bd2c                __fputwc
 .text._fputwc_r
                0x000000000000be90       0x24 /home/leemarc/intelFPGA_lite/18.1/nios2eds/bin/gnu/H-x86_64-pc-linux-gnu/bin/../lib/gcc/nios2-elf/5.3.0/../../../../../H-x86_64-pc-linux-gnu/nios2-elf/lib/libc.a(lib_a-fputwc.o)
                0x000000000000be90                _fputwc_r
 .text.fputwc   0x000000000000beb4       0x80 /home/leemarc/intelFPGA_lite/18.1/nios2eds/bin/gnu/H-x86_64-pc-linux-gnu/bin/../lib/gcc/nios2-elf/5.3.0/../../../../../H-x86_64-pc-linux-gnu/nios2-elf/lib/libc.a(lib_a-fputwc.o)
                0x000000000000beb4                fputwc
 .text          0x000000000000bf34        0x0 /home/leemarc/intelFPGA_lite/18.1/nios2eds/bin/gnu/H-x86_64-pc-linux-gnu/bin/../lib/gcc/nios2-elf/5.3.0/../../../../../H-x86_64-pc-linux-gnu/nios2-elf/lib/libc.a(lib_a-fstatr.o)
 .text._fstat_r
                0x000000000000bf34       0x5c /home/leemarc/intelFPGA_lite/18.1/nios2eds/bin/gnu/H-x86_64-pc-linux-gnu/bin/../lib/gcc/nios2-elf/5.3.0/../../../../../H-x86_64-pc-linux-gnu/nios2-elf/lib/libc.a(lib_a-fstatr.o)
                0x000000000000bf34                _fstat_r
 .text          0x000000000000bf90        0x0 /home/leemarc/intelFPGA_lite/18.1/nios2eds/bin/gnu/H-x86_64-pc-linux-gnu/bin/../lib/gcc/nios2-elf/5.3.0/../../../../../H-x86_64-pc-linux-gnu/nios2-elf/lib/libc.a(lib_a-isattyr.o)
 .text._isatty_r
                0x000000000000bf90       0x54 /home/leemarc/intelFPGA_lite/18.1/nios2eds/bin/gnu/H-x86_64-pc-linux-gnu/bin/../lib/gcc/nios2-elf/5.3.0/../../../../../H-x86_64-pc-linux-gnu/nios2-elf/lib/libc.a(lib_a-isattyr.o)
                0x000000000000bf90                _isatty_r
 .text          0x000000000000bfe4        0x0 /home/leemarc/intelFPGA_lite/18.1/nios2eds/bin/gnu/H-x86_64-pc-linux-gnu/bin/../lib/gcc/nios2-elf/5.3.0/../../../../../H-x86_64-pc-linux-gnu/nios2-elf/lib/libc.a(lib_a-lseekr.o)
 .text._lseek_r
                0x000000000000bfe4       0x60 /home/leemarc/intelFPGA_lite/18.1/nios2eds/bin/gnu/H-x86_64-pc-linux-gnu/bin/../lib/gcc/nios2-elf/5.3.0/../../../../../H-x86_64-pc-linux-gnu/nios2-elf/lib/libc.a(lib_a-lseekr.o)
                0x000000000000bfe4                _lseek_r
 .text          0x000000000000c044        0x0 /home/leemarc/intelFPGA_lite/18.1/nios2eds/bin/gnu/H-x86_64-pc-linux-gnu/bin/../lib/gcc/nios2-elf/5.3.0/../../../../../H-x86_64-pc-linux-gnu/nios2-elf/lib/libc.a(lib_a-readr.o)
 .text._read_r  0x000000000000c044       0x60 /home/leemarc/intelFPGA_lite/18.1/nios2eds/bin/gnu/H-x86_64-pc-linux-gnu/bin/../lib/gcc/nios2-elf/5.3.0/../../../../../H-x86_64-pc-linux-gnu/nios2-elf/lib/libc.a(lib_a-readr.o)
                0x000000000000c044                _read_r
 .text          0x000000000000c0a4        0x0 /home/leemarc/intelFPGA_lite/18.1/nios2eds/bin/gnu/H-x86_64-pc-linux-gnu/bin/../lib/gcc/nios2-elf/5.3.0/../../../../../H-x86_64-pc-linux-gnu/nios2-elf/lib/libc.a(lib_a-wbuf.o)
 .text.__swbuf_r
                0x000000000000c0a4      0x140 /home/leemarc/intelFPGA_lite/18.1/nios2eds/bin/gnu/H-x86_64-pc-linux-gnu/bin/../lib/gcc/nios2-elf/5.3.0/../../../../../H-x86_64-pc-linux-gnu/nios2-elf/lib/libc.a(lib_a-wbuf.o)
                0x000000000000c0a4                __swbuf_r
 .text.__swbuf  0x000000000000c1e4       0x18 /home/leemarc/intelFPGA_lite/18.1/nios2eds/bin/gnu/H-x86_64-pc-linux-gnu/bin/../lib/gcc/nios2-elf/5.3.0/../../../../../H-x86_64-pc-linux-gnu/nios2-elf/lib/libc.a(lib_a-wbuf.o)
                0x000000000000c1e4                __swbuf
 .text          0x000000000000c1fc        0x0 /home/leemarc/intelFPGA_lite/18.1/nios2eds/bin/gnu/H-x86_64-pc-linux-gnu/bin/../lib/gcc/nios2-elf/5.3.0/../../../../../H-x86_64-pc-linux-gnu/nios2-elf/lib/libc.a(lib_a-wcrtomb.o)
 .text._wcrtomb_r
                0x000000000000c1fc       0x9c /home/leemarc/intelFPGA_lite/18.1/nios2eds/bin/gnu/H-x86_64-pc-linux-gnu/bin/../lib/gcc/nios2-elf/5.3.0/../../../../../H-x86_64-pc-linux-gnu/nios2-elf/lib/libc.a(lib_a-wcrtomb.o)
                0x000000000000c1fc                _wcrtomb_r
 .text.wcrtomb  0x000000000000c298       0xc0 /home/leemarc/intelFPGA_lite/18.1/nios2eds/bin/gnu/H-x86_64-pc-linux-gnu/bin/../lib/gcc/nios2-elf/5.3.0/../../../../../H-x86_64-pc-linux-gnu/nios2-elf/lib/libc.a(lib_a-wcrtomb.o)
                0x000000000000c298                wcrtomb
 .text          0x000000000000c358        0x0 /home/leemarc/intelFPGA_lite/18.1/nios2eds/bin/gnu/H-x86_64-pc-linux-gnu/bin/../lib/gcc/nios2-elf/5.3.0/../../../../../H-x86_64-pc-linux-gnu/nios2-elf/lib/libc.a(lib_a-wctomb_r.o)
 .text.__ascii_wctomb
                0x000000000000c358       0x30 /home/leemarc/intelFPGA_lite/18.1/nios2eds/bin/gnu/H-x86_64-pc-linux-gnu/bin/../lib/gcc/nios2-elf/5.3.0/../../../../../H-x86_64-pc-linux-gnu/nios2-elf/lib/libc.a(lib_a-wctomb_r.o)
                0x000000000000c358                __ascii_wctomb
 .text._wctomb_r
                0x000000000000c388       0x5c /home/leemarc/intelFPGA_lite/18.1/nios2eds/bin/gnu/H-x86_64-pc-linux-gnu/bin/../lib/gcc/nios2-elf/5.3.0/../../../../../H-x86_64-pc-linux-gnu/nios2-elf/lib/libc.a(lib_a-wctomb_r.o)
                0x000000000000c388                _wctomb_r
 .text          0x000000000000c3e4      0x578 /home/leemarc/intelFPGA_lite/18.1/nios2eds/bin/gnu/H-x86_64-pc-linux-gnu/bin/../lib/gcc/nios2-elf/5.3.0/libgcc.a(_udivdi3.o)
                0x000000000000c3e4                __udivdi3
 .text          0x000000000000c95c      0x538 /home/leemarc/intelFPGA_lite/18.1/nios2eds/bin/gnu/H-x86_64-pc-linux-gnu/bin/../lib/gcc/nios2-elf/5.3.0/libgcc.a(_umoddi3.o)
                0x000000000000c95c                __umoddi3
 .text          0x000000000000ce94      0x1b4 /home/leemarc/intelFPGA_lite/18.1/nios2eds/bin/gnu/H-x86_64-pc-linux-gnu/bin/../lib/gcc/nios2-elf/5.3.0/libgcc.a(lib2-divmod.o)
                0x000000000000ce94                __divsi3
                0x000000000000cf18                __modsi3
                0x000000000000cf8c                __udivsi3
                0x000000000000cff0                __umodsi3
 .text          0x000000000000d048      0x8ac /home/leemarc/intelFPGA_lite/18.1/nios2eds/bin/gnu/H-x86_64-pc-linux-gnu/bin/../lib/gcc/nios2-elf/5.3.0/libgcc.a(adddf3.o)
                0x000000000000d048                __adddf3
 .text          0x000000000000d8f4      0x8e8 /home/leemarc/intelFPGA_lite/18.1/nios2eds/bin/gnu/H-x86_64-pc-linux-gnu/bin/../lib/gcc/nios2-elf/5.3.0/libgcc.a(divdf3.o)
                0x000000000000d8f4                __divdf3
 .text          0x000000000000e1dc       0x88 /home/leemarc/intelFPGA_lite/18.1/nios2eds/bin/gnu/H-x86_64-pc-linux-gnu/bin/../lib/gcc/nios2-elf/5.3.0/libgcc.a(eqdf2.o)
                0x000000000000e1dc                __eqdf2
                0x000000000000e1dc                __nedf2
 .text          0x000000000000e264       0xdc /home/leemarc/intelFPGA_lite/18.1/nios2eds/bin/gnu/H-x86_64-pc-linux-gnu/bin/../lib/gcc/nios2-elf/5.3.0/libgcc.a(gedf2.o)
                0x000000000000e264                __gtdf2
                0x000000000000e264                __gedf2
 .text          0x000000000000e340       0xf4 /home/leemarc/intelFPGA_lite/18.1/nios2eds/bin/gnu/H-x86_64-pc-linux-gnu/bin/../lib/gcc/nios2-elf/5.3.0/libgcc.a(ledf2.o)
                0x000000000000e340                __ltdf2
                0x000000000000e340                __ledf2
 .text          0x000000000000e434      0x718 /home/leemarc/intelFPGA_lite/18.1/nios2eds/bin/gnu/H-x86_64-pc-linux-gnu/bin/../lib/gcc/nios2-elf/5.3.0/libgcc.a(muldf3.o)
                0x000000000000e434                __muldf3
 .text          0x000000000000eb4c      0x8fc /home/leemarc/intelFPGA_lite/18.1/nios2eds/bin/gnu/H-x86_64-pc-linux-gnu/bin/../lib/gcc/nios2-elf/5.3.0/libgcc.a(subdf3.o)
                0x000000000000eb4c                __subdf3
 .text          0x000000000000f448       0x80 /home/leemarc/intelFPGA_lite/18.1/nios2eds/bin/gnu/H-x86_64-pc-linux-gnu/bin/../lib/gcc/nios2-elf/5.3.0/libgcc.a(fixdfsi.o)
                0x000000000000f448                __fixdfsi
 .text          0x000000000000f4c8       0xdc /home/leemarc/intelFPGA_lite/18.1/nios2eds/bin/gnu/H-x86_64-pc-linux-gnu/bin/../lib/gcc/nios2-elf/5.3.0/libgcc.a(floatsidf.o)
                0x000000000000f4c8                __floatsidf
 .text          0x000000000000f5a4       0xa8 /home/leemarc/intelFPGA_lite/18.1/nios2eds/bin/gnu/H-x86_64-pc-linux-gnu/bin/../lib/gcc/nios2-elf/5.3.0/libgcc.a(floatunsidf.o)
                0x000000000000f5a4                __floatunsidf
 .text          0x000000000000f64c        0x0 /home/leemarc/intelFPGA_lite/18.1/nios2eds/bin/gnu/H-x86_64-pc-linux-gnu/bin/../lib/gcc/nios2-elf/5.3.0/libgcc.a(_clz.o)
 .text          0x000000000000f64c       0x64 /home/leemarc/intelFPGA_lite/18.1/nios2eds/bin/gnu/H-x86_64-pc-linux-gnu/bin/../lib/gcc/nios2-elf/5.3.0/libgcc.a(_clzsi2.o)
                0x000000000000f64c                __clzsi2
 .text          0x000000000000f6b0      0x10c /run/media/leemarc/Shared/Switchdrive/Private/Documents/Master/1_S1/EmbHardw/mse_demo/software/sobel_work_bsp//libhal_bsp.a(alt_close.o)
                0x000000000000f6ec                close
 .text          0x000000000000f7bc       0x2c /run/media/leemarc/Shared/Switchdrive/Private/Documents/Master/1_S1/EmbHardw/mse_demo/software/sobel_work_bsp//libhal_bsp.a(alt_dev.o)
 .text          0x000000000000f7e8        0x0 /run/media/leemarc/Shared/Switchdrive/Private/Documents/Master/1_S1/EmbHardw/mse_demo/software/sobel_work_bsp//libhal_bsp.a(alt_errno.o)
 .text          0x000000000000f7e8       0xec /run/media/leemarc/Shared/Switchdrive/Private/Documents/Master/1_S1/EmbHardw/mse_demo/software/sobel_work_bsp//libhal_bsp.a(alt_fstat.o)
                0x000000000000f824                fstat
 .text          0x000000000000f8d4       0xe0 /run/media/leemarc/Shared/Switchdrive/Private/Documents/Master/1_S1/EmbHardw/mse_demo/software/sobel_work_bsp//libhal_bsp.a(alt_isatty.o)
                0x000000000000f910                isatty
 .text          0x000000000000f9b4       0xec /run/media/leemarc/Shared/Switchdrive/Private/Documents/Master/1_S1/EmbHardw/mse_demo/software/sobel_work_bsp//libhal_bsp.a(alt_load.o)
                0x000000000000fa1c                alt_load
 .text          0x000000000000faa0      0x110 /run/media/leemarc/Shared/Switchdrive/Private/Documents/Master/1_S1/EmbHardw/mse_demo/software/sobel_work_bsp//libhal_bsp.a(alt_lseek.o)
                0x000000000000fadc                lseek
 .text          0x000000000000fbb0       0x7c /run/media/leemarc/Shared/Switchdrive/Private/Documents/Master/1_S1/EmbHardw/mse_demo/software/sobel_work_bsp//libhal_bsp.a(alt_main.o)
                0x000000000000fbb0                alt_main
 .text          0x000000000000fc2c       0x48 /run/media/leemarc/Shared/Switchdrive/Private/Documents/Master/1_S1/EmbHardw/mse_demo/software/sobel_work_bsp//libhal_bsp.a(alt_malloc_lock.o)
                0x000000000000fc2c                __malloc_lock
                0x000000000000fc50                __malloc_unlock
 .text          0x000000000000fc74      0x138 /run/media/leemarc/Shared/Switchdrive/Private/Documents/Master/1_S1/EmbHardw/mse_demo/software/sobel_work_bsp//libhal_bsp.a(alt_read.o)
                0x000000000000fcb0                read
 .text          0x000000000000fdac       0x64 /run/media/leemarc/Shared/Switchdrive/Private/Documents/Master/1_S1/EmbHardw/mse_demo/software/sobel_work_bsp//libhal_bsp.a(alt_release_fd.o)
                0x000000000000fdac                alt_release_fd
 .text          0x000000000000fe10       0xb0 /run/media/leemarc/Shared/Switchdrive/Private/Documents/Master/1_S1/EmbHardw/mse_demo/software/sobel_work_bsp//libhal_bsp.a(alt_sbrk.o)
                0x000000000000fe10                sbrk
 .text          0x000000000000fec0       0x30 /run/media/leemarc/Shared/Switchdrive/Private/Documents/Master/1_S1/EmbHardw/mse_demo/software/sobel_work_bsp//libhal_bsp.a(alt_usleep.o)
                0x000000000000fec0                usleep
 .text          0x000000000000fef0      0x134 /run/media/leemarc/Shared/Switchdrive/Private/Documents/Master/1_S1/EmbHardw/mse_demo/software/sobel_work_bsp//libhal_bsp.a(alt_write.o)
                0x000000000000ff2c                write
 .text          0x0000000000010024       0xe8 /run/media/leemarc/Shared/Switchdrive/Private/Documents/Master/1_S1/EmbHardw/mse_demo/software/sobel_work_bsp//libhal_bsp.a(alt_sys_init.o)
                0x0000000000010058                alt_irq_init
                0x0000000000010090                alt_sys_init
 .text          0x000000000001010c      0x164 /run/media/leemarc/Shared/Switchdrive/Private/Documents/Master/1_S1/EmbHardw/mse_demo/software/sobel_work_bsp//libhal_bsp.a(altera_avalon_jtag_uart_fd.o)
                0x000000000001010c                altera_avalon_jtag_uart_read_fd
                0x000000000001016c                altera_avalon_jtag_uart_write_fd
                0x00000000000101cc                altera_avalon_jtag_uart_close_fd
                0x000000000001021c                altera_avalon_jtag_uart_ioctl_fd
 .text          0x0000000000010270      0x3d4 /run/media/leemarc/Shared/Switchdrive/Private/Documents/Master/1_S1/EmbHardw/mse_demo/software/sobel_work_bsp//libhal_bsp.a(altera_avalon_jtag_uart_init.o)
                0x0000000000010270                altera_avalon_jtag_uart_init
                0x00000000000105dc                altera_avalon_jtag_uart_close
 .text          0x0000000000010644       0xf0 /run/media/leemarc/Shared/Switchdrive/Private/Documents/Master/1_S1/EmbHardw/mse_demo/software/sobel_work_bsp//libhal_bsp.a(altera_avalon_jtag_uart_ioctl.o)
                0x0000000000010644                altera_avalon_jtag_uart_ioctl
 .text          0x0000000000010734      0x21c /run/media/leemarc/Shared/Switchdrive/Private/Documents/Master/1_S1/EmbHardw/mse_demo/software/sobel_work_bsp//libhal_bsp.a(altera_avalon_jtag_uart_read.o)
                0x0000000000010734                altera_avalon_jtag_uart_read
 .text          0x0000000000010950      0x224 /run/media/leemarc/Shared/Switchdrive/Private/Documents/Master/1_S1/EmbHardw/mse_demo/software/sobel_work_bsp//libhal_bsp.a(altera_avalon_jtag_uart_write.o)
                0x0000000000010950                altera_avalon_jtag_uart_write
 .text          0x0000000000010b74       0xf4 /run/media/leemarc/Shared/Switchdrive/Private/Documents/Master/1_S1/EmbHardw/mse_demo/software/sobel_work_bsp//libhal_bsp.a(altera_avalon_timer_sc.o)
                0x0000000000010bec                alt_avalon_timer_sc_init
 .text          0x0000000000010c68      0x118 /run/media/leemarc/Shared/Switchdrive/Private/Documents/Master/1_S1/EmbHardw/mse_demo/software/sobel_work_bsp//libhal_bsp.a(altera_avalon_timer_ts.o)
                0x0000000000010c68                alt_timestamp_start
                0x0000000000010ce0                alt_timestamp
                0x0000000000010d60                alt_timestamp_freq
 .text          0x0000000000010d80        0x0 /run/media/leemarc/Shared/Switchdrive/Private/Documents/Master/1_S1/EmbHardw/mse_demo/software/sobel_work_bsp//libhal_bsp.a(altera_avalon_timer_vars.o)
 .text          0x0000000000010d80      0x12c /run/media/leemarc/Shared/Switchdrive/Private/Documents/Master/1_S1/EmbHardw/mse_demo/software/sobel_work_bsp//libhal_bsp.a(alt_alarm_start.o)
                0x0000000000010d80                alt_alarm_start
 .text          0x0000000000010eac      0x158 /run/media/leemarc/Shared/Switchdrive/Private/Documents/Master/1_S1/EmbHardw/mse_demo/software/sobel_work_bsp//libhal_bsp.a(alt_busy_sleep.o)
                0x0000000000010eac                alt_busy_sleep
 .text          0x0000000000011004       0x20 /run/media/leemarc/Shared/Switchdrive/Private/Documents/Master/1_S1/EmbHardw/mse_demo/software/sobel_work_bsp//libhal_bsp.a(alt_dcache_flush_all.o)
                0x0000000000011004                alt_dcache_flush_all
 .text          0x0000000000011024       0xe0 /run/media/leemarc/Shared/Switchdrive/Private/Documents/Master/1_S1/EmbHardw/mse_demo/software/sobel_work_bsp//libhal_bsp.a(alt_dev_llist_insert.o)
                0x0000000000011060                alt_dev_llist_insert
 .text          0x0000000000011104       0x60 /run/media/leemarc/Shared/Switchdrive/Private/Documents/Master/1_S1/EmbHardw/mse_demo/software/sobel_work_bsp//libhal_bsp.a(alt_do_ctors.o)
                0x0000000000011104                _do_ctors
 .text          0x0000000000011164       0x60 /run/media/leemarc/Shared/Switchdrive/Private/Documents/Master/1_S1/EmbHardw/mse_demo/software/sobel_work_bsp//libhal_bsp.a(alt_do_dtors.o)
                0x0000000000011164                _do_dtors
 .text          0x00000000000111c4       0x34 /run/media/leemarc/Shared/Switchdrive/Private/Documents/Master/1_S1/EmbHardw/mse_demo/software/sobel_work_bsp//libhal_bsp.a(alt_icache_flush_all.o)
                0x00000000000111c4                alt_icache_flush_all
 .text          0x00000000000111f8      0x1b0 /run/media/leemarc/Shared/Switchdrive/Private/Documents/Master/1_S1/EmbHardw/mse_demo/software/sobel_work_bsp//libhal_bsp.a(alt_iic.o)
                0x00000000000111f8                alt_ic_isr_register
                0x0000000000011248                alt_ic_irq_enable
                0x00000000000112d0                alt_ic_irq_disable
                0x000000000001135c                alt_ic_irq_enabled
 .text          0x00000000000113a8       0xf0 /run/media/leemarc/Shared/Switchdrive/Private/Documents/Master/1_S1/EmbHardw/mse_demo/software/sobel_work_bsp//libhal_bsp.a(alt_iic_isr_register.o)
                0x00000000000113a8                alt_iic_isr_register
 .text          0x0000000000011498      0x140 /run/media/leemarc/Shared/Switchdrive/Private/Documents/Master/1_S1/EmbHardw/mse_demo/software/sobel_work_bsp//libhal_bsp.a(alt_io_redirect.o)
                0x000000000001155c                alt_io_redirect
 .text          0x00000000000115d8        0x0 /run/media/leemarc/Shared/Switchdrive/Private/Documents/Master/1_S1/EmbHardw/mse_demo/software/sobel_work_bsp//libhal_bsp.a(alt_irq_entry.o)
 .text          0x00000000000115d8        0x0 /run/media/leemarc/Shared/Switchdrive/Private/Documents/Master/1_S1/EmbHardw/mse_demo/software/sobel_work_bsp//libhal_bsp.a(alt_irq_handler.o)
 .text          0x00000000000115d8        0x0 /run/media/leemarc/Shared/Switchdrive/Private/Documents/Master/1_S1/EmbHardw/mse_demo/software/sobel_work_bsp//libhal_bsp.a(alt_irq_vars.o)
 .text          0x00000000000115d8      0x254 /run/media/leemarc/Shared/Switchdrive/Private/Documents/Master/1_S1/EmbHardw/mse_demo/software/sobel_work_bsp//libhal_bsp.a(alt_open.o)
                0x00000000000116d8                open
 .text          0x000000000001182c      0x1a4 /run/media/leemarc/Shared/Switchdrive/Private/Documents/Master/1_S1/EmbHardw/mse_demo/software/sobel_work_bsp//libhal_bsp.a(alt_tick.o)
                0x000000000001182c                alt_alarm_stop
                0x00000000000118c8                alt_tick
 .text          0x00000000000119d0       0x24 /run/media/leemarc/Shared/Switchdrive/Private/Documents/Master/1_S1/EmbHardw/mse_demo/software/sobel_work_bsp//libhal_bsp.a(altera_nios2_gen2_irq.o)
                0x00000000000119d0                altera_nios2_gen2_irq_init
 .text          0x00000000000119f4        0x0 /run/media/leemarc/Shared/Switchdrive/Private/Documents/Master/1_S1/EmbHardw/mse_demo/software/sobel_work_bsp//libhal_bsp.a(alt_exception_entry.o)
 .text          0x00000000000119f4       0x90 /run/media/leemarc/Shared/Switchdrive/Private/Documents/Master/1_S1/EmbHardw/mse_demo/software/sobel_work_bsp//libhal_bsp.a(alt_find_dev.o)
                0x00000000000119f4                alt_find_dev
 .text          0x0000000000011a84      0x108 /run/media/leemarc/Shared/Switchdrive/Private/Documents/Master/1_S1/EmbHardw/mse_demo/software/sobel_work_bsp//libhal_bsp.a(alt_find_file.o)
                0x0000000000011a84                alt_find_file
 .text          0x0000000000011b8c       0xa4 /run/media/leemarc/Shared/Switchdrive/Private/Documents/Master/1_S1/EmbHardw/mse_demo/software/sobel_work_bsp//libhal_bsp.a(alt_get_fd.o)
                0x0000000000011b8c                alt_get_fd
 .text          0x0000000000011c30       0x90 /run/media/leemarc/Shared/Switchdrive/Private/Documents/Master/1_S1/EmbHardw/mse_demo/software/sobel_work_bsp//libhal_bsp.a(alt_icache_flush.o)
                0x0000000000011c30                alt_icache_flush
 .text          0x0000000000011cc0       0x9c /run/media/leemarc/Shared/Switchdrive/Private/Documents/Master/1_S1/EmbHardw/mse_demo/software/sobel_work_bsp//libhal_bsp.a(alt_instruction_exception_entry.o)
                0x0000000000011cc0                alt_exception_cause_generated_bad_addr
 .text          0x0000000000011d5c        0x0 /home/leemarc/intelFPGA_lite/18.1/nios2eds/bin/gnu/H-x86_64-pc-linux-gnu/bin/../lib/gcc/nios2-elf/5.3.0/../../../../../H-x86_64-pc-linux-gnu/nios2-elf/lib/libc.a(lib_a-atexit.o)
 .text.atexit   0x0000000000011d5c       0x14 /home/leemarc/intelFPGA_lite/18.1/nios2eds/bin/gnu/H-x86_64-pc-linux-gnu/bin/../lib/gcc/nios2-elf/5.3.0/../../../../../H-x86_64-pc-linux-gnu/nios2-elf/lib/libc.a(lib_a-atexit.o)
                0x0000000000011d5c                atexit
 .text          0x0000000000011d70        0x0 /home/leemarc/intelFPGA_lite/18.1/nios2eds/bin/gnu/H-x86_64-pc-linux-gnu/bin/../lib/gcc/nios2-elf/5.3.0/../../../../../H-x86_64-pc-linux-gnu/nios2-elf/lib/libc.a(lib_a-exit.o)
 .text.exit     0x0000000000011d70       0x38 /home/leemarc/intelFPGA_lite/18.1/nios2eds/bin/gnu/H-x86_64-pc-linux-gnu/bin/../lib/gcc/nios2-elf/5.3.0/../../../../../H-x86_64-pc-linux-gnu/nios2-elf/lib/libc.a(lib_a-exit.o)
                0x0000000000011d70                exit
 .text          0x0000000000011da8        0x0 /home/leemarc/intelFPGA_lite/18.1/nios2eds/bin/gnu/H-x86_64-pc-linux-gnu/bin/../lib/gcc/nios2-elf/5.3.0/../../../../../H-x86_64-pc-linux-gnu/nios2-elf/lib/libc.a(lib_a-memcmp.o)
 .text.memcmp   0x0000000000011da8       0x7c /home/leemarc/intelFPGA_lite/18.1/nios2eds/bin/gnu/H-x86_64-pc-linux-gnu/bin/../lib/gcc/nios2-elf/5.3.0/../../../../../H-x86_64-pc-linux-gnu/nios2-elf/lib/libc.a(lib_a-memcmp.o)
                0x0000000000011da8                memcmp
 .text          0x0000000000011e24        0x0 /home/leemarc/intelFPGA_lite/18.1/nios2eds/bin/gnu/H-x86_64-pc-linux-gnu/bin/../lib/gcc/nios2-elf/5.3.0/../../../../../H-x86_64-pc-linux-gnu/nios2-elf/lib/libc.a(lib_a-__atexit.o)
 .text.__register_exitproc
                0x0000000000011e24      0x118 /home/leemarc/intelFPGA_lite/18.1/nios2eds/bin/gnu/H-x86_64-pc-linux-gnu/bin/../lib/gcc/nios2-elf/5.3.0/../../../../../H-x86_64-pc-linux-gnu/nios2-elf/lib/libc.a(lib_a-__atexit.o)
                0x0000000000011e24                __register_exitproc
 .text          0x0000000000011f3c        0x0 /home/leemarc/intelFPGA_lite/18.1/nios2eds/bin/gnu/H-x86_64-pc-linux-gnu/bin/../lib/gcc/nios2-elf/5.3.0/../../../../../H-x86_64-pc-linux-gnu/nios2-elf/lib/libc.a(lib_a-__call_atexit.o)
 .text.__call_exitprocs
                0x0000000000011f3c      0x180 /home/leemarc/intelFPGA_lite/18.1/nios2eds/bin/gnu/H-x86_64-pc-linux-gnu/bin/../lib/gcc/nios2-elf/5.3.0/../../../../../H-x86_64-pc-linux-gnu/nios2-elf/lib/libc.a(lib_a-__call_atexit.o)
                0x0000000000011f3c                __call_exitprocs
 .text          0x00000000000120bc       0x34 /run/media/leemarc/Shared/Switchdrive/Private/Documents/Master/1_S1/EmbHardw/mse_demo/software/sobel_work_bsp//libhal_bsp.a(alt_exit.o)
                0x00000000000120bc                _exit
 *(.gnu.warning.*)
 *(.fini)
                [!provide]                        PROVIDE (__etext, ABSOLUTE (.))
                [!provide]                        PROVIDE (_etext, ABSOLUTE (.))
                [!provide]                        PROVIDE (etext, ABSOLUTE (.))
 *(.eh_frame_hdr)
                0x00000000000120f0                . = ALIGN (0x4)
                [!provide]                        PROVIDE (__preinit_array_start, ABSOLUTE (.))
 *(.preinit_array)
                [!provide]                        PROVIDE (__preinit_array_end, ABSOLUTE (.))
                [!provide]                        PROVIDE (__init_array_start, ABSOLUTE (.))
 *(.init_array)
                [!provide]                        PROVIDE (__init_array_end, ABSOLUTE (.))
                [!provide]                        PROVIDE (__fini_array_start, ABSOLUTE (.))
 *(.fini_array)
                [!provide]                        PROVIDE (__fini_array_end, ABSOLUTE (.))
 *(.eh_frame)
 *(.gcc_except_table .gcc_except_table.*)
 *(.dynamic)
                0x00000000000120f0                PROVIDE (__CTOR_LIST__, ABSOLUTE (.))
 *(.ctors)
 *(SORT(.ctors.*))
                0x00000000000120f0                PROVIDE (__CTOR_END__, ABSOLUTE (.))
                0x00000000000120f0                PROVIDE (__DTOR_LIST__, ABSOLUTE (.))
 *(.dtors)
 *(SORT(.dtors.*))
                0x00000000000120f0                PROVIDE (__DTOR_END__, ABSOLUTE (.))
 *(.jcr)
                0x00000000000120f0                . = ALIGN (0x4)

.rodata         0x00000000000120f0      0x7b8
                0x00000000000120f0                PROVIDE (__ram_rodata_start, ABSOLUTE (.))
                0x00000000000120f0                . = ALIGN (0x4)
 *(.rodata .rodata.* .gnu.linkonce.r.*)
 .rodata        0x00000000000120f0      0x3e0 obj/default/camera.o
                0x00000000000120f0                preview_snapshot_mode_reg_settings_array
                0x0000000000012208                noise_reduction_reg_settings_array
                0x0000000000012348                lens_roll_off_tbl
 .rodata        0x00000000000124d0       0x47 obj/default/i2c.o
 *fill*         0x0000000000012517        0x1 
 .rodata        0x0000000000012518       0x83 obj/default/main.o
 .rodata        0x000000000001259b       0x12 obj/default/sobel.o
                0x000000000001259b                gx_array
                0x00000000000125a4                gy_array
 *fill*         0x00000000000125ad        0x3 
 .rodata.str1.4
                0x00000000000125b0        0x2 /home/leemarc/intelFPGA_lite/18.1/nios2eds/bin/gnu/H-x86_64-pc-linux-gnu/bin/../lib/gcc/nios2-elf/5.3.0/../../../../../H-x86_64-pc-linux-gnu/nios2-elf/lib/libc.a(lib_a-puts.o)
 *fill*         0x00000000000125b2        0x2 
 .rodata.str1.4
                0x00000000000125b4       0x42 /home/leemarc/intelFPGA_lite/18.1/nios2eds/bin/gnu/H-x86_64-pc-linux-gnu/bin/../lib/gcc/nios2-elf/5.3.0/../../../../../H-x86_64-pc-linux-gnu/nios2-elf/lib/libc.a(lib_a-vfprintf.o)
 .rodata.zeroes.4404
                0x00000000000125f6       0x10 /home/leemarc/intelFPGA_lite/18.1/nios2eds/bin/gnu/H-x86_64-pc-linux-gnu/bin/../lib/gcc/nios2-elf/5.3.0/../../../../../H-x86_64-pc-linux-gnu/nios2-elf/lib/libc.a(lib_a-vfprintf.o)
 .rodata.blanks.4403
                0x0000000000012606       0x10 /home/leemarc/intelFPGA_lite/18.1/nios2eds/bin/gnu/H-x86_64-pc-linux-gnu/bin/../lib/gcc/nios2-elf/5.3.0/../../../../../H-x86_64-pc-linux-gnu/nios2-elf/lib/libc.a(lib_a-vfprintf.o)
 *fill*         0x0000000000012616        0x2 
 .rodata.str1.4
                0x0000000000012618       0x10 /home/leemarc/intelFPGA_lite/18.1/nios2eds/bin/gnu/H-x86_64-pc-linux-gnu/bin/../lib/gcc/nios2-elf/5.3.0/../../../../../H-x86_64-pc-linux-gnu/nios2-elf/lib/libc.a(lib_a-dtoa.o)
                                         0x12 (size before relaxing)
 .rodata.str1.4
                0x0000000000012628        0x2 /home/leemarc/intelFPGA_lite/18.1/nios2eds/bin/gnu/H-x86_64-pc-linux-gnu/bin/../lib/gcc/nios2-elf/5.3.0/../../../../../H-x86_64-pc-linux-gnu/nios2-elf/lib/libc.a(lib_a-impure.o)
 *fill*         0x000000000001262a        0x2 
 .rodata.str1.4
                0x000000000001262c        0xc /home/leemarc/intelFPGA_lite/18.1/nios2eds/bin/gnu/H-x86_64-pc-linux-gnu/bin/../lib/gcc/nios2-elf/5.3.0/../../../../../H-x86_64-pc-linux-gnu/nios2-elf/lib/libc.a(lib_a-locale.o)
                                         0x12 (size before relaxing)
 .rodata.p05.2768
                0x0000000000012638        0xc /home/leemarc/intelFPGA_lite/18.1/nios2eds/bin/gnu/H-x86_64-pc-linux-gnu/bin/../lib/gcc/nios2-elf/5.3.0/../../../../../H-x86_64-pc-linux-gnu/nios2-elf/lib/libc.a(lib_a-mprec.o)
 .rodata.__mprec_tinytens
                0x0000000000012644       0x28 /home/leemarc/intelFPGA_lite/18.1/nios2eds/bin/gnu/H-x86_64-pc-linux-gnu/bin/../lib/gcc/nios2-elf/5.3.0/../../../../../H-x86_64-pc-linux-gnu/nios2-elf/lib/libc.a(lib_a-mprec.o)
                0x0000000000012644                __mprec_tinytens
 .rodata.__mprec_bigtens
                0x000000000001266c       0x28 /home/leemarc/intelFPGA_lite/18.1/nios2eds/bin/gnu/H-x86_64-pc-linux-gnu/bin/../lib/gcc/nios2-elf/5.3.0/../../../../../H-x86_64-pc-linux-gnu/nios2-elf/lib/libc.a(lib_a-mprec.o)
                0x000000000001266c                __mprec_bigtens
 .rodata.__mprec_tens
                0x0000000000012694       0xc8 /home/leemarc/intelFPGA_lite/18.1/nios2eds/bin/gnu/H-x86_64-pc-linux-gnu/bin/../lib/gcc/nios2-elf/5.3.0/../../../../../H-x86_64-pc-linux-gnu/nios2-elf/lib/libc.a(lib_a-mprec.o)
                0x0000000000012694                __mprec_tens
 .rodata.str1.4
                0x000000000001275c       0x2f /home/leemarc/intelFPGA_lite/18.1/nios2eds/bin/gnu/H-x86_64-pc-linux-gnu/bin/../lib/gcc/nios2-elf/5.3.0/../../../../../H-x86_64-pc-linux-gnu/nios2-elf/lib/libc.a(lib_a-vfiprintf.o)
 .rodata.zeroes.4349
                0x000000000001275c       0x10 /home/leemarc/intelFPGA_lite/18.1/nios2eds/bin/gnu/H-x86_64-pc-linux-gnu/bin/../lib/gcc/nios2-elf/5.3.0/../../../../../H-x86_64-pc-linux-gnu/nios2-elf/lib/libc.a(lib_a-vfiprintf.o)
 .rodata.blanks.4348
                0x000000000001276c       0x10 /home/leemarc/intelFPGA_lite/18.1/nios2eds/bin/gnu/H-x86_64-pc-linux-gnu/bin/../lib/gcc/nios2-elf/5.3.0/../../../../../H-x86_64-pc-linux-gnu/nios2-elf/lib/libc.a(lib_a-vfiprintf.o)
 .rodata        0x000000000001277c      0x100 /home/leemarc/intelFPGA_lite/18.1/nios2eds/bin/gnu/H-x86_64-pc-linux-gnu/bin/../lib/gcc/nios2-elf/5.3.0/libgcc.a(_clz.o)
                0x000000000001277c                __clz_tab
 .rodata        0x000000000001287c        0xa /run/media/leemarc/Shared/Switchdrive/Private/Documents/Master/1_S1/EmbHardw/mse_demo/software/sobel_work_bsp//libhal_bsp.a(alt_dev.o)
 *fill*         0x0000000000012886        0x2 
 .rodata        0x0000000000012888        0xf /run/media/leemarc/Shared/Switchdrive/Private/Documents/Master/1_S1/EmbHardw/mse_demo/software/sobel_work_bsp//libhal_bsp.a(alt_main.o)
 *fill*         0x0000000000012897        0x1 
 .rodata        0x0000000000012898        0xf /run/media/leemarc/Shared/Switchdrive/Private/Documents/Master/1_S1/EmbHardw/mse_demo/software/sobel_work_bsp//libhal_bsp.a(alt_sys_init.o)
 *(.rodata1)
                0x00000000000128a8                . = ALIGN (0x4)
 *fill*         0x00000000000128a7        0x1 
                0x00000000000128a8                PROVIDE (__ram_rodata_end, ABSOLUTE (.))
                0x00000000000120f0                PROVIDE (__flash_rodata_start, LOADADDR (.rodata))

.rwdata         0x00000000000128a8     0x1aec load address 0x0000000000014394
                0x00000000000128a8                PROVIDE (__ram_rwdata_start, ABSOLUTE (.))
                0x00000000000128a8                . = ALIGN (0x4)
 *(.got.plt)
 *(.got)
 *(.data1)
 *(.data .data.* .gnu.linkonce.d.*)
 .data          0x00000000000128a8        0x0 /run/media/leemarc/Shared/Switchdrive/Private/Documents/Master/1_S1/EmbHardw/mse_demo/software/sobel_work_bsp//obj/HAL/src/crt0.o
 .data          0x00000000000128a8        0x0 obj/default/camera.o
 .data          0x00000000000128a8        0x0 obj/default/dipswitch.o
 .data          0x00000000000128a8        0x0 obj/default/grayscale.o
 .data          0x00000000000128a8        0x0 obj/default/i2c.o
 .data          0x00000000000128a8        0x0 obj/default/lcd_simple.o
 .data          0x00000000000128a8        0x0 obj/default/main.o
 .data          0x00000000000128a8        0x0 obj/default/sobel.o
 .data          0x00000000000128a8        0x0 obj/default/vga.o
 .data          0x00000000000128a8        0x0 /home/leemarc/intelFPGA_lite/18.1/nios2eds/bin/gnu/H-x86_64-pc-linux-gnu/bin/../lib/gcc/nios2-elf/5.3.0/../../../../../H-x86_64-pc-linux-gnu/nios2-elf/lib/libc.a(lib_a-malloc.o)
 .data          0x00000000000128a8        0x0 /home/leemarc/intelFPGA_lite/18.1/nios2eds/bin/gnu/H-x86_64-pc-linux-gnu/bin/../lib/gcc/nios2-elf/5.3.0/../../../../../H-x86_64-pc-linux-gnu/nios2-elf/lib/libc.a(lib_a-mallocr.o)
 .data.__malloc_av_
                0x00000000000128a8      0x408 /home/leemarc/intelFPGA_lite/18.1/nios2eds/bin/gnu/H-x86_64-pc-linux-gnu/bin/../lib/gcc/nios2-elf/5.3.0/../../../../../H-x86_64-pc-linux-gnu/nios2-elf/lib/libc.a(lib_a-mallocr.o)
                0x00000000000128a8                __malloc_av_
 .data          0x0000000000012cb0        0x0 /home/leemarc/intelFPGA_lite/18.1/nios2eds/bin/gnu/H-x86_64-pc-linux-gnu/bin/../lib/gcc/nios2-elf/5.3.0/../../../../../H-x86_64-pc-linux-gnu/nios2-elf/lib/libc.a(lib_a-printf.o)
 .data          0x0000000000012cb0        0x0 /home/leemarc/intelFPGA_lite/18.1/nios2eds/bin/gnu/H-x86_64-pc-linux-gnu/bin/../lib/gcc/nios2-elf/5.3.0/../../../../../H-x86_64-pc-linux-gnu/nios2-elf/lib/libc.a(lib_a-puts.o)
 .data          0x0000000000012cb0        0x0 /home/leemarc/intelFPGA_lite/18.1/nios2eds/bin/gnu/H-x86_64-pc-linux-gnu/bin/../lib/gcc/nios2-elf/5.3.0/../../../../../H-x86_64-pc-linux-gnu/nios2-elf/lib/libc.a(lib_a-sbrkr.o)
 .data          0x0000000000012cb0        0x0 /home/leemarc/intelFPGA_lite/18.1/nios2eds/bin/gnu/H-x86_64-pc-linux-gnu/bin/../lib/gcc/nios2-elf/5.3.0/../../../../../H-x86_64-pc-linux-gnu/nios2-elf/lib/libc.a(lib_a-strlen.o)
 .data          0x0000000000012cb0        0x0 /home/leemarc/intelFPGA_lite/18.1/nios2eds/bin/gnu/H-x86_64-pc-linux-gnu/bin/../lib/gcc/nios2-elf/5.3.0/../../../../../H-x86_64-pc-linux-gnu/nios2-elf/lib/libc.a(lib_a-vfprintf.o)
 .data          0x0000000000012cb0        0x0 /home/leemarc/intelFPGA_lite/18.1/nios2eds/bin/gnu/H-x86_64-pc-linux-gnu/bin/../lib/gcc/nios2-elf/5.3.0/../../../../../H-x86_64-pc-linux-gnu/nios2-elf/lib/libc.a(lib_a-wsetup.o)
 .data          0x0000000000012cb0        0x0 /home/leemarc/intelFPGA_lite/18.1/nios2eds/bin/gnu/H-x86_64-pc-linux-gnu/bin/../lib/gcc/nios2-elf/5.3.0/../../../../../H-x86_64-pc-linux-gnu/nios2-elf/lib/libc.a(lib_a-dtoa.o)
 .data          0x0000000000012cb0        0x0 /home/leemarc/intelFPGA_lite/18.1/nios2eds/bin/gnu/H-x86_64-pc-linux-gnu/bin/../lib/gcc/nios2-elf/5.3.0/../../../../../H-x86_64-pc-linux-gnu/nios2-elf/lib/libc.a(lib_a-fflush.o)
 .data          0x0000000000012cb0        0x0 /home/leemarc/intelFPGA_lite/18.1/nios2eds/bin/gnu/H-x86_64-pc-linux-gnu/bin/../lib/gcc/nios2-elf/5.3.0/../../../../../H-x86_64-pc-linux-gnu/nios2-elf/lib/libc.a(lib_a-findfp.o)
 .data          0x0000000000012cb0        0x0 /home/leemarc/intelFPGA_lite/18.1/nios2eds/bin/gnu/H-x86_64-pc-linux-gnu/bin/../lib/gcc/nios2-elf/5.3.0/../../../../../H-x86_64-pc-linux-gnu/nios2-elf/lib/libc.a(lib_a-freer.o)
 .data          0x0000000000012cb0        0x0 /home/leemarc/intelFPGA_lite/18.1/nios2eds/bin/gnu/H-x86_64-pc-linux-gnu/bin/../lib/gcc/nios2-elf/5.3.0/../../../../../H-x86_64-pc-linux-gnu/nios2-elf/lib/libc.a(lib_a-fvwrite.o)
 .data          0x0000000000012cb0        0x0 /home/leemarc/intelFPGA_lite/18.1/nios2eds/bin/gnu/H-x86_64-pc-linux-gnu/bin/../lib/gcc/nios2-elf/5.3.0/../../../../../H-x86_64-pc-linux-gnu/nios2-elf/lib/libc.a(lib_a-fwalk.o)
 .data          0x0000000000012cb0        0x0 /home/leemarc/intelFPGA_lite/18.1/nios2eds/bin/gnu/H-x86_64-pc-linux-gnu/bin/../lib/gcc/nios2-elf/5.3.0/../../../../../H-x86_64-pc-linux-gnu/nios2-elf/lib/libc.a(lib_a-impure.o)
 .data.impure_data
                0x0000000000012cb0      0x424 /home/leemarc/intelFPGA_lite/18.1/nios2eds/bin/gnu/H-x86_64-pc-linux-gnu/bin/../lib/gcc/nios2-elf/5.3.0/../../../../../H-x86_64-pc-linux-gnu/nios2-elf/lib/libc.a(lib_a-impure.o)
 .data          0x00000000000130d4        0x0 /home/leemarc/intelFPGA_lite/18.1/nios2eds/bin/gnu/H-x86_64-pc-linux-gnu/bin/../lib/gcc/nios2-elf/5.3.0/../../../../../H-x86_64-pc-linux-gnu/nios2-elf/lib/libc.a(lib_a-int_errno.o)
 .data          0x00000000000130d4        0x0 /home/leemarc/intelFPGA_lite/18.1/nios2eds/bin/gnu/H-x86_64-pc-linux-gnu/bin/../lib/gcc/nios2-elf/5.3.0/../../../../../H-x86_64-pc-linux-gnu/nios2-elf/lib/libc.a(lib_a-locale.o)
 .data.lc_message_charset
                0x00000000000130d4       0x20 /home/leemarc/intelFPGA_lite/18.1/nios2eds/bin/gnu/H-x86_64-pc-linux-gnu/bin/../lib/gcc/nios2-elf/5.3.0/../../../../../H-x86_64-pc-linux-gnu/nios2-elf/lib/libc.a(lib_a-locale.o)
 .data.lc_ctype_charset
                0x00000000000130f4       0x20 /home/leemarc/intelFPGA_lite/18.1/nios2eds/bin/gnu/H-x86_64-pc-linux-gnu/bin/../lib/gcc/nios2-elf/5.3.0/../../../../../H-x86_64-pc-linux-gnu/nios2-elf/lib/libc.a(lib_a-locale.o)
 .data.lconv    0x0000000000013114       0x38 /home/leemarc/intelFPGA_lite/18.1/nios2eds/bin/gnu/H-x86_64-pc-linux-gnu/bin/../lib/gcc/nios2-elf/5.3.0/../../../../../H-x86_64-pc-linux-gnu/nios2-elf/lib/libc.a(lib_a-locale.o)
 .data          0x000000000001314c        0x0 /home/leemarc/intelFPGA_lite/18.1/nios2eds/bin/gnu/H-x86_64-pc-linux-gnu/bin/../lib/gcc/nios2-elf/5.3.0/../../../../../H-x86_64-pc-linux-gnu/nios2-elf/lib/libc.a(lib_a-makebuf.o)
 .data          0x000000000001314c        0x0 /home/leemarc/intelFPGA_lite/18.1/nios2eds/bin/gnu/H-x86_64-pc-linux-gnu/bin/../lib/gcc/nios2-elf/5.3.0/../../../../../H-x86_64-pc-linux-gnu/nios2-elf/lib/libc.a(lib_a-memchr.o)
 .data          0x000000000001314c        0x0 /home/leemarc/intelFPGA_lite/18.1/nios2eds/bin/gnu/H-x86_64-pc-linux-gnu/bin/../lib/gcc/nios2-elf/5.3.0/../../../../../H-x86_64-pc-linux-gnu/nios2-elf/lib/libc.a(lib_a-memcpy.o)
 .data          0x000000000001314c        0x0 /home/leemarc/intelFPGA_lite/18.1/nios2eds/bin/gnu/H-x86_64-pc-linux-gnu/bin/../lib/gcc/nios2-elf/5.3.0/../../../../../H-x86_64-pc-linux-gnu/nios2-elf/lib/libc.a(lib_a-memmove.o)
 .data          0x000000000001314c        0x0 /home/leemarc/intelFPGA_lite/18.1/nios2eds/bin/gnu/H-x86_64-pc-linux-gnu/bin/../lib/gcc/nios2-elf/5.3.0/../../../../../H-x86_64-pc-linux-gnu/nios2-elf/lib/libc.a(lib_a-memset.o)
 .data          0x000000000001314c        0x0 /home/leemarc/intelFPGA_lite/18.1/nios2eds/bin/gnu/H-x86_64-pc-linux-gnu/bin/../lib/gcc/nios2-elf/5.3.0/../../../../../H-x86_64-pc-linux-gnu/nios2-elf/lib/libc.a(lib_a-mprec.o)
 .data          0x000000000001314c        0x0 /home/leemarc/intelFPGA_lite/18.1/nios2eds/bin/gnu/H-x86_64-pc-linux-gnu/bin/../lib/gcc/nios2-elf/5.3.0/../../../../../H-x86_64-pc-linux-gnu/nios2-elf/lib/libc.a(lib_a-reallocr.o)
 .data          0x000000000001314c        0x0 /home/leemarc/intelFPGA_lite/18.1/nios2eds/bin/gnu/H-x86_64-pc-linux-gnu/bin/../lib/gcc/nios2-elf/5.3.0/../../../../../H-x86_64-pc-linux-gnu/nios2-elf/lib/libc.a(lib_a-s_fpclassify.o)
 .data          0x000000000001314c        0x0 /home/leemarc/intelFPGA_lite/18.1/nios2eds/bin/gnu/H-x86_64-pc-linux-gnu/bin/../lib/gcc/nios2-elf/5.3.0/../../../../../H-x86_64-pc-linux-gnu/nios2-elf/lib/libc.a(lib_a-stdio.o)
 .data          0x000000000001314c        0x0 /home/leemarc/intelFPGA_lite/18.1/nios2eds/bin/gnu/H-x86_64-pc-linux-gnu/bin/../lib/gcc/nios2-elf/5.3.0/../../../../../H-x86_64-pc-linux-gnu/nios2-elf/lib/libc.a(lib_a-strcmp.o)
 .data          0x000000000001314c        0x0 /home/leemarc/intelFPGA_lite/18.1/nios2eds/bin/gnu/H-x86_64-pc-linux-gnu/bin/../lib/gcc/nios2-elf/5.3.0/../../../../../H-x86_64-pc-linux-gnu/nios2-elf/lib/libc.a(lib_a-vfiprintf.o)
 .data          0x000000000001314c        0x0 /home/leemarc/intelFPGA_lite/18.1/nios2eds/bin/gnu/H-x86_64-pc-linux-gnu/bin/../lib/gcc/nios2-elf/5.3.0/../../../../../H-x86_64-pc-linux-gnu/nios2-elf/lib/libc.a(lib_a-writer.o)
 .data          0x000000000001314c        0x0 /home/leemarc/intelFPGA_lite/18.1/nios2eds/bin/gnu/H-x86_64-pc-linux-gnu/bin/../lib/gcc/nios2-elf/5.3.0/../../../../../H-x86_64-pc-linux-gnu/nios2-elf/lib/libc.a(closer.o)
 .data          0x000000000001314c        0x0 /home/leemarc/intelFPGA_lite/18.1/nios2eds/bin/gnu/H-x86_64-pc-linux-gnu/bin/../lib/gcc/nios2-elf/5.3.0/../../../../../H-x86_64-pc-linux-gnu/nios2-elf/lib/libc.a(lib_a-callocr.o)
 .data          0x000000000001314c        0x0 /home/leemarc/intelFPGA_lite/18.1/nios2eds/bin/gnu/H-x86_64-pc-linux-gnu/bin/../lib/gcc/nios2-elf/5.3.0/../../../../../H-x86_64-pc-linux-gnu/nios2-elf/lib/libc.a(lib_a-fclose.o)
 .data          0x000000000001314c        0x0 /home/leemarc/intelFPGA_lite/18.1/nios2eds/bin/gnu/H-x86_64-pc-linux-gnu/bin/../lib/gcc/nios2-elf/5.3.0/../../../../../H-x86_64-pc-linux-gnu/nios2-elf/lib/libc.a(lib_a-fputwc.o)
 .data          0x000000000001314c        0x0 /home/leemarc/intelFPGA_lite/18.1/nios2eds/bin/gnu/H-x86_64-pc-linux-gnu/bin/../lib/gcc/nios2-elf/5.3.0/../../../../../H-x86_64-pc-linux-gnu/nios2-elf/lib/libc.a(lib_a-fstatr.o)
 .data          0x000000000001314c        0x0 /home/leemarc/intelFPGA_lite/18.1/nios2eds/bin/gnu/H-x86_64-pc-linux-gnu/bin/../lib/gcc/nios2-elf/5.3.0/../../../../../H-x86_64-pc-linux-gnu/nios2-elf/lib/libc.a(lib_a-isattyr.o)
 .data          0x000000000001314c        0x0 /home/leemarc/intelFPGA_lite/18.1/nios2eds/bin/gnu/H-x86_64-pc-linux-gnu/bin/../lib/gcc/nios2-elf/5.3.0/../../../../../H-x86_64-pc-linux-gnu/nios2-elf/lib/libc.a(lib_a-lseekr.o)
 .data          0x000000000001314c        0x0 /home/leemarc/intelFPGA_lite/18.1/nios2eds/bin/gnu/H-x86_64-pc-linux-gnu/bin/../lib/gcc/nios2-elf/5.3.0/../../../../../H-x86_64-pc-linux-gnu/nios2-elf/lib/libc.a(lib_a-readr.o)
 .data          0x000000000001314c        0x0 /home/leemarc/intelFPGA_lite/18.1/nios2eds/bin/gnu/H-x86_64-pc-linux-gnu/bin/../lib/gcc/nios2-elf/5.3.0/../../../../../H-x86_64-pc-linux-gnu/nios2-elf/lib/libc.a(lib_a-wbuf.o)
 .data          0x000000000001314c        0x0 /home/leemarc/intelFPGA_lite/18.1/nios2eds/bin/gnu/H-x86_64-pc-linux-gnu/bin/../lib/gcc/nios2-elf/5.3.0/../../../../../H-x86_64-pc-linux-gnu/nios2-elf/lib/libc.a(lib_a-wcrtomb.o)
 .data          0x000000000001314c        0x0 /home/leemarc/intelFPGA_lite/18.1/nios2eds/bin/gnu/H-x86_64-pc-linux-gnu/bin/../lib/gcc/nios2-elf/5.3.0/../../../../../H-x86_64-pc-linux-gnu/nios2-elf/lib/libc.a(lib_a-wctomb_r.o)
 .data          0x000000000001314c        0x0 /home/leemarc/intelFPGA_lite/18.1/nios2eds/bin/gnu/H-x86_64-pc-linux-gnu/bin/../lib/gcc/nios2-elf/5.3.0/libgcc.a(_udivdi3.o)
 .data          0x000000000001314c        0x0 /home/leemarc/intelFPGA_lite/18.1/nios2eds/bin/gnu/H-x86_64-pc-linux-gnu/bin/../lib/gcc/nios2-elf/5.3.0/libgcc.a(_umoddi3.o)
 .data          0x000000000001314c        0x0 /home/leemarc/intelFPGA_lite/18.1/nios2eds/bin/gnu/H-x86_64-pc-linux-gnu/bin/../lib/gcc/nios2-elf/5.3.0/libgcc.a(lib2-divmod.o)
 .data          0x000000000001314c        0x0 /home/leemarc/intelFPGA_lite/18.1/nios2eds/bin/gnu/H-x86_64-pc-linux-gnu/bin/../lib/gcc/nios2-elf/5.3.0/libgcc.a(adddf3.o)
 .data          0x000000000001314c        0x0 /home/leemarc/intelFPGA_lite/18.1/nios2eds/bin/gnu/H-x86_64-pc-linux-gnu/bin/../lib/gcc/nios2-elf/5.3.0/libgcc.a(divdf3.o)
 .data          0x000000000001314c        0x0 /home/leemarc/intelFPGA_lite/18.1/nios2eds/bin/gnu/H-x86_64-pc-linux-gnu/bin/../lib/gcc/nios2-elf/5.3.0/libgcc.a(eqdf2.o)
 .data          0x000000000001314c        0x0 /home/leemarc/intelFPGA_lite/18.1/nios2eds/bin/gnu/H-x86_64-pc-linux-gnu/bin/../lib/gcc/nios2-elf/5.3.0/libgcc.a(gedf2.o)
 .data          0x000000000001314c        0x0 /home/leemarc/intelFPGA_lite/18.1/nios2eds/bin/gnu/H-x86_64-pc-linux-gnu/bin/../lib/gcc/nios2-elf/5.3.0/libgcc.a(ledf2.o)
 .data          0x000000000001314c        0x0 /home/leemarc/intelFPGA_lite/18.1/nios2eds/bin/gnu/H-x86_64-pc-linux-gnu/bin/../lib/gcc/nios2-elf/5.3.0/libgcc.a(muldf3.o)
 .data          0x000000000001314c        0x0 /home/leemarc/intelFPGA_lite/18.1/nios2eds/bin/gnu/H-x86_64-pc-linux-gnu/bin/../lib/gcc/nios2-elf/5.3.0/libgcc.a(subdf3.o)
 .data          0x000000000001314c        0x0 /home/leemarc/intelFPGA_lite/18.1/nios2eds/bin/gnu/H-x86_64-pc-linux-gnu/bin/../lib/gcc/nios2-elf/5.3.0/libgcc.a(fixdfsi.o)
 .data          0x000000000001314c        0x0 /home/leemarc/intelFPGA_lite/18.1/nios2eds/bin/gnu/H-x86_64-pc-linux-gnu/bin/../lib/gcc/nios2-elf/5.3.0/libgcc.a(floatsidf.o)
 .data          0x000000000001314c        0x0 /home/leemarc/intelFPGA_lite/18.1/nios2eds/bin/gnu/H-x86_64-pc-linux-gnu/bin/../lib/gcc/nios2-elf/5.3.0/libgcc.a(floatunsidf.o)
 .data          0x000000000001314c        0x0 /home/leemarc/intelFPGA_lite/18.1/nios2eds/bin/gnu/H-x86_64-pc-linux-gnu/bin/../lib/gcc/nios2-elf/5.3.0/libgcc.a(_clz.o)
 .data          0x000000000001314c        0x0 /home/leemarc/intelFPGA_lite/18.1/nios2eds/bin/gnu/H-x86_64-pc-linux-gnu/bin/../lib/gcc/nios2-elf/5.3.0/libgcc.a(_clzsi2.o)
 .data          0x000000000001314c        0x0 /run/media/leemarc/Shared/Switchdrive/Private/Documents/Master/1_S1/EmbHardw/mse_demo/software/sobel_work_bsp//libhal_bsp.a(alt_close.o)
 .data          0x000000000001314c      0x1a8 /run/media/leemarc/Shared/Switchdrive/Private/Documents/Master/1_S1/EmbHardw/mse_demo/software/sobel_work_bsp//libhal_bsp.a(alt_dev.o)
                0x000000000001314c                alt_dev_null
                0x0000000000013174                alt_fd_list
 .data          0x00000000000132f4        0x0 /run/media/leemarc/Shared/Switchdrive/Private/Documents/Master/1_S1/EmbHardw/mse_demo/software/sobel_work_bsp//libhal_bsp.a(alt_errno.o)
 .data          0x00000000000132f4        0x0 /run/media/leemarc/Shared/Switchdrive/Private/Documents/Master/1_S1/EmbHardw/mse_demo/software/sobel_work_bsp//libhal_bsp.a(alt_fstat.o)
 .data          0x00000000000132f4        0x0 /run/media/leemarc/Shared/Switchdrive/Private/Documents/Master/1_S1/EmbHardw/mse_demo/software/sobel_work_bsp//libhal_bsp.a(alt_isatty.o)
 .data          0x00000000000132f4        0x0 /run/media/leemarc/Shared/Switchdrive/Private/Documents/Master/1_S1/EmbHardw/mse_demo/software/sobel_work_bsp//libhal_bsp.a(alt_load.o)
 .data          0x00000000000132f4        0x0 /run/media/leemarc/Shared/Switchdrive/Private/Documents/Master/1_S1/EmbHardw/mse_demo/software/sobel_work_bsp//libhal_bsp.a(alt_lseek.o)
 .data          0x00000000000132f4        0x0 /run/media/leemarc/Shared/Switchdrive/Private/Documents/Master/1_S1/EmbHardw/mse_demo/software/sobel_work_bsp//libhal_bsp.a(alt_main.o)
 .data          0x00000000000132f4        0x0 /run/media/leemarc/Shared/Switchdrive/Private/Documents/Master/1_S1/EmbHardw/mse_demo/software/sobel_work_bsp//libhal_bsp.a(alt_malloc_lock.o)
 .data          0x00000000000132f4        0x0 /run/media/leemarc/Shared/Switchdrive/Private/Documents/Master/1_S1/EmbHardw/mse_demo/software/sobel_work_bsp//libhal_bsp.a(alt_read.o)
 .data          0x00000000000132f4        0x0 /run/media/leemarc/Shared/Switchdrive/Private/Documents/Master/1_S1/EmbHardw/mse_demo/software/sobel_work_bsp//libhal_bsp.a(alt_release_fd.o)
 .data          0x00000000000132f4        0x0 /run/media/leemarc/Shared/Switchdrive/Private/Documents/Master/1_S1/EmbHardw/mse_demo/software/sobel_work_bsp//libhal_bsp.a(alt_sbrk.o)
 .data          0x00000000000132f4        0x0 /run/media/leemarc/Shared/Switchdrive/Private/Documents/Master/1_S1/EmbHardw/mse_demo/software/sobel_work_bsp//libhal_bsp.a(alt_usleep.o)
 .data          0x00000000000132f4        0x0 /run/media/leemarc/Shared/Switchdrive/Private/Documents/Master/1_S1/EmbHardw/mse_demo/software/sobel_work_bsp//libhal_bsp.a(alt_write.o)
 .data          0x00000000000132f4     0x1060 /run/media/leemarc/Shared/Switchdrive/Private/Documents/Master/1_S1/EmbHardw/mse_demo/software/sobel_work_bsp//libhal_bsp.a(alt_sys_init.o)
 .data          0x0000000000014354        0x0 /run/media/leemarc/Shared/Switchdrive/Private/Documents/Master/1_S1/EmbHardw/mse_demo/software/sobel_work_bsp//libhal_bsp.a(altera_avalon_jtag_uart_fd.o)
 .data          0x0000000000014354        0x0 /run/media/leemarc/Shared/Switchdrive/Private/Documents/Master/1_S1/EmbHardw/mse_demo/software/sobel_work_bsp//libhal_bsp.a(altera_avalon_jtag_uart_init.o)
 .data          0x0000000000014354        0x0 /run/media/leemarc/Shared/Switchdrive/Private/Documents/Master/1_S1/EmbHardw/mse_demo/software/sobel_work_bsp//libhal_bsp.a(altera_avalon_jtag_uart_ioctl.o)
 .data          0x0000000000014354        0x0 /run/media/leemarc/Shared/Switchdrive/Private/Documents/Master/1_S1/EmbHardw/mse_demo/software/sobel_work_bsp//libhal_bsp.a(altera_avalon_jtag_uart_read.o)
 .data          0x0000000000014354        0x0 /run/media/leemarc/Shared/Switchdrive/Private/Documents/Master/1_S1/EmbHardw/mse_demo/software/sobel_work_bsp//libhal_bsp.a(altera_avalon_jtag_uart_write.o)
 .data          0x0000000000014354        0x0 /run/media/leemarc/Shared/Switchdrive/Private/Documents/Master/1_S1/EmbHardw/mse_demo/software/sobel_work_bsp//libhal_bsp.a(altera_avalon_timer_sc.o)
 .data          0x0000000000014354        0x0 /run/media/leemarc/Shared/Switchdrive/Private/Documents/Master/1_S1/EmbHardw/mse_demo/software/sobel_work_bsp//libhal_bsp.a(altera_avalon_timer_ts.o)
 .data          0x0000000000014354        0x0 /run/media/leemarc/Shared/Switchdrive/Private/Documents/Master/1_S1/EmbHardw/mse_demo/software/sobel_work_bsp//libhal_bsp.a(altera_avalon_timer_vars.o)
 .data          0x0000000000014354        0x0 /run/media/leemarc/Shared/Switchdrive/Private/Documents/Master/1_S1/EmbHardw/mse_demo/software/sobel_work_bsp//libhal_bsp.a(alt_alarm_start.o)
 .data          0x0000000000014354        0x0 /run/media/leemarc/Shared/Switchdrive/Private/Documents/Master/1_S1/EmbHardw/mse_demo/software/sobel_work_bsp//libhal_bsp.a(alt_busy_sleep.o)
 .data          0x0000000000014354        0x0 /run/media/leemarc/Shared/Switchdrive/Private/Documents/Master/1_S1/EmbHardw/mse_demo/software/sobel_work_bsp//libhal_bsp.a(alt_dcache_flush_all.o)
 .data          0x0000000000014354        0x0 /run/media/leemarc/Shared/Switchdrive/Private/Documents/Master/1_S1/EmbHardw/mse_demo/software/sobel_work_bsp//libhal_bsp.a(alt_dev_llist_insert.o)
 .data          0x0000000000014354        0x0 /run/media/leemarc/Shared/Switchdrive/Private/Documents/Master/1_S1/EmbHardw/mse_demo/software/sobel_work_bsp//libhal_bsp.a(alt_do_ctors.o)