Archive member included to satisfy reference by file (symbol)

/home/leemarc/intelFPGA_lite/18.1/nios2eds/bin/gnu/H-x86_64-pc-linux-gnu/bin/../lib/gcc/nios2-elf/5.3.0/../../../../../H-x86_64-pc-linux-gnu/nios2-elf/lib/libc.a(lib_a-malloc.o)
                              obj/default/grayscale.o (malloc)
/home/leemarc/intelFPGA_lite/18.1/nios2eds/bin/gnu/H-x86_64-pc-linux-gnu/bin/../lib/gcc/nios2-elf/5.3.0/../../../../../H-x86_64-pc-linux-gnu/nios2-elf/lib/libc.a(lib_a-mallocr.o)
                              /home/leemarc/intelFPGA_lite/18.1/nios2eds/bin/gnu/H-x86_64-pc-linux-gnu/bin/../lib/gcc/nios2-elf/5.3.0/../../../../../H-x86_64-pc-linux-gnu/nios2-elf/lib/libc.a(lib_a-malloc.o) (_malloc_r)
/home/leemarc/intelFPGA_lite/18.1/nios2eds/bin/gnu/H-x86_64-pc-linux-gnu/bin/../lib/gcc/nios2-elf/5.3.0/../../../../../H-x86_64-pc-linux-gnu/nios2-elf/lib/libc.a(lib_a-printf.o)
                              obj/default/camera.o (printf)
/home/leemarc/intelFPGA_lite/18.1/nios2eds/bin/gnu/H-x86_64-pc-linux-gnu/bin/../lib/gcc/nios2-elf/5.3.0/../../../../../H-x86_64-pc-linux-gnu/nios2-elf/lib/libc.a(lib_a-puts.o)
                              obj/default/main.o (puts)
/home/leemarc/intelFPGA_lite/18.1/nios2eds/bin/gnu/H-x86_64-pc-linux-gnu/bin/../lib/gcc/nios2-elf/5.3.0/../../../../../H-x86_64-pc-linux-gnu/nios2-elf/lib/libc.a(lib_a-sbrkr.o)
                              /home/leemarc/intelFPGA_lite/18.1/nios2eds/bin/gnu/H-x86_64-pc-linux-gnu/bin/../lib/gcc/nios2-elf/5.3.0/../../../../../H-x86_64-pc-linux-gnu/nios2-elf/lib/libc.a(lib_a-mallocr.o) (_sbrk_r)
/home/leemarc/intelFPGA_lite/18.1/nios2eds/bin/gnu/H-x86_64-pc-linux-gnu/bin/../lib/gcc/nios2-elf/5.3.0/../../../../../H-x86_64-pc-linux-gnu/nios2-elf/lib/libc.a(lib_a-strlen.o)
                              /home/leemarc/intelFPGA_lite/18.1/nios2eds/bin/gnu/H-x86_64-pc-linux-gnu/bin/../lib/gcc/nios2-elf/5.3.0/../../../../../H-x86_64-pc-linux-gnu/nios2-elf/lib/libc.a(lib_a-puts.o) (strlen)
/home/leemarc/intelFPGA_lite/18.1/nios2eds/bin/gnu/H-x86_64-pc-linux-gnu/bin/../lib/gcc/nios2-elf/5.3.0/../../../../../H-x86_64-pc-linux-gnu/nios2-elf/lib/libc.a(lib_a-vfprintf.o)
                              /home/leemarc/intelFPGA_lite/18.1/nios2eds/bin/gnu/H-x86_64-pc-linux-gnu/bin/../lib/gcc/nios2-elf/5.3.0/../../../../../H-x86_64-pc-linux-gnu/nios2-elf/lib/libc.a(lib_a-printf.o) (___vfprintf_internal_r)
/home/leemarc/intelFPGA_lite/18.1/nios2eds/bin/gnu/H-x86_64-pc-linux-gnu/bin/../lib/gcc/nios2-elf/5.3.0/../../../../../H-x86_64-pc-linux-gnu/nios2-elf/lib/libc.a(lib_a-wsetup.o)
                              /home/leemarc/intelFPGA_lite/18.1/nios2eds/bin/gnu/H-x86_64-pc-linux-gnu/bin/../lib/gcc/nios2-elf/5.3.0/../../../../../H-x86_64-pc-linux-gnu/nios2-elf/lib/libc.a(lib_a-vfprintf.o) (__swsetup_r)
/home/leemarc/intelFPGA_lite/18.1/nios2eds/bin/gnu/H-x86_64-pc-linux-gnu/bin/../lib/gcc/nios2-elf/5.3.0/../../../../../H-x86_64-pc-linux-gnu/nios2-elf/lib/libc.a(lib_a-dtoa.o)
                              /home/leemarc/intelFPGA_lite/18.1/nios2eds/bin/gnu/H-x86_64-pc-linux-gnu/bin/../lib/gcc/nios2-elf/5.3.0/../../../../../H-x86_64-pc-linux-gnu/nios2-elf/lib/libc.a(lib_a-vfprintf.o) (_dtoa_r)
/home/leemarc/intelFPGA_lite/18.1/nios2eds/bin/gnu/H-x86_64-pc-linux-gnu/bin/../lib/gcc/nios2-elf/5.3.0/../../../../../H-x86_64-pc-linux-gnu/nios2-elf/lib/libc.a(lib_a-fflush.o)
                              /home/leemarc/intelFPGA_lite/18.1/nios2eds/bin/gnu/H-x86_64-pc-linux-gnu/bin/../lib/gcc/nios2-elf/5.3.0/../../../../../H-x86_64-pc-linux-gnu/nios2-elf/lib/libc.a(lib_a-vfprintf.o) (_fflush_r)
/home/leemarc/intelFPGA_lite/18.1/nios2eds/bin/gnu/H-x86_64-pc-linux-gnu/bin/../lib/gcc/nios2-elf/5.3.0/../../../../../H-x86_64-pc-linux-gnu/nios2-elf/lib/libc.a(lib_a-findfp.o)
                              /home/leemarc/intelFPGA_lite/18.1/nios2eds/bin/gnu/H-x86_64-pc-linux-gnu/bin/../lib/gcc/nios2-elf/5.3.0/../../../../../H-x86_64-pc-linux-gnu/nios2-elf/lib/libc.a(lib_a-puts.o) (__sinit)
/home/leemarc/intelFPGA_lite/18.1/nios2eds/bin/gnu/H-x86_64-pc-linux-gnu/bin/../lib/gcc/nios2-elf/5.3.0/../../../../../H-x86_64-pc-linux-gnu/nios2-elf/lib/libc.a(lib_a-freer.o)
                              /home/leemarc/intelFPGA_lite/18.1/nios2eds/bin/gnu/H-x86_64-pc-linux-gnu/bin/../lib/gcc/nios2-elf/5.3.0/../../../../../H-x86_64-pc-linux-gnu/nios2-elf/lib/libc.a(lib_a-malloc.o) (_free_r)
/home/leemarc/intelFPGA_lite/18.1/nios2eds/bin/gnu/H-x86_64-pc-linux-gnu/bin/../lib/gcc/nios2-elf/5.3.0/../../../../../H-x86_64-pc-linux-gnu/nios2-elf/lib/libc.a(lib_a-fvwrite.o)
                              /home/leemarc/intelFPGA_lite/18.1/nios2eds/bin/gnu/H-x86_64-pc-linux-gnu/bin/../lib/gcc/nios2-elf/5.3.0/../../../../../H-x86_64-pc-linux-gnu/nios2-elf/lib/libc.a(lib_a-puts.o) (__sfvwrite_r)
/home/leemarc/intelFPGA_lite/18.1/nios2eds/bin/gnu/H-x86_64-pc-linux-gnu/bin/../lib/gcc/nios2-elf/5.3.0/../../../../../H-x86_64-pc-linux-gnu/nios2-elf/lib/libc.a(lib_a-fwalk.o)
[...]
Memory Configuration

Name             Origin             Length             Attributes
reset            0x0000000000000000 0x0000000000000020
sdram_ctrl       0x0000000000000020 0x0000000000ffffe0
*default*        0x0000000000000000 0xffffffffffffffff

Linker script and memory map

LOAD /run/media/leemarc/Shared/Switchdrive/Private/Documents/Master/1_S1/EmbHardw/mse_demo/software/sobel_work_bsp//obj/HAL/src/crt0.o
LOAD obj/default/camera.o
LOAD obj/default/dipswitch.o
LOAD obj/default/grayscale.o
LOAD obj/default/i2c.o
LOAD obj/default/lcd_simple.o
LOAD obj/default/main.o
LOAD obj/default/sobel.o
LOAD obj/default/vga.o
LOAD /home/leemarc/intelFPGA_lite/18.1/nios2eds/bin/gnu/H-x86_64-pc-linux-gnu/bin/../lib/gcc/nios2-elf/5.3.0/../../../../../H-x86_64-pc-linux-gnu/nios2-elf/lib/libstdc++.a
LOAD /home/leemarc/intelFPGA_lite/18.1/nios2eds/bin/gnu/H-x86_64-pc-linux-gnu/bin/../lib/gcc/nios2-elf/5.3.0/../../../../../H-x86_64-pc-linux-gnu/nios2-elf/lib/libm.a
LOAD /home/leemarc/intelFPGA_lite/18.1/nios2eds/bin/gnu/H-x86_64-pc-linux-gnu/bin/../lib/gcc/nios2-elf/5.3.0/libgcc.a
START GROUP
LOAD /home/leemarc/intelFPGA_lite/18.1/nios2eds/bin/gnu/H-x86_64-pc-linux-gnu/bin/../lib/gcc/nios2-elf/5.3.0/../../../../../H-x86_64-pc-linux-gnu/nios2-elf/lib/libc.a
LOAD /home/leemarc/intelFPGA_lite/18.1/nios2eds/bin/gnu/H-x86_64-pc-linux-gnu/bin/../lib/gcc/nios2-elf/5.3.0/libgcc.a
LOAD /run/media/leemarc/Shared/Switchdrive/Private/Documents/Master/1_S1/EmbHardw/mse_demo/software/sobel_work_bsp//libhal_bsp.a
LOAD /home/leemarc/intelFPGA_lite/18.1/nios2eds/bin/gnu/H-x86_64-pc-linux-gnu/bin/../lib/gcc/nios2-elf/5.3.0/../../../../../H-x86_64-pc-linux-gnu/nios2-elf/lib/libm.a
END GROUP
LOAD /home/leemarc/intelFPGA_lite/18.1/nios2eds/bin/gnu/H-x86_64-pc-linux-gnu/bin/../lib/gcc/nios2-elf/5.3.0/libgcc.a
                0x0000000000000000                __alt_mem_sdram_ctrl = 0x0

.entry          0x0000000000000000       0x20
 *(.entry)
 .entry         0x0000000000000000       0x20 /run/media/leemarc/Shared/Switchdrive/Private/Documents/Master/1_S1/EmbHardw/mse_demo/software/sobel_work_bsp//obj/HAL/src/crt0.o
                0x0000000000000000                __reset

.exceptions     0x0000000000000020      0x224
                0x0000000000000020                PROVIDE (__ram_exceptions_start, ABSOLUTE (.))
                0x0000000000000020                . = ALIGN (0x20)
 *(.irq)
 *(.exceptions.entry.label)
 .exceptions.entry.label
                0x0000000000000020        0x0 /run/media/leemarc/Shared/Switchdrive/Private/Documents/Master/1_S1/EmbHardw/mse_demo/software/sobel_work_bsp//libhal_bsp.a(alt_irq_entry.o)
                0x0000000000000020                alt_irq_entry
 .exceptions.entry.label
                0x0000000000000020        0x0 /run/media/leemarc/Shared/Switchdrive/Private/Documents/Master/1_S1/EmbHardw/mse_demo/software/sobel_work_bsp//libhal_bsp.a(alt_exception_entry.o)
                0x0000000000000020                alt_exception
 *(.exceptions.entry.user)
 *(.exceptions.entry.ecc_fatal)
 *(.exceptions.entry)
 .exceptions.entry
                0x0000000000000020       0x54 /run/media/leemarc/Shared/Switchdrive/Private/Documents/Master/1_S1/EmbHardw/mse_demo/software/sobel_work_bsp//libhal_bsp.a(alt_exception_entry.o)
 *(.exceptions.irqtest.user)
 *(.exceptions.irqtest)
 .exceptions.irqtest
                0x0000000000000074       0x10 /run/media/leemarc/Shared/Switchdrive/Private/Documents/Master/1_S1/EmbHardw/mse_demo/software/sobel_work_bsp//libhal_bsp.a(alt_irq_entry.o)
 *(.exceptions.irqhandler.user)
 *(.exceptions.irqhandler)
 .exceptions.irqhandler
                0x0000000000000084        0x4 /run/media/leemarc/Shared/Switchdrive/Private/Documents/Master/1_S1/EmbHardw/mse_demo/software/sobel_work_bsp//libhal_bsp.a(alt_irq_entry.o)
 *(.exceptions.irqreturn.user)
 *(.exceptions.irqreturn)
 .exceptions.irqreturn
                0x0000000000000088        0x4 /run/media/leemarc/Shared/Switchdrive/Private/Documents/Master/1_S1/EmbHardw/mse_demo/software/sobel_work_bsp//libhal_bsp.a(alt_irq_entry.o)
 *(.exceptions.notirq.label)
 .exceptions.notirq.label
                0x000000000000008c        0x0 /run/media/leemarc/Shared/Switchdrive/Private/Documents/Master/1_S1/EmbHardw/mse_demo/software/sobel_work_bsp//libhal_bsp.a(alt_irq_entry.o)
 *(.exceptions.notirq.user)
 *(.exceptions.notirq)
 .exceptions.notirq
                0x000000000000008c        0x8 /run/media/leemarc/Shared/Switchdrive/Private/Documents/Master/1_S1/EmbHardw/mse_demo/software/sobel_work_bsp//libhal_bsp.a(alt_exception_entry.o)
 *(.exceptions.soft.user)
 *(.exceptions.soft)
 *(.exceptions.unknown.user)
 *(.exceptions.unknown)
 .exceptions.unknown
                0x0000000000000094       0x14 /run/media/leemarc/Shared/Switchdrive/Private/Documents/Master/1_S1/EmbHardw/mse_demo/software/sobel_work_bsp//libhal_bsp.a(alt_exception_entry.o)
 *(.exceptions.exit.label)
 .exceptions.exit.label
                0x00000000000000a8        0x0 /run/media/leemarc/Shared/Switchdrive/Private/Documents/Master/1_S1/EmbHardw/mse_demo/software/sobel_work_bsp//libhal_bsp.a(alt_irq_entry.o)
 .exceptions.exit.label
                0x00000000000000a8        0x0 /run/media/leemarc/Shared/Switchdrive/Private/Documents/Master/1_S1/EmbHardw/mse_demo/software/sobel_work_bsp//libhal_bsp.a(alt_exception_entry.o)
 *(.exceptions.exit.user)
 *(.exceptions.exit)
 .exceptions.exit
                0x00000000000000a8       0x54 /run/media/leemarc/Shared/Switchdrive/Private/Documents/Master/1_S1/EmbHardw/mse_demo/software/sobel_work_bsp//libhal_bsp.a(alt_exception_entry.o)
 *(.exceptions)
 .exceptions    0x00000000000000fc       0xd4 /run/media/leemarc/Shared/Switchdrive/Private/Documents/Master/1_S1/EmbHardw/mse_demo/software/sobel_work_bsp//libhal_bsp.a(alt_irq_handler.o)
                0x00000000000000fc                alt_irq_handler
 .exceptions    0x00000000000001d0       0x74 /run/media/leemarc/Shared/Switchdrive/Private/Documents/Master/1_S1/EmbHardw/mse_demo/software/sobel_work_bsp//libhal_bsp.a(alt_instruction_exception_entry.o)
                0x00000000000001d0                alt_instruction_exception_entry
                0x0000000000000244                PROVIDE (__ram_exceptions_end, ABSOLUTE (.))
                0x0000000000000020                PROVIDE (__flash_exceptions_start, LOADADDR (.exceptions))

.text           0x0000000000000244    0x1150c
                [!provide]                        PROVIDE (stext, ABSOLUTE (.))
 *(.interp)
 *(.hash)
 *(.dynsym)
 *(.dynstr)
 *(.gnu.version)
 *(.gnu.version_d)
 *(.gnu.version_r)
 *(.rel.init)
 *(.rela.init)
 *(.rel.text .rel.text.* .rel.gnu.linkonce.t.*)
 *(.rela.text .rela.text.* .rela.gnu.linkonce.t.*)
 *(.rel.fini)
 *(.rela.fini)
 *(.rel.rodata .rel.rodata.* .rel.gnu.linkonce.r.*)
 *(.rela.rodata .rela.rodata.* .rela.gnu.linkonce.r.*)
 *(.rel.data .rel.data.* .rel.gnu.linkonce.d.*)
 *(.rela.data .rela.data.* .rela.gnu.linkonce.d.*)
 *(.rel.tdata .rel.tdata.* .rel.gnu.linkonce.td.*)
 *(.rela.tdata .rela.tdata.* .rela.gnu.linkonce.td.*)
 *(.rel.tbss .rel.tbss.* .rel.gnu.linkonce.tb.*)
 *(.rela.tbss .rela.tbss.* .rela.gnu.linkonce.tb.*)
 *(.rel.ctors)
 *(.rela.ctors)
 *(.rel.dtors)
 *(.rela.dtors)
 *(.rel.got)
 *(.rela.got)
 *(.rel.sdata .rel.sdata.* .rel.gnu.linkonce.s.*)
 *(.rela.sdata .rela.sdata.* .rela.gnu.linkonce.s.*)
 *(.rel.sbss .rel.sbss.* .rel.gnu.linkonce.sb.*)
 *(.rela.sbss .rela.sbss.* .rela.gnu.linkonce.sb.*)
 *(.rel.sdata2 .rel.sdata2.* .rel.gnu.linkonce.s2.*)
 *(.rela.sdata2 .rela.sdata2.* .rela.gnu.linkonce.s2.*)
 *(.rel.sbss2 .rel.sbss2.* .rel.gnu.linkonce.sb2.*)
 *(.rela.sbss2 .rela.sbss2.* .rela.gnu.linkonce.sb2.*)
 *(.rel.bss .rel.bss.* .rel.gnu.linkonce.b.*)
 *(.rela.bss .rela.bss.* .rela.gnu.linkonce.b.*)
 *(.rel.plt)
 *(.rela.plt)
 *(.rel.dyn)
 *(.init)
 *(.plt)
 *(.text .stub .text.* .gnu.linkonce.t.*)
 .text          0x0000000000000244       0x4c /run/media/leemarc/Shared/Switchdrive/Private/Documents/Master/1_S1/EmbHardw/mse_demo/software/sobel_work_bsp//obj/HAL/src/crt0.o
                0x0000000000000244                _start
 .text          0x0000000000000290      0x4d0 obj/default/camera.o
                0x0000000000000290                init_camera
                0x00000000000005a8                cam_get_xsize
                0x00000000000005cc                cam_get_ysize
                0x00000000000005f0                cam_get_profiling
                0x0000000000000668                cam_set_image_pointer
                0x00000000000006dc                current_image_valid
                0x00000000000006f0                current_image_pointer
                0x0000000000000700                take_picture_blocking
                0x0000000000000720                enable_continues_mode
                0x0000000000000734                new_image_available
 .text          0x0000000000000760       0x14 obj/default/dipswitch.o
                0x0000000000000760                DIPSW_get_value
 .text          0x0000000000000774       0xc4 obj/default/grayscale.o
                0x0000000000000774                conv_grayscale
                0x0000000000000820                get_grayscale_width
                0x0000000000000828                get_grayscale_height
                0x0000000000000830                get_grayscale_picture
 .text          0x0000000000000838      0x1a4 obj/default/i2c.o
                0x0000000000000838                i2c_busy_wait
                0x0000000000000850                i2c_auto_detect
                0x00000000000008f8                i2c_short_read
                0x0000000000000984                i2c_short_write
 .text          0x00000000000009dc      0x540 obj/default/lcd_simple.o
                0x00000000000009dc                LCD_Write_Command
                0x00000000000009f0                LCD_Write_Data
                0x0000000000000a04                init_LCD
                0x0000000000000e18                transfer_LCD_no_dma
                0x0000000000000ea4                transfer_LCD_with_dma
 .text          0x0000000000000f1c        0x0 obj/default/main.o
 .text.startup  0x0000000000000f1c      0x36c obj/default/main.o
                0x0000000000000f1c                main
 .text          0x0000000000001288     0x10f8 obj/default/sobel.o
                0x0000000000001288                init_sobel_arrays
                0x000000000000136c                sobel_complete
                0x000000000000149c                sobel_mac
                0x00000000000015c4                sobel_mac_unrollx
                0x00000000000016bc                sobel_mac_unroll
                0x0000000000001778                sobel_x
                0x00000000000018b0                sobel_x_inline
                0x0000000000001b5c                sobel_x_with_rgb
                0x0000000000001cc4                sobel_y
                0x0000000000001de0                sobel_y_inline
                0x000000000000208c                sobel_y_with_rgb
                0x0000000000002210                sobel_threshold
                0x00000000000022c4                sobel_threshold128
                0x0000000000002370                GetSobel_rgb
                0x0000000000002378                GetSobelResult
 .text          0x0000000000002380       0x20 obj/default/vga.o
                0x0000000000002380                vga_set_pointer
                0x0000000000002390                vga_set_swap
 .text          0x00000000000023a0        0x0 /home/leemarc/intelFPGA_lite/18.1/nios2eds/bin/gnu/H-x86_64-pc-linux-gnu/bin/../lib/gcc/nios2-elf/5.3.0/../../../../../H-x86_64-pc-linux-gnu/nios2-elf/lib/libc.a(lib_a-malloc.o)
 .text.malloc   0x00000000000023a0       0x14 /home/leemarc/intelFPGA_lite/18.1/nios2eds/bin/gnu/H-x86_64-pc-linux-gnu/bin/../lib/gcc/nios2-elf/5.3.0/../../../../../H-x86_64-pc-linux-gnu/nios2-elf/lib/libc.a(lib_a-malloc.o)
                0x00000000000023a0                malloc
 .text.free     0x00000000000023b4       0x14 /home/leemarc/intelFPGA_lite/18.1/nios2eds/bin/gnu/H-x86_64-pc-linux-gnu/bin/../lib/gcc/nios2-elf/5.3.0/../../../../../H-x86_64-pc-linux-gnu/nios2-elf/lib/libc.a(lib_a-malloc.o)
                0x00000000000023b4                free
 .text          0x00000000000023c8        0x0 /home/leemarc/intelFPGA_lite/18.1/nios2eds/bin/gnu/H-x86_64-pc-linux-gnu/bin/../lib/gcc/nios2-elf/5.3.0/../../../../../H-x86_64-pc-linux-gnu/nios2-elf/lib/libc.a(lib_a-mallocr.o)
 .text._malloc_r
                0x00000000000023c8      0x80c /home/leemarc/intelFPGA_lite/18.1/nios2eds/bin/gnu/H-x86_64-pc-linux-gnu/bin/../lib/gcc/nios2-elf/5.3.0/../../../../../H-x86_64-pc-linux-gnu/nios2-elf/lib/libc.a(lib_a-mallocr.o)
                0x00000000000023c8                _malloc_r
 .text          0x0000000000002bd4        0x0 /home/leemarc/intelFPGA_lite/18.1/nios2eds/bin/gnu/H-x86_64-pc-linux-gnu/bin/../lib/gcc/nios2-elf/5.3.0/../../../../../H-x86_64-pc-linux-gnu/nios2-elf/lib/libc.a(lib_a-printf.o)
 .text._printf_r
                0x0000000000002bd4       0x30 /home/leemarc/intelFPGA_lite/18.1/nios2eds/bin/gnu/H-x86_64-pc-linux-gnu/bin/../lib/gcc/nios2-elf/5.3.0/../../../../../H-x86_64-pc-linux-gnu/nios2-elf/lib/libc.a(lib_a-printf.o)
                0x0000000000002bd4                _printf_r
 .text.printf   0x0000000000002c04       0x3c /home/leemarc/intelFPGA_lite/18.1/nios2eds/bin/gnu/H-x86_64-pc-linux-gnu/bin/../lib/gcc/nios2-elf/5.3.0/../../../../../H-x86_64-pc-linux-gnu/nios2-elf/lib/libc.a(lib_a-printf.o)
                0x0000000000002c04                printf
 .text          0x0000000000002c40        0x0 /home/leemarc/intelFPGA_lite/18.1/nios2eds/bin/gnu/H-x86_64-pc-linux-gnu/bin/../lib/gcc/nios2-elf/5.3.0/../../../../../H-x86_64-pc-linux-gnu/nios2-elf/lib/libc.a(lib_a-puts.o)
 .text._puts_r  0x0000000000002c40       0xc0 /home/leemarc/intelFPGA_lite/18.1/nios2eds/bin/gnu/H-x86_64-pc-linux-gnu/bin/../lib/gcc/nios2-elf/5.3.0/../../../../../H-x86_64-pc-linux-gnu/nios2-elf/lib/libc.a(lib_a-puts.o)
                0x0000000000002c40                _puts_r
 .text.puts     0x0000000000002d00       0x14 /home/leemarc/intelFPGA_lite/18.1/nios2eds/bin/gnu/H-x86_64-pc-linux-gnu/bin/../lib/gcc/nios2-elf/5.3.0/../../../../../H-x86_64-pc-linux-gnu/nios2-elf/lib/libc.a(lib_a-puts.o)
                0x0000000000002d00                puts
 .text          0x0000000000002d14        0x0 /home/leemarc/intelFPGA_lite/18.1/nios2eds/bin/gnu/H-x86_64-pc-linux-gnu/bin/../lib/gcc/nios2-elf/5.3.0/../../../../../H-x86_64-pc-linux-gnu/nios2-elf/lib/libc.a(lib_a-sbrkr.o)
 .text._sbrk_r  0x0000000000002d14       0x54 /home/leemarc/intelFPGA_lite/18.1/nios2eds/bin/gnu/H-x86_64-pc-linux-gnu/bin/../lib/gcc/nios2-elf/5.3.0/../../../../../H-x86_64-pc-linux-gnu/nios2-elf/lib/libc.a(lib_a-sbrkr.o)
                0x0000000000002d14                _sbrk_r
 .text          0x0000000000002d68        0x0 /home/leemarc/intelFPGA_lite/18.1/nios2eds/bin/gnu/H-x86_64-pc-linux-gnu/bin/../lib/gcc/nios2-elf/5.3.0/../../../../../H-x86_64-pc-linux-gnu/nios2-elf/lib/libc.a(lib_a-strlen.o)
 .text.strlen   0x0000000000002d68       0x98 /home/leemarc/intelFPGA_lite/18.1/nios2eds/bin/gnu/H-x86_64-pc-linux-gnu/bin/../lib/gcc/nios2-elf/5.3.0/../../../../../H-x86_64-pc-linux-gnu/nios2-elf/lib/libc.a(lib_a-strlen.o)
                0x0000000000002d68                strlen
 .text          0x0000000000002e00        0x0 /home/leemarc/intelFPGA_lite/18.1/nios2eds/bin/gnu/H-x86_64-pc-linux-gnu/bin/../lib/gcc/nios2-elf/5.3.0/../../../../../H-x86_64-pc-linux-gnu/nios2-elf/lib/libc.a(lib_a-vfprintf.o)
 .text.___vfprintf_internal_r
                0x0000000000002e00     0x21f8 /home/leemarc/intelFPGA_lite/18.1/nios2eds/bin/gnu/H-x86_64-pc-linux-gnu/bin/../lib/gcc/nios2-elf/5.3.0/../../../../../H-x86_64-pc-linux-gnu/nios2-elf/lib/libc.a(lib_a-vfprintf.o)
                0x0000000000002e00                ___vfprintf_internal_r
 .text.__vfprintf_internal
                0x0000000000004ff8       0x1c /home/leemarc/intelFPGA_lite/18.1/nios2eds/bin/gnu/H-x86_64-pc-linux-gnu/bin/../lib/gcc/nios2-elf/5.3.0/../../../../../H-x86_64-pc-linux-gnu/nios2-elf/lib/libc.a(lib_a-vfprintf.o)
                0x0000000000004ff8                __vfprintf_internal
 .text.__sbprintf
                0x0000000000005014       0xbc /home/leemarc/intelFPGA_lite/18.1/nios2eds/bin/gnu/H-x86_64-pc-linux-gnu/bin/../lib/gcc/nios2-elf/5.3.0/../../../../../H-x86_64-pc-linux-gnu/nios2-elf/lib/libc.a(lib_a-vfprintf.o)
 .text          0x00000000000050d0        0x0 /home/leemarc/intelFPGA_lite/18.1/nios2eds/bin/gnu/H-x86_64-pc-linux-gnu/bin/../lib/gcc/nios2-elf/5.3.0/../../../../../H-x86_64-pc-linux-gnu/nios2-elf/lib/libc.a(lib_a-wsetup.o)
 .text.__swsetup_r
                0x00000000000050d0      0x154 /home/leemarc/intelFPGA_lite/18.1/nios2eds/bin/gnu/H-x86_64-pc-linux-gnu/bin/../lib/gcc/nios2-elf/5.3.0/../../../../../H-x86_64-pc-linux-gnu/nios2-elf/lib/libc.a(lib_a-wsetup.o)
                0x00000000000050d0                __swsetup_r
 .text          0x0000000000005224        0x0 /home/leemarc/intelFPGA_lite/18.1/nios2eds/bin/gnu/H-x86_64-pc-linux-gnu/bin/../lib/gcc/nios2-elf/5.3.0/../../../../../H-x86_64-pc-linux-gnu/nios2-elf/lib/libc.a(lib_a-dtoa.o)
 .text.quorem   0x0000000000005224      0x200 /home/leemarc/intelFPGA_lite/18.1/nios2eds/bin/gnu/H-x86_64-pc-linux-gnu/bin/../lib/gcc/nios2-elf/5.3.0/../../../../../H-x86_64-pc-linux-gnu/nios2-elf/lib/libc.a(lib_a-dtoa.o)
 .text._dtoa_r  0x0000000000005424     0x1688 /home/leemarc/intelFPGA_lite/18.1/nios2eds/bin/gnu/H-x86_64-pc-linux-gnu/bin/../lib/gcc/nios2-elf/5.3.0/../../../../../H-x86_64-pc-linux-gnu/nios2-elf/lib/libc.a(lib_a-dtoa.o)
                0x0000000000005424                _dtoa_r
 .text          0x0000000000006aac        0x0 /home/leemarc/intelFPGA_lite/18.1/nios2eds/bin/gnu/H-x86_64-pc-linux-gnu/bin/../lib/gcc/nios2-elf/5.3.0/../../../../../H-x86_64-pc-linux-gnu/nios2-elf/lib/libc.a(lib_a-fflush.o)
 .text.__sflush_r
                0x0000000000006aac      0x21c /home/leemarc/intelFPGA_lite/18.1/nios2eds/bin/gnu/H-x86_64-pc-linux-gnu/bin/../lib/gcc/nios2-elf/5.3.0/../../../../../H-x86_64-pc-linux-gnu/nios2-elf/lib/libc.a(lib_a-fflush.o)
                0x0000000000006aac                __sflush_r
 .text._fflush_r
                0x0000000000006cc8       0x5c /home/leemarc/intelFPGA_lite/18.1/nios2eds/bin/gnu/H-x86_64-pc-linux-gnu/bin/../lib/gcc/nios2-elf/5.3.0/../../../../../H-x86_64-pc-linux-gnu/nios2-elf/lib/libc.a(lib_a-fflush.o)
                0x0000000000006cc8                _fflush_r
 .text.fflush   0x0000000000006d24       0x30 /home/leemarc/intelFPGA_lite/18.1/nios2eds/bin/gnu/H-x86_64-pc-linux-gnu/bin/../lib/gcc/nios2-elf/5.3.0/../../../../../H-x86_64-pc-linux-gnu/nios2-elf/lib/libc.a(lib_a-fflush.o)
                0x0000000000006d24                fflush
 .text          0x0000000000006d54        0x0 /home/leemarc/intelFPGA_lite/18.1/nios2eds/bin/gnu/H-x86_64-pc-linux-gnu/bin/../lib/gcc/nios2-elf/5.3.0/../../../../../H-x86_64-pc-linux-gnu/nios2-elf/lib/libc.a(lib_a-findfp.o)
 .text.__fp_unlock
                0x0000000000006d54        0x8 /home/leemarc/intelFPGA_lite/18.1/nios2eds/bin/gnu/H-x86_64-pc-linux-gnu/bin/../lib/gcc/nios2-elf/5.3.0/../../../../../H-x86_64-pc-linux-gnu/nios2-elf/lib/libc.a(lib_a-findfp.o)
 .text._cleanup_r
                0x0000000000006d5c        0xc /home/leemarc/intelFPGA_lite/18.1/nios2eds/bin/gnu/H-x86_64-pc-linux-gnu/bin/../lib/gcc/nios2-elf/5.3.0/../../../../../H-x86_64-pc-linux-gnu/nios2-elf/lib/libc.a(lib_a-findfp.o)
                0x0000000000006d5c                _cleanup_r
 .text.__sinit.part.1
                0x0000000000006d68      0x19c /home/leemarc/intelFPGA_lite/18.1/nios2eds/bin/gnu/H-x86_64-pc-linux-gnu/bin/../lib/gcc/nios2-elf/5.3.0/../../../../../H-x86_64-pc-linux-gnu/nios2-elf/lib/libc.a(lib_a-findfp.o)
 .text.__fp_lock
                0x0000000000006f04        0x8 /home/leemarc/intelFPGA_lite/18.1/nios2eds/bin/gnu/H-x86_64-pc-linux-gnu/bin/../lib/gcc/nios2-elf/5.3.0/../../../../../H-x86_64-pc-linux-gnu/nios2-elf/lib/libc.a(lib_a-findfp.o)
 .text.__sfmoreglue
                0x0000000000006f0c       0x68 /home/leemarc/intelFPGA_lite/18.1/nios2eds/bin/gnu/H-x86_64-pc-linux-gnu/bin/../lib/gcc/nios2-elf/5.3.0/../../../../../H-x86_64-pc-linux-gnu/nios2-elf/lib/libc.a(lib_a-findfp.o)
                0x0000000000006f0c                __sfmoreglue
 .text.__sfp    0x0000000000006f74      0x118 /home/leemarc/intelFPGA_lite/18.1/nios2eds/bin/gnu/H-x86_64-pc-linux-gnu/bin/../lib/gcc/nios2-elf/5.3.0/../../../../../H-x86_64-pc-linux-gnu/nios2-elf/lib/libc.a(lib_a-findfp.o)
                0x0000000000006f74                __sfp
 .text._cleanup
                0x000000000000708c       0x18 /home/leemarc/intelFPGA_lite/18.1/nios2eds/bin/gnu/H-x86_64-pc-linux-gnu/bin/../lib/gcc/nios2-elf/5.3.0/../../../../../H-x86_64-pc-linux-gnu/nios2-elf/lib/libc.a(lib_a-findfp.o)
                0x000000000000708c                _cleanup
 .text.__sinit  0x00000000000070a4       0x10 /home/leemarc/intelFPGA_lite/18.1/nios2eds/bin/gnu/H-x86_64-pc-linux-gnu/bin/../lib/gcc/nios2-elf/5.3.0/../../../../../H-x86_64-pc-linux-gnu/nios2-elf/lib/libc.a(lib_a-findfp.o)
                0x00000000000070a4                __sinit
 .text.__sfp_lock_acquire
                0x00000000000070b4        0x4 /home/leemarc/intelFPGA_lite/18.1/nios2eds/bin/gnu/H-x86_64-pc-linux-gnu/bin/../lib/gcc/nios2-elf/5.3.0/../../../../../H-x86_64-pc-linux-gnu/nios2-elf/lib/libc.a(lib_a-findfp.o)
                0x00000000000070b4                __sfp_lock_acquire
 .text.__sfp_lock_release
                0x00000000000070b8        0x4 /home/leemarc/intelFPGA_lite/18.1/nios2eds/bin/gnu/H-x86_64-pc-linux-gnu/bin/../lib/gcc/nios2-elf/5.3.0/../../../../../H-x86_64-pc-linux-gnu/nios2-elf/lib/libc.a(lib_a-findfp.o)
                0x00000000000070b8                __sfp_lock_release
 .text.__sinit_lock_acquire
                0x00000000000070bc        0x4 /home/leemarc/intelFPGA_lite/18.1/nios2eds/bin/gnu/H-x86_64-pc-linux-gnu/bin/../lib/gcc/nios2-elf/5.3.0/../../../../../H-x86_64-pc-linux-gnu/nios2-elf/lib/libc.a(lib_a-findfp.o)
                0x00000000000070bc                __sinit_lock_acquire
 .text.__sinit_lock_release
                0x00000000000070c0        0x4 /home/leemarc/intelFPGA_lite/18.1/nios2eds/bin/gnu/H-x86_64-pc-linux-gnu/bin/../lib/gcc/nios2-elf/5.3.0/../../../../../H-x86_64-pc-linux-gnu/nios2-elf/lib/libc.a(lib_a-findfp.o)
                0x00000000000070c0                __sinit_lock_release
 .text.__fp_lock_all
                0x00000000000070c4       0x18 /home/leemarc/intelFPGA_lite/18.1/nios2eds/bin/gnu/H-x86_64-pc-linux-gnu/bin/../lib/gcc/nios2-elf/5.3.0/../../../../../H-x86_64-pc-linux-gnu/nios2-elf/lib/libc.a(lib_a-findfp.o)
                0x00000000000070c4                __fp_lock_all
 .text.__fp_unlock_all
                0x00000000000070dc       0x18 /home/leemarc/intelFPGA_lite/18.1/nios2eds/bin/gnu/H-x86_64-pc-linux-gnu/bin/../lib/gcc/nios2-elf/5.3.0/../../../../../H-x86_64-pc-linux-gnu/nios2-elf/lib/libc.a(lib_a-findfp.o)
                0x00000000000070dc                __fp_unlock_all
 .text          0x00000000000070f4        0x0 /home/leemarc/intelFPGA_lite/18.1/nios2eds/bin/gnu/H-x86_64-pc-linux-gnu/bin/../lib/gcc/nios2-elf/5.3.0/../../../../../H-x86_64-pc-linux-gnu/nios2-elf/lib/libc.a(lib_a-freer.o)
 .text._malloc_trim_r
                0x00000000000070f4      0x124 /home/leemarc/intelFPGA_lite/18.1/nios2eds/bin/gnu/H-x86_64-pc-linux-gnu/bin/../lib/gcc/nios2-elf/5.3.0/../../../../../H-x86_64-pc-linux-gnu/nios2-elf/lib/libc.a(lib_a-freer.o)
                0x00000000000070f4                _malloc_trim_r
 .text._free_r  0x0000000000007218      0x310 /home/leemarc/intelFPGA_lite/18.1/nios2eds/bin/gnu/H-x86_64-pc-linux-gnu/bin/../lib/gcc/nios2-elf/5.3.0/../../../../../H-x86_64-pc-linux-gnu/nios2-elf/lib/libc.a(lib_a-freer.o)
                0x0000000000007218                _free_r
 .text          0x0000000000007528        0x0 /home/leemarc/intelFPGA_lite/18.1/nios2eds/bin/gnu/H-x86_64-pc-linux-gnu/bin/../lib/gcc/nios2-elf/5.3.0/../../../../../H-x86_64-pc-linux-gnu/nios2-elf/lib/libc.a(lib_a-fvwrite.o)
 .text.__sfvwrite_r
                0x0000000000007528      0x4bc /home/leemarc/intelFPGA_lite/18.1/nios2eds/bin/gnu/H-x86_64-pc-linux-gnu/bin/../lib/gcc/nios2-elf/5.3.0/../../../../../H-x86_64-pc-linux-gnu/nios2-elf/lib/libc.a(lib_a-fvwrite.o)
                0x0000000000007528                __sfvwrite_r
 .text          0x00000000000079e4        0x0 /home/leemarc/intelFPGA_lite/18.1/nios2eds/bin/gnu/H-x86_64-pc-linux-gnu/bin/../lib/gcc/nios2-elf/5.3.0/../../../../../H-x86_64-pc-linux-gnu/nios2-elf/lib/libc.a(lib_a-fwalk.o)
 .text._fwalk   0x00000000000079e4       0xc4 /home/leemarc/intelFPGA_lite/18.1/nios2eds/bin/gnu/H-x86_64-pc-linux-gnu/bin/../lib/gcc/nios2-elf/5.3.0/../../../../../H-x86_64-pc-linux-gnu/nios2-elf/lib/libc.a(lib_a-fwalk.o)
                0x00000000000079e4                _fwalk
 .text._fwalk_reent
                0x0000000000007aa8       0xc4 /home/leemarc/intelFPGA_lite/18.1/nios2eds/bin/gnu/H-x86_64-pc-linux-gnu/bin/../lib/gcc/nios2-elf/5.3.0/../../../../../H-x86_64-pc-linux-gnu/nios2-elf/lib/libc.a(lib_a-fwalk.o)
                0x0000000000007aa8                _fwalk_reent
 .text          0x0000000000007b6c        0x0 /home/leemarc/intelFPGA_lite/18.1/nios2eds/bin/gnu/H-x86_64-pc-linux-gnu/bin/../lib/gcc/nios2-elf/5.3.0/../../../../../H-x86_64-pc-linux-gnu/nios2-elf/lib/libc.a(lib_a-impure.o)
 .text          0x0000000000007b6c        0x0 /home/leemarc/intelFPGA_lite/18.1/nios2eds/bin/gnu/H-x86_64-pc-linux-gnu/bin/../lib/gcc/nios2-elf/5.3.0/../../../../../H-x86_64-pc-linux-gnu/nios2-elf/lib/libc.a(lib_a-int_errno.o)
 .text          0x0000000000007b6c        0x0 /home/leemarc/intelFPGA_lite/18.1/nios2eds/bin/gnu/H-x86_64-pc-linux-gnu/bin/../lib/gcc/nios2-elf/5.3.0/../../../../../H-x86_64-pc-linux-gnu/nios2-elf/lib/libc.a(lib_a-locale.o)
 .text._setlocale_r
                0x0000000000007b6c       0x7c /home/leemarc/intelFPGA_lite/18.1/nios2eds/bin/gnu/H-x86_64-pc-linux-gnu/bin/../lib/gcc/nios2-elf/5.3.0/../../../../../H-x86_64-pc-linux-gnu/nios2-elf/lib/libc.a(lib_a-locale.o)
                0x0000000000007b6c                _setlocale_r
 .text.__locale_charset
                0x0000000000007be8        0xc /home/leemarc/intelFPGA_lite/18.1/nios2eds/bin/gnu/H-x86_64-pc-linux-gnu/bin/../lib/gcc/nios2-elf/5.3.0/../../../../../H-x86_64-pc-linux-gnu/nios2-elf/lib/libc.a(lib_a-locale.o)
                0x0000000000007be8                __locale_charset
 .text.__locale_mb_cur_max
                0x0000000000007bf4       0x10 /home/leemarc/intelFPGA_lite/18.1/nios2eds/bin/gnu/H-x86_64-pc-linux-gnu/bin/../lib/gcc/nios2-elf/5.3.0/../../../../../H-x86_64-pc-linux-gnu/nios2-elf/lib/libc.a(lib_a-locale.o)
                0x0000000000007bf4                __locale_mb_cur_max
 .text.__locale_msgcharset
                0x0000000000007c04        0xc /home/leemarc/intelFPGA_lite/18.1/nios2eds/bin/gnu/H-x86_64-pc-linux-gnu/bin/../lib/gcc/nios2-elf/5.3.0/../../../../../H-x86_64-pc-linux-gnu/nios2-elf/lib/libc.a(lib_a-locale.o)
                0x0000000000007c04                __locale_msgcharset
 .text.__locale_cjk_lang
                0x0000000000007c10        0x8 /home/leemarc/intelFPGA_lite/18.1/nios2eds/bin/gnu/H-x86_64-pc-linux-gnu/bin/../lib/gcc/nios2-elf/5.3.0/../../../../../H-x86_64-pc-linux-gnu/nios2-elf/lib/libc.a(lib_a-locale.o)
                0x0000000000007c10                __locale_cjk_lang
 .text._localeconv_r
                0x0000000000007c18        0xc /home/leemarc/intelFPGA_lite/18.1/nios2eds/bin/gnu/H-x86_64-pc-linux-gnu/bin/../lib/gcc/nios2-elf/5.3.0/../../../../../H-x86_64-pc-linux-gnu/nios2-elf/lib/libc.a(lib_a-locale.o)
                0x0000000000007c18                _localeconv_r
 .text.setlocale
                0x0000000000007c24       0x18 /home/leemarc/intelFPGA_lite/18.1/nios2eds/bin/gnu/H-x86_64-pc-linux-gnu/bin/../lib/gcc/nios2-elf/5.3.0/../../../../../H-x86_64-pc-linux-gnu/nios2-elf/lib/libc.a(lib_a-locale.o)
                0x0000000000007c24                setlocale
 .text.localeconv
                0x0000000000007c3c        0xc /home/leemarc/intelFPGA_lite/18.1/nios2eds/bin/gnu/H-x86_64-pc-linux-gnu/bin/../lib/gcc/nios2-elf/5.3.0/../../../../../H-x86_64-pc-linux-gnu/nios2-elf/lib/libc.a(lib_a-locale.o)
                0x0000000000007c3c                localeconv
 .text          0x0000000000007c48        0x0 /home/leemarc/intelFPGA_lite/18.1/nios2eds/bin/gnu/H-x86_64-pc-linux-gnu/bin/../lib/gcc/nios2-elf/5.3.0/../../../../../H-x86_64-pc-linux-gnu/nios2-elf/lib/libc.a(lib_a-makebuf.o)
 .text.__smakebuf_r
                0x0000000000007c48      0x1bc /home/leemarc/intelFPGA_lite/18.1/nios2eds/bin/gnu/H-x86_64-pc-linux-gnu/bin/../lib/gcc/nios2-elf/5.3.0/../../../../../H-x86_64-pc-linux-gnu/nios2-elf/lib/libc.a(lib_a-makebuf.o)
                0x0000000000007c48                __smakebuf_r
 .text          0x0000000000007e04        0x0 /home/leemarc/intelFPGA_lite/18.1/nios2eds/bin/gnu/H-x86_64-pc-linux-gnu/bin/../lib/gcc/nios2-elf/5.3.0/../../../../../H-x86_64-pc-linux-gnu/nios2-elf/lib/libc.a(lib_a-memchr.o)
 .text.memchr   0x0000000000007e04       0xe4 /home/leemarc/intelFPGA_lite/18.1/nios2eds/bin/gnu/H-x86_64-pc-linux-gnu/bin/../lib/gcc/nios2-elf/5.3.0/../../../../../H-x86_64-pc-linux-gnu/nios2-elf/lib/libc.a(lib_a-memchr.o)
                0x0000000000007e04                memchr
 .text          0x0000000000007ee8        0x0 /home/leemarc/intelFPGA_lite/18.1/nios2eds/bin/gnu/H-x86_64-pc-linux-gnu/bin/../lib/gcc/nios2-elf/5.3.0/../../../../../H-x86_64-pc-linux-gnu/nios2-elf/lib/libc.a(lib_a-memcpy.o)
 .text.memcpy   0x0000000000007ee8      0x148 /home/leemarc/intelFPGA_lite/18.1/nios2eds/bin/gnu/H-x86_64-pc-linux-gnu/bin/../lib/gcc/nios2-elf/5.3.0/../../../../../H-x86_64-pc-linux-gnu/nios2-elf/lib/libc.a(lib_a-memcpy.o)
                0x0000000000007ee8                memcpy
 .text          0x0000000000008030        0x0 /home/leemarc/intelFPGA_lite/18.1/nios2eds/bin/gnu/H-x86_64-pc-linux-gnu/bin/../lib/gcc/nios2-elf/5.3.0/../../../../../H-x86_64-pc-linux-gnu/nios2-elf/lib/libc.a(lib_a-memmove.o)
 .text.memmove  0x0000000000008030      0x15c /home/leemarc/intelFPGA_lite/18.1/nios2eds/bin/gnu/H-x86_64-pc-linux-gnu/bin/../lib/gcc/nios2-elf/5.3.0/../../../../../H-x86_64-pc-linux-gnu/nios2-elf/lib/libc.a(lib_a-memmove.o)
                0x0000000000008030                memmove
 .text          0x000000000000818c        0x0 /home/leemarc/intelFPGA_lite/18.1/nios2eds/bin/gnu/H-x86_64-pc-linux-gnu/bin/../lib/gcc/nios2-elf/5.3.0/../../../../../H-x86_64-pc-linux-gnu/nios2-elf/lib/libc.a(lib_a-memset.o)
 .text.memset   0x000000000000818c      0x128 /home/leemarc/intelFPGA_lite/18.1/nios2eds/bin/gnu/H-x86_64-pc-linux-gnu/bin/../lib/gcc/nios2-elf/5.3.0/../../../../../H-x86_64-pc-linux-gnu/nios2-elf/lib/libc.a(lib_a-memset.o)
                0x000000000000818c                memset
 .text          0x00000000000082b4        0x0 /home/leemarc/intelFPGA_lite/18.1/nios2eds/bin/gnu/H-x86_64-pc-linux-gnu/bin/../lib/gcc/nios2-elf/5.3.0/../../../../../H-x86_64-pc-linux-gnu/nios2-elf/lib/libc.a(lib_a-mprec.o)
 .text._Balloc  0x00000000000082b4       0xa8 /home/leemarc/intelFPGA_lite/18.1/nios2eds/bin/gnu/H-x86_64-pc-linux-gnu/bin/../lib/gcc/nios2-elf/5.3.0/../../../../../H-x86_64-pc-linux-gnu/nios2-elf/lib/libc.a(lib_a-mprec.o)
                0x00000000000082b4                _Balloc
 .text._Bfree   0x000000000000835c       0x28 /home/leemarc/intelFPGA_lite/18.1/nios2eds/bin/gnu/H-x86_64-pc-linux-gnu/bin/../lib/gcc/nios2-elf/5.3.0/../../../../../H-x86_64-pc-linux-gnu/nios2-elf/lib/libc.a(lib_a-mprec.o)
                0x000000000000835c                _Bfree
 .text.__multadd
                0x0000000000008384      0x120 /home/leemarc/intelFPGA_lite/18.1/nios2eds/bin/gnu/H-x86_64-pc-linux-gnu/bin/../lib/gcc/nios2-elf/5.3.0/../../../../../H-x86_64-pc-linux-gnu/nios2-elf/lib/libc.a(lib_a-mprec.o)
                0x0000000000008384                __multadd
 .text.__s2b    0x00000000000084a4      0x104 /home/leemarc/intelFPGA_lite/18.1/nios2eds/bin/gnu/H-x86_64-pc-linux-gnu/bin/../lib/gcc/nios2-elf/5.3.0/../../../../../H-x86_64-pc-linux-gnu/nios2-elf/lib/libc.a(lib_a-mprec.o)
                0x00000000000084a4                __s2b
 .text.__hi0bits
                0x00000000000085a8       0x68 /home/leemarc/intelFPGA_lite/18.1/nios2eds/bin/gnu/H-x86_64-pc-linux-gnu/bin/../lib/gcc/nios2-elf/5.3.0/../../../../../H-x86_64-pc-linux-gnu/nios2-elf/lib/libc.a(lib_a-mprec.o)
                0x00000000000085a8                __hi0bits
 .text.__lo0bits
                0x0000000000008610       0xb0 /home/leemarc/intelFPGA_lite/18.1/nios2eds/bin/gnu/H-x86_64-pc-linux-gnu/bin/../lib/gcc/nios2-elf/5.3.0/../../../../../H-x86_64-pc-linux-gnu/nios2-elf/lib/libc.a(lib_a-mprec.o)
                0x0000000000008610                __lo0bits
 .text.__i2b    0x00000000000086c0       0x3c /home/leemarc/intelFPGA_lite/18.1/nios2eds/bin/gnu/H-x86_64-pc-linux-gnu/bin/../lib/gcc/nios2-elf/5.3.0/../../../../../H-x86_64-pc-linux-gnu/nios2-elf/lib/libc.a(lib_a-mprec.o)
                0x00000000000086c0                __i2b
 .text.__multiply
                0x00000000000086fc      0x1f8 /home/leemarc/intelFPGA_lite/18.1/nios2eds/bin/gnu/H-x86_64-pc-linux-gnu/bin/../lib/gcc/nios2-elf/5.3.0/../../../../../H-x86_64-pc-linux-gnu/nios2-elf/lib/libc.a(lib_a-mprec.o)
                0x00000000000086fc                __multiply
 .text.__pow5mult
                0x00000000000088f4      0x140 /home/leemarc/intelFPGA_lite/18.1/nios2eds/bin/gnu/H-x86_64-pc-linux-gnu/bin/../lib/gcc/nios2-elf/5.3.0/../../../../../H-x86_64-pc-linux-gnu/nios2-elf/lib/libc.a(lib_a-mprec.o)
                0x00000000000088f4                __pow5mult
 .text.__lshift
                0x0000000000008a34      0x148 /home/leemarc/intelFPGA_lite/18.1/nios2eds/bin/gnu/H-x86_64-pc-linux-gnu/bin/../lib/gcc/nios2-elf/5.3.0/../../../../../H-x86_64-pc-linux-gnu/nios2-elf/lib/libc.a(lib_a-mprec.o)
                0x0000000000008a34                __lshift
 .text.__mcmp   0x0000000000008b7c       0x60 /home/leemarc/intelFPGA_lite/18.1/nios2eds/bin/gnu/H-x86_64-pc-linux-gnu/bin/../lib/gcc/nios2-elf/5.3.0/../../../../../H-x86_64-pc-linux-gnu/nios2-elf/lib/libc.a(lib_a-mprec.o)
                0x0000000000008b7c                __mcmp
 .text.__mdiff  0x0000000000008bdc      0x1fc /home/leemarc/intelFPGA_lite/18.1/nios2eds/bin/gnu/H-x86_64-pc-linux-gnu/bin/../lib/gcc/nios2-elf/5.3.0/../../../../../H-x86_64-pc-linux-gnu/nios2-elf/lib/libc.a(lib_a-mprec.o)
                0x0000000000008bdc                __mdiff
 .text.__ulp    0x0000000000008dd8       0x64 /home/leemarc/intelFPGA_lite/18.1/nios2eds/bin/gnu/H-x86_64-pc-linux-gnu/bin/../lib/gcc/nios2-elf/5.3.0/../../../../../H-x86_64-pc-linux-gnu/nios2-elf/lib/libc.a(lib_a-mprec.o)
                0x0000000000008dd8                __ulp
 .text.__b2d    0x0000000000008e3c      0x10c /home/leemarc/intelFPGA_lite/18.1/nios2eds/bin/gnu/H-x86_64-pc-linux-gnu/bin/../lib/gcc/nios2-elf/5.3.0/../../../../../H-x86_64-pc-linux-gnu/nios2-elf/lib/libc.a(lib_a-mprec.o)
                0x0000000000008e3c                __b2d
 .text.__d2b    0x0000000000008f48      0x14c /home/leemarc/intelFPGA_lite/18.1/nios2eds/bin/gnu/H-x86_64-pc-linux-gnu/bin/../lib/gcc/nios2-elf/5.3.0/../../../../../H-x86_64-pc-linux-gnu/nios2-elf/lib/libc.a(lib_a-mprec.o)
                0x0000000000008f48                __d2b
 .text.__ratio  0x0000000000009094       0xa4 /home/leemarc/intelFPGA_lite/18.1/nios2eds/bin/gnu/H-x86_64-pc-linux-gnu/bin/../lib/gcc/nios2-elf/5.3.0/../../../../../H-x86_64-pc-linux-gnu/nios2-elf/lib/libc.a(lib_a-mprec.o)
                0x0000000000009094                __ratio
 .text._mprec_log10
                0x0000000000009138       0x74 /home/leemarc/intelFPGA_lite/18.1/nios2eds/bin/gnu/H-x86_64-pc-linux-gnu/bin/../lib/gcc/nios2-elf/5.3.0/../../../../../H-x86_64-pc-linux-gnu/nios2-elf/lib/libc.a(lib_a-mprec.o)
                0x0000000000009138                _mprec_log10
 .text.__copybits
                0x00000000000091ac       0x78 /home/leemarc/intelFPGA_lite/18.1/nios2eds/bin/gnu/H-x86_64-pc-linux-gnu/bin/../lib/gcc/nios2-elf/5.3.0/../../../../../H-x86_64-pc-linux-gnu/nios2-elf/lib/libc.a(lib_a-mprec.o)
                0x00000000000091ac                __copybits
 .text.__any_on
                0x0000000000009224       0x8c /home/leemarc/intelFPGA_lite/18.1/nios2eds/bin/gnu/H-x86_64-pc-linux-gnu/bin/../lib/gcc/nios2-elf/5.3.0/../../../../../H-x86_64-pc-linux-gnu/nios2-elf/lib/libc.a(lib_a-mprec.o)
                0x0000000000009224                __any_on
 .text          0x00000000000092b0        0x0 /home/leemarc/intelFPGA_lite/18.1/nios2eds/bin/gnu/H-x86_64-pc-linux-gnu/bin/../lib/gcc/nios2-elf/5.3.0/../../../../../H-x86_64-pc-linux-gnu/nios2-elf/lib/libc.a(lib_a-reallocr.o)
 .text._realloc_r
                0x00000000000092b0      0x564 /home/leemarc/intelFPGA_lite/18.1/nios2eds/bin/gnu/H-x86_64-pc-linux-gnu/bin/../lib/gcc/nios2-elf/5.3.0/../../../../../H-x86_64-pc-linux-gnu/nios2-elf/lib/libc.a(lib_a-reallocr.o)
                0x00000000000092b0                _realloc_r
 .text          0x0000000000009814        0x0 /home/leemarc/intelFPGA_lite/18.1/nios2eds/bin/gnu/H-x86_64-pc-linux-gnu/bin/../lib/gcc/nios2-elf/5.3.0/../../../../../H-x86_64-pc-linux-gnu/nios2-elf/lib/libc.a(lib_a-s_fpclassify.o)
 .text.__fpclassifyd
                0x0000000000009814       0x74 /home/leemarc/intelFPGA_lite/18.1/nios2eds/bin/gnu/H-x86_64-pc-linux-gnu/bin/../lib/gcc/nios2-elf/5.3.0/../../../../../H-x86_64-pc-linux-gnu/nios2-elf/lib/libc.a(lib_a-s_fpclassify.o)
                0x0000000000009814                __fpclassifyd
 .text          0x0000000000009888        0x0 /home/leemarc/intelFPGA_lite/18.1/nios2eds/bin/gnu/H-x86_64-pc-linux-gnu/bin/../lib/gcc/nios2-elf/5.3.0/../../../../../H-x86_64-pc-linux-gnu/nios2-elf/lib/libc.a(lib_a-stdio.o)
 .text.__sread  0x0000000000009888       0x54 /home/leemarc/intelFPGA_lite/18.1/nios2eds/bin/gnu/H-x86_64-pc-linux-gnu/bin/../lib/gcc/nios2-elf/5.3.0/../../../../../H-x86_64-pc-linux-gnu/nios2-elf/lib/libc.a(lib_a-stdio.o)
                0x0000000000009888                __sread
 .text.__seofread
                0x00000000000098dc        0x8 /home/leemarc/intelFPGA_lite/18.1/nios2eds/bin/gnu/H-x86_64-pc-linux-gnu/bin/../lib/gcc/nios2-elf/5.3.0/../../../../../H-x86_64-pc-linux-gnu/nios2-elf/lib/libc.a(lib_a-stdio.o)
                0x00000000000098dc                __seofread
 .text.__swrite
                0x00000000000098e4       0x7c /home/leemarc/intelFPGA_lite/18.1/nios2eds/bin/gnu/H-x86_64-pc-linux-gnu/bin/../lib/gcc/nios2-elf/5.3.0/../../../../../H-x86_64-pc-linux-gnu/nios2-elf/lib/libc.a(lib_a-stdio.o)
                0x00000000000098e4                __swrite
 .text.__sseek  0x0000000000009960       0x5c /home/leemarc/intelFPGA_lite/18.1/nios2eds/bin/gnu/H-x86_64-pc-linux-gnu/bin/../lib/gcc/nios2-elf/5.3.0/../../../../../H-x86_64-pc-linux-gnu/nios2-elf/lib/libc.a(lib_a-stdio.o)
                0x0000000000009960                __sseek
 .text.__sclose
                0x00000000000099bc        0x8 /home/leemarc/intelFPGA_lite/18.1/nios2eds/bin/gnu/H-x86_64-pc-linux-gnu/bin/../lib/gcc/nios2-elf/5.3.0/../../../../../H-x86_64-pc-linux-gnu/nios2-elf/lib/libc.a(lib_a-stdio.o)
                0x00000000000099bc                __sclose
 .text          0x00000000000099c4        0x0 /home/leemarc/intelFPGA_lite/18.1/nios2eds/bin/gnu/H-x86_64-pc-linux-gnu/bin/../lib/gcc/nios2-elf/5.3.0/../../../../../H-x86_64-pc-linux-gnu/nios2-elf/lib/libc.a(lib_a-strcmp.o)
 .text.strcmp   0x00000000000099c4       0xdc /home/leemarc/intelFPGA_lite/18.1/nios2eds/bin/gnu/H-x86_64-pc-linux-gnu/bin/../lib/gcc/nios2-elf/5.3.0/../../../../../H-x86_64-pc-linux-gnu/nios2-elf/lib/libc.a(lib_a-strcmp.o)
                0x00000000000099c4                strcmp
 .text          0x0000000000009aa0        0x0 /home/leemarc/intelFPGA_lite/18.1/nios2eds/bin/gnu/H-x86_64-pc-linux-gnu/bin/../lib/gcc/nios2-elf/5.3.0/../../../../../H-x86_64-pc-linux-gnu/nios2-elf/lib/libc.a(lib_a-vfiprintf.o)
 .text.__sprint_r.part.0
                0x0000000000009aa0       0xfc /home/leemarc/intelFPGA_lite/18.1/nios2eds/bin/gnu/H-x86_64-pc-linux-gnu/bin/../lib/gcc/nios2-elf/5.3.0/../../../../../H-x86_64-pc-linux-gnu/nios2-elf/lib/libc.a(lib_a-vfiprintf.o)
 .text.__sprint_r
                0x0000000000009b9c       0x18 /home/leemarc/intelFPGA_lite/18.1/nios2eds/bin/gnu/H-x86_64-pc-linux-gnu/bin/../lib/gcc/nios2-elf/5.3.0/../../../../../H-x86_64-pc-linux-gnu/nios2-elf/lib/libc.a(lib_a-vfiprintf.o)
                0x0000000000009b9c                __sprint_r
 .text.___vfiprintf_internal_r
                0x0000000000009bb4     0x145c /home/leemarc/intelFPGA_lite/18.1/nios2eds/bin/gnu/H-x86_64-pc-linux-gnu/bin/../lib/gcc/nios2-elf/5.3.0/../../../../../H-x86_64-pc-linux-gnu/nios2-elf/lib/libc.a(lib_a-vfiprintf.o)
                0x0000000000009bb4                ___vfiprintf_internal_r
 .text.__vfiprintf_internal
                0x000000000000b010       0x1c /home/leemarc/intelFPGA_lite/18.1/nios2eds/bin/gnu/H-x86_64-pc-linux-gnu/bin/../lib/gcc/nios2-elf/5.3.0/../../../../../H-x86_64-pc-linux-gnu/nios2-elf/lib/libc.a(lib_a-vfiprintf.o)
                0x000000000000b010                __vfiprintf_internal
 .text.__sbprintf
                0x000000000000b02c       0xbc /home/leemarc/intelFPGA_lite/18.1/nios2eds/bin/gnu/H-x86_64-pc-linux-gnu/bin/../lib/gcc/nios2-elf/5.3.0/../../../../../H-x86_64-pc-linux-gnu/nios2-elf/lib/libc.a(lib_a-vfiprintf.o)
 .text          0x000000000000b0e8        0x0 /home/leemarc/intelFPGA_lite/18.1/nios2eds/bin/gnu/H-x86_64-pc-linux-gnu/bin/../lib/gcc/nios2-elf/5.3.0/../../../../../H-x86_64-pc-linux-gnu/nios2-elf/lib/libc.a(lib_a-writer.o)
 .text._write_r
                0x000000000000b0e8       0x60 /home/leemarc/intelFPGA_lite/18.1/nios2eds/bin/gnu/H-x86_64-pc-linux-gnu/bin/../lib/gcc/nios2-elf/5.3.0/../../../../../H-x86_64-pc-linux-gnu/nios2-elf/lib/libc.a(lib_a-writer.o)
                0x000000000000b0e8                _write_r
 .text          0x000000000000b148        0x0 /home/leemarc/intelFPGA_lite/18.1/nios2eds/bin/gnu/H-x86_64-pc-linux-gnu/bin/../lib/gcc/nios2-elf/5.3.0/../../../../../H-x86_64-pc-linux-gnu/nios2-elf/lib/libc.a(closer.o)
 .text._close_r
                0x000000000000b148       0x54 /home/leemarc/intelFPGA_lite/18.1/nios2eds/bin/gnu/H-x86_64-pc-linux-gnu/bin/../lib/gcc/nios2-elf/5.3.0/../../../../../H-x86_64-pc-linux-gnu/nios2-elf/lib/libc.a(closer.o)
                0x000000000000b148                _close_r
 .text          0x000000000000b19c        0x0 /home/leemarc/intelFPGA_lite/18.1/nios2eds/bin/gnu/H-x86_64-pc-linux-gnu/bin/../lib/gcc/nios2-elf/5.3.0/../../../../../H-x86_64-pc-linux-gnu/nios2-elf/lib/libc.a(lib_a-callocr.o)
 .text._calloc_r
                0x000000000000b19c       0xc4 /home/leemarc/intelFPGA_lite/18.1/nios2eds/bin/gnu/H-x86_64-pc-linux-gnu/bin/../lib/gcc/nios2-elf/5.3.0/../../../../../H-x86_64-pc-linux-gnu/nios2-elf/lib/libc.a(lib_a-callocr.o)
                0x000000000000b19c                _calloc_r
 .text          0x000000000000b260        0x0 /home/leemarc/intelFPGA_lite/18.1/nios2eds/bin/gnu/H-x86_64-pc-linux-gnu/bin/../lib/gcc/nios2-elf/5.3.0/../../../../../H-x86_64-pc-linux-gnu/nios2-elf/lib/libc.a(lib_a-fclose.o)
 .text._fclose_r
                0x000000000000b260       0xf0 /home/leemarc/intelFPGA_lite/18.1/nios2eds/bin/gnu/H-x86_64-pc-linux-gnu/bin/../lib/gcc/nios2-elf/5.3.0/../../../../../H-x86_64-pc-linux-gnu/nios2-elf/lib/libc.a(lib_a-fclose.o)
                0x000000000000b260                _fclose_r
 .text.fclose   0x000000000000b350       0x14 /home/leemarc/intelFPGA_lite/18.1/nios2eds/bin/gnu/H-x86_64-pc-linux-gnu/bin/../lib/gcc/nios2-elf/5.3.0/../../../../../H-x86_64-pc-linux-gnu/nios2-elf/lib/libc.a(lib_a-fclose.o)
                0x000000000000b350                fclose
 .text          0x000000000000b364        0x0 /home/leemarc/intelFPGA_lite/18.1/nios2eds/bin/gnu/H-x86_64-pc-linux-gnu/bin/../lib/gcc/nios2-elf/5.3.0/../../../../../H-x86_64-pc-linux-gnu/nios2-elf/lib/libc.a(lib_a-fputwc.o)
 .text.__fputwc
                0x000000000000b364      0x164 /home/leemarc/intelFPGA_lite/18.1/nios2eds/bin/gnu/H-x86_64-pc-linux-gnu/bin/../lib/gcc/nios2-elf/5.3.0/../../../../../H-x86_64-pc-linux-gnu/nios2-elf/lib/libc.a(lib_a-fputwc.o)
                0x000000000000b364                __fputwc
 .text._fputwc_r
                0x000000000000b4c8       0x24 /home/leemarc/intelFPGA_lite/18.1/nios2eds/bin/gnu/H-x86_64-pc-linux-gnu/bin/../lib/gcc/nios2-elf/5.3.0/../../../../../H-x86_64-pc-linux-gnu/nios2-elf/lib/libc.a(lib_a-fputwc.o)
                0x000000000000b4c8                _fputwc_r
 .text.fputwc   0x000000000000b4ec       0x80 /home/leemarc/intelFPGA_lite/18.1/nios2eds/bin/gnu/H-x86_64-pc-linux-gnu/bin/../lib/gcc/nios2-elf/5.3.0/../../../../../H-x86_64-pc-linux-gnu/nios2-elf/lib/libc.a(lib_a-fputwc.o)
                0x000000000000b4ec                fputwc
 .text          0x000000000000b56c        0x0 /home/leemarc/intelFPGA_lite/18.1/nios2eds/bin/gnu/H-x86_64-pc-linux-gnu/bin/../lib/gcc/nios2-elf/5.3.0/../../../../../H-x86_64-pc-linux-gnu/nios2-elf/lib/libc.a(lib_a-fstatr.o)
 .text._fstat_r
                0x000000000000b56c       0x5c /home/leemarc/intelFPGA_lite/18.1/nios2eds/bin/gnu/H-x86_64-pc-linux-gnu/bin/../lib/gcc/nios2-elf/5.3.0/../../../../../H-x86_64-pc-linux-gnu/nios2-elf/lib/libc.a(lib_a-fstatr.o)
                0x000000000000b56c                _fstat_r
 .text          0x000000000000b5c8        0x0 /home/leemarc/intelFPGA_lite/18.1/nios2eds/bin/gnu/H-x86_64-pc-linux-gnu/bin/../lib/gcc/nios2-elf/5.3.0/../../../../../H-x86_64-pc-linux-gnu/nios2-elf/lib/libc.a(lib_a-isattyr.o)
 .text._isatty_r
                0x000000000000b5c8       0x54 /home/leemarc/intelFPGA_lite/18.1/nios2eds/bin/gnu/H-x86_64-pc-linux-gnu/bin/../lib/gcc/nios2-elf/5.3.0/../../../../../H-x86_64-pc-linux-gnu/nios2-elf/lib/libc.a(lib_a-isattyr.o)
                0x000000000000b5c8                _isatty_r
 .text          0x000000000000b61c        0x0 /home/leemarc/intelFPGA_lite/18.1/nios2eds/bin/gnu/H-x86_64-pc-linux-gnu/bin/../lib/gcc/nios2-elf/5.3.0/../../../../../H-x86_64-pc-linux-gnu/nios2-elf/lib/libc.a(lib_a-lseekr.o)
 .text._lseek_r
                0x000000000000b61c       0x60 /home/leemarc/intelFPGA_lite/18.1/nios2eds/bin/gnu/H-x86_64-pc-linux-gnu/bin/../lib/gcc/nios2-elf/5.3.0/../../../../../H-x86_64-pc-linux-gnu/nios2-elf/lib/libc.a(lib_a-lseekr.o)
                0x000000000000b61c                _lseek_r
 .text          0x000000000000b67c        0x0 /home/leemarc/intelFPGA_lite/18.1/nios2eds/bin/gnu/H-x86_64-pc-linux-gnu/bin/../lib/gcc/nios2-elf/5.3.0/../../../../../H-x86_64-pc-linux-gnu/nios2-elf/lib/libc.a(lib_a-readr.o)
 .text._read_r  0x000000000000b67c       0x60 /home/leemarc/intelFPGA_lite/18.1/nios2eds/bin/gnu/H-x86_64-pc-linux-gnu/bin/../lib/gcc/nios2-elf/5.3.0/../../../../../H-x86_64-pc-linux-gnu/nios2-elf/lib/libc.a(lib_a-readr.o)
                0x000000000000b67c                _read_r
 .text          0x000000000000b6dc        0x0 /home/leemarc/intelFPGA_lite/18.1/nios2eds/bin/gnu/H-x86_64-pc-linux-gnu/bin/../lib/gcc/nios2-elf/5.3.0/../../../../../H-x86_64-pc-linux-gnu/nios2-elf/lib/libc.a(lib_a-wbuf.o)
 .text.__swbuf_r
                0x000000000000b6dc      0x140 /home/leemarc/intelFPGA_lite/18.1/nios2eds/bin/gnu/H-x86_64-pc-linux-gnu/bin/../lib/gcc/nios2-elf/5.3.0/../../../../../H-x86_64-pc-linux-gnu/nios2-elf/lib/libc.a(lib_a-wbuf.o)
                0x000000000000b6dc                __swbuf_r
 .text.__swbuf  0x000000000000b81c       0x18 /home/leemarc/intelFPGA_lite/18.1/nios2eds/bin/gnu/H-x86_64-pc-linux-gnu/bin/../lib/gcc/nios2-elf/5.3.0/../../../../../H-x86_64-pc-linux-gnu/nios2-elf/lib/libc.a(lib_a-wbuf.o)
                0x000000000000b81c                __swbuf
 .text          0x000000000000b834        0x0 /home/leemarc/intelFPGA_lite/18.1/nios2eds/bin/gnu/H-x86_64-pc-linux-gnu/bin/../lib/gcc/nios2-elf/5.3.0/../../../../../H-x86_64-pc-linux-gnu/nios2-elf/lib/libc.a(lib_a-wcrtomb.o)
 .text._wcrtomb_r
                0x000000000000b834       0x9c /home/leemarc/intelFPGA_lite/18.1/nios2eds/bin/gnu/H-x86_64-pc-linux-gnu/bin/../lib/gcc/nios2-elf/5.3.0/../../../../../H-x86_64-pc-linux-gnu/nios2-elf/lib/libc.a(lib_a-wcrtomb.o)
                0x000000000000b834                _wcrtomb_r
 .text.wcrtomb  0x000000000000b8d0       0xc0 /home/leemarc/intelFPGA_lite/18.1/nios2eds/bin/gnu/H-x86_64-pc-linux-gnu/bin/../lib/gcc/nios2-elf/5.3.0/../../../../../H-x86_64-pc-linux-gnu/nios2-elf/lib/libc.a(lib_a-wcrtomb.o)
                0x000000000000b8d0                wcrtomb
 .text          0x000000000000b990        0x0 /home/leemarc/intelFPGA_lite/18.1/nios2eds/bin/gnu/H-x86_64-pc-linux-gnu/bin/../lib/gcc/nios2-elf/5.3.0/../../../../../H-x86_64-pc-linux-gnu/nios2-elf/lib/libc.a(lib_a-wctomb_r.o)
 .text.__ascii_wctomb
                0x000000000000b990       0x30 /home/leemarc/intelFPGA_lite/18.1/nios2eds/bin/gnu/H-x86_64-pc-linux-gnu/bin/../lib/gcc/nios2-elf/5.3.0/../../../../../H-x86_64-pc-linux-gnu/nios2-elf/lib/libc.a(lib_a-wctomb_r.o)
                0x000000000000b990                __ascii_wctomb
 .text._wctomb_r
                0x000000000000b9c0       0x5c /home/leemarc/intelFPGA_lite/18.1/nios2eds/bin/gnu/H-x86_64-pc-linux-gnu/bin/../lib/gcc/nios2-elf/5.3.0/../../../../../H-x86_64-pc-linux-gnu/nios2-elf/lib/libc.a(lib_a-wctomb_r.o)
                0x000000000000b9c0                _wctomb_r
 .text          0x000000000000ba1c      0x578 /home/leemarc/intelFPGA_lite/18.1/nios2eds/bin/gnu/H-x86_64-pc-linux-gnu/bin/../lib/gcc/nios2-elf/5.3.0/libgcc.a(_udivdi3.o)
                0x000000000000ba1c                __udivdi3
 .text          0x000000000000bf94      0x538 /home/leemarc/intelFPGA_lite/18.1/nios2eds/bin/gnu/H-x86_64-pc-linux-gnu/bin/../lib/gcc/nios2-elf/5.3.0/libgcc.a(_umoddi3.o)
                0x000000000000bf94                __umoddi3
 .text          0x000000000000c4cc      0x1b4 /home/leemarc/intelFPGA_lite/18.1/nios2eds/bin/gnu/H-x86_64-pc-linux-gnu/bin/../lib/gcc/nios2-elf/5.3.0/libgcc.a(lib2-divmod.o)
                0x000000000000c4cc                __divsi3
                0x000000000000c550                __modsi3
                0x000000000000c5c4                __udivsi3
                0x000000000000c628                __umodsi3
 .text          0x000000000000c680      0x8ac /home/leemarc/intelFPGA_lite/18.1/nios2eds/bin/gnu/H-x86_64-pc-linux-gnu/bin/../lib/gcc/nios2-elf/5.3.0/libgcc.a(adddf3.o)
                0x000000000000c680                __adddf3
 .text          0x000000000000cf2c      0x8e8 /home/leemarc/intelFPGA_lite/18.1/nios2eds/bin/gnu/H-x86_64-pc-linux-gnu/bin/../lib/gcc/nios2-elf/5.3.0/libgcc.a(divdf3.o)
                0x000000000000cf2c                __divdf3
 .text          0x000000000000d814       0x88 /home/leemarc/intelFPGA_lite/18.1/nios2eds/bin/gnu/H-x86_64-pc-linux-gnu/bin/../lib/gcc/nios2-elf/5.3.0/libgcc.a(eqdf2.o)
                0x000000000000d814                __eqdf2
                0x000000000000d814                __nedf2
 .text          0x000000000000d89c       0xdc /home/leemarc/intelFPGA_lite/18.1/nios2eds/bin/gnu/H-x86_64-pc-linux-gnu/bin/../lib/gcc/nios2-elf/5.3.0/libgcc.a(gedf2.o)
                0x000000000000d89c                __gtdf2
                0x000000000000d89c                __gedf2
 .text          0x000000000000d978       0xf4 /home/leemarc/intelFPGA_lite/18.1/nios2eds/bin/gnu/H-x86_64-pc-linux-gnu/bin/../lib/gcc/nios2-elf/5.3.0/libgcc.a(ledf2.o)
                0x000000000000d978                __ltdf2
                0x000000000000d978                __ledf2
 .text          0x000000000000da6c      0x718 /home/leemarc/intelFPGA_lite/18.1/nios2eds/bin/gnu/H-x86_64-pc-linux-gnu/bin/../lib/gcc/nios2-elf/5.3.0/libgcc.a(muldf3.o)
                0x000000000000da6c                __muldf3
 .text          0x000000000000e184      0x8fc /home/leemarc/intelFPGA_lite/18.1/nios2eds/bin/gnu/H-x86_64-pc-linux-gnu/bin/../lib/gcc/nios2-elf/5.3.0/libgcc.a(subdf3.o)
                0x000000000000e184                __subdf3
 .text          0x000000000000ea80       0x80 /home/leemarc/intelFPGA_lite/18.1/nios2eds/bin/gnu/H-x86_64-pc-linux-gnu/bin/../lib/gcc/nios2-elf/5.3.0/libgcc.a(fixdfsi.o)
                0x000000000000ea80                __fixdfsi
 .text          0x000000000000eb00       0xdc /home/leemarc/intelFPGA_lite/18.1/nios2eds/bin/gnu/H-x86_64-pc-linux-gnu/bin/../lib/gcc/nios2-elf/5.3.0/libgcc.a(floatsidf.o)
                0x000000000000eb00                __floatsidf
 .text          0x000000000000ebdc       0xa8 /home/leemarc/intelFPGA_lite/18.1/nios2eds/bin/gnu/H-x86_64-pc-linux-gnu/bin/../lib/gcc/nios2-elf/5.3.0/libgcc.a(floatunsidf.o)
                0x000000000000ebdc                __floatunsidf
 .text          0x000000000000ec84        0x0 /home/leemarc/intelFPGA_lite/18.1/nios2eds/bin/gnu/H-x86_64-pc-linux-gnu/bin/../lib/gcc/nios2-elf/5.3.0/libgcc.a(_clz.o)
 .text          0x000000000000ec84       0x64 /home/leemarc/intelFPGA_lite/18.1/nios2eds/bin/gnu/H-x86_64-pc-linux-gnu/bin/../lib/gcc/nios2-elf/5.3.0/libgcc.a(_clzsi2.o)
                0x000000000000ec84                __clzsi2
 .text          0x000000000000ece8      0x10c /run/media/leemarc/Shared/Switchdrive/Private/Documents/Master/1_S1/EmbHardw/mse_demo/software/sobel_work_bsp//libhal_bsp.a(alt_close.o)
                0x000000000000ed24                close
 .text          0x000000000000edf4       0x2c /run/media/leemarc/Shared/Switchdrive/Private/Documents/Master/1_S1/EmbHardw/mse_demo/software/sobel_work_bsp//libhal_bsp.a(alt_dev.o)
 .text          0x000000000000ee20        0x0 /run/media/leemarc/Shared/Switchdrive/Private/Documents/Master/1_S1/EmbHardw/mse_demo/software/sobel_work_bsp//libhal_bsp.a(alt_errno.o)
 .text          0x000000000000ee20       0xec /run/media/leemarc/Shared/Switchdrive/Private/Documents/Master/1_S1/EmbHardw/mse_demo/software/sobel_work_bsp//libhal_bsp.a(alt_fstat.o)
                0x000000000000ee5c                fstat
 .text          0x000000000000ef0c       0xe0 /run/media/leemarc/Shared/Switchdrive/Private/Documents/Master/1_S1/EmbHardw/mse_demo/software/sobel_work_bsp//libhal_bsp.a(alt_isatty.o)
                0x000000000000ef48                isatty
 .text          0x000000000000efec       0xec /run/media/leemarc/Shared/Switchdrive/Private/Documents/Master/1_S1/EmbHardw/mse_demo/software/sobel_work_bsp//libhal_bsp.a(alt_load.o)
                0x000000000000f054                alt_load
 .text          0x000000000000f0d8      0x110 /run/media/leemarc/Shared/Switchdrive/Private/Documents/Master/1_S1/EmbHardw/mse_demo/software/sobel_work_bsp//libhal_bsp.a(alt_lseek.o)
                0x000000000000f114                lseek
 .text          0x000000000000f1e8       0x7c /run/media/leemarc/Shared/Switchdrive/Private/Documents/Master/1_S1/EmbHardw/mse_demo/software/sobel_work_bsp//libhal_bsp.a(alt_main.o)
                0x000000000000f1e8                alt_main
 .text          0x000000000000f264       0x48 /run/media/leemarc/Shared/Switchdrive/Private/Documents/Master/1_S1/EmbHardw/mse_demo/software/sobel_work_bsp//libhal_bsp.a(alt_malloc_lock.o)
                0x000000000000f264                __malloc_lock
                0x000000000000f288                __malloc_unlock
 .text          0x000000000000f2ac      0x138 /run/media/leemarc/Shared/Switchdrive/Private/Documents/Master/1_S1/EmbHardw/mse_demo/software/sobel_work_bsp//libhal_bsp.a(alt_read.o)
                0x000000000000f2e8                read
 .text          0x000000000000f3e4       0x64 /run/media/leemarc/Shared/Switchdrive/Private/Documents/Master/1_S1/EmbHardw/mse_demo/software/sobel_work_bsp//libhal_bsp.a(alt_release_fd.o)
                0x000000000000f3e4                alt_release_fd
 .text          0x000000000000f448       0xb0 /run/media/leemarc/Shared/Switchdrive/Private/Documents/Master/1_S1/EmbHardw/mse_demo/software/sobel_work_bsp//libhal_bsp.a(alt_sbrk.o)
                0x000000000000f448                sbrk
 .text          0x000000000000f4f8       0x30 /run/media/leemarc/Shared/Switchdrive/Private/Documents/Master/1_S1/EmbHardw/mse_demo/software/sobel_work_bsp//libhal_bsp.a(alt_usleep.o)
                0x000000000000f4f8                usleep
 .text          0x000000000000f528      0x134 /run/media/leemarc/Shared/Switchdrive/Private/Documents/Master/1_S1/EmbHardw/mse_demo/software/sobel_work_bsp//libhal_bsp.a(alt_write.o)
                0x000000000000f564                write
 .text          0x000000000000f65c       0xe8 /run/media/leemarc/Shared/Switchdrive/Private/Documents/Master/1_S1/EmbHardw/mse_demo/software/sobel_work_bsp//libhal_bsp.a(alt_sys_init.o)
                0x000000000000f690                alt_irq_init
                0x000000000000f6c8                alt_sys_init
 .text          0x000000000000f744      0x164 /run/media/leemarc/Shared/Switchdrive/Private/Documents/Master/1_S1/EmbHardw/mse_demo/software/sobel_work_bsp//libhal_bsp.a(altera_avalon_jtag_uart_fd.o)
                0x000000000000f744                altera_avalon_jtag_uart_read_fd
                0x000000000000f7a4                altera_avalon_jtag_uart_write_fd
                0x000000000000f804                altera_avalon_jtag_uart_close_fd
                0x000000000000f854                altera_avalon_jtag_uart_ioctl_fd
 .text          0x000000000000f8a8      0x3d4 /run/media/leemarc/Shared/Switchdrive/Private/Documents/Master/1_S1/EmbHardw/mse_demo/software/sobel_work_bsp//libhal_bsp.a(altera_avalon_jtag_uart_init.o)
                0x000000000000f8a8                altera_avalon_jtag_uart_init
                0x000000000000fc14                altera_avalon_jtag_uart_close
 .text          0x000000000000fc7c       0xf0 /run/media/leemarc/Shared/Switchdrive/Private/Documents/Master/1_S1/EmbHardw/mse_demo/software/sobel_work_bsp//libhal_bsp.a(altera_avalon_jtag_uart_ioctl.o)
                0x000000000000fc7c                altera_avalon_jtag_uart_ioctl
 .text          0x000000000000fd6c      0x21c /run/media/leemarc/Shared/Switchdrive/Private/Documents/Master/1_S1/EmbHardw/mse_demo/software/sobel_work_bsp//libhal_bsp.a(altera_avalon_jtag_uart_read.o)
                0x000000000000fd6c                altera_avalon_jtag_uart_read
 .text          0x000000000000ff88      0x224 /run/media/leemarc/Shared/Switchdrive/Private/Documents/Master/1_S1/EmbHardw/mse_demo/software/sobel_work_bsp//libhal_bsp.a(altera_avalon_jtag_uart_write.o)
                0x000000000000ff88                altera_avalon_jtag_uart_write
 .text          0x00000000000101ac       0xf4 /run/media/leemarc/Shared/Switchdrive/Private/Documents/Master/1_S1/EmbHardw/mse_demo/software/sobel_work_bsp//libhal_bsp.a(altera_avalon_timer_sc.o)
                0x0000000000010224                alt_avalon_timer_sc_init
 .text          0x00000000000102a0      0x118 /run/media/leemarc/Shared/Switchdrive/Private/Documents/Master/1_S1/EmbHardw/mse_demo/software/sobel_work_bsp//libhal_bsp.a(altera_avalon_timer_ts.o)
                0x00000000000102a0                alt_timestamp_start
                0x0000000000010318                alt_timestamp
                0x0000000000010398                alt_timestamp_freq
 .text          0x00000000000103b8        0x0 /run/media/leemarc/Shared/Switchdrive/Private/Documents/Master/1_S1/EmbHardw/mse_demo/software/sobel_work_bsp//libhal_bsp.a(altera_avalon_timer_vars.o)
 .text          0x00000000000103b8      0x12c /run/media/leemarc/Shared/Switchdrive/Private/Documents/Master/1_S1/EmbHardw/mse_demo/software/sobel_work_bsp//libhal_bsp.a(alt_alarm_start.o)
                0x00000000000103b8                alt_alarm_start
 .text          0x00000000000104e4      0x158 /run/media/leemarc/Shared/Switchdrive/Private/Documents/Master/1_S1/EmbHardw/mse_demo/software/sobel_work_bsp//libhal_bsp.a(alt_busy_sleep.o)
                0x00000000000104e4                alt_busy_sleep
 .text          0x000000000001063c       0x48 /run/media/leemarc/Shared/Switchdrive/Private/Documents/Master/1_S1/EmbHardw/mse_demo/software/sobel_work_bsp//libhal_bsp.a(alt_dcache_flush_all.o)
                0x000000000001063c                alt_dcache_flush_all
 .text          0x0000000000010684       0xe0 /run/media/leemarc/Shared/Switchdrive/Private/Documents/Master/1_S1/EmbHardw/mse_demo/software/sobel_work_bsp//libhal_bsp.a(alt_dev_llist_insert.o)
                0x00000000000106c0                alt_dev_llist_insert
 .text          0x0000000000010764       0x60 /run/media/leemarc/Shared/Switchdrive/Private/Documents/Master/1_S1/EmbHardw/mse_demo/software/sobel_work_bsp//libhal_bsp.a(alt_do_ctors.o)
                0x0000000000010764                _do_ctors
 .text          0x00000000000107c4       0x60 /run/media/leemarc/Shared/Switchdrive/Private/Documents/Master/1_S1/EmbHardw/mse_demo/software/sobel_work_bsp//libhal_bsp.a(alt_do_dtors.o)
                0x00000000000107c4                _do_dtors
 .text          0x0000000000010824       0x34 /run/media/leemarc/Shared/Switchdrive/Private/Documents/Master/1_S1/EmbHardw/mse_demo/software/sobel_work_bsp//libhal_bsp.a(alt_icache_flush_all.o)
                0x0000000000010824                alt_icache_flush_all
 .text          0x0000000000010858      0x1b0 /run/media/leemarc/Shared/Switchdrive/Private/Documents/Master/1_S1/EmbHardw/mse_demo/software/sobel_work_bsp//libhal_bsp.a(alt_iic.o)
                0x0000000000010858                alt_ic_isr_register
                0x00000000000108a8                alt_ic_irq_enable
                0x0000000000010930                alt_ic_irq_disable
                0x00000000000109bc                alt_ic_irq_enabled
 .text          0x0000000000010a08       0xf0 /run/media/leemarc/Shared/Switchdrive/Private/Documents/Master/1_S1/EmbHardw/mse_demo/software/sobel_work_bsp//libhal_bsp.a(alt_iic_isr_register.o)
                0x0000000000010a08                alt_iic_isr_register
 .text          0x0000000000010af8      0x140 /run/media/leemarc/Shared/Switchdrive/Private/Documents/Master/1_S1/EmbHardw/mse_demo/software/sobel_work_bsp//libhal_bsp.a(alt_io_redirect.o)
                0x0000000000010bbc                alt_io_redirect
 .text          0x0000000000010c38        0x0 /run/media/leemarc/Shared/Switchdrive/Private/Documents/Master/1_S1/EmbHardw/mse_demo/software/sobel_work_bsp//libhal_bsp.a(alt_irq_entry.o)
 .text          0x0000000000010c38        0x0 /run/media/leemarc/Shared/Switchdrive/Private/Documents/Master/1_S1/EmbHardw/mse_demo/software/sobel_work_bsp//libhal_bsp.a(alt_irq_handler.o)
 .text          0x0000000000010c38        0x0 /run/media/leemarc/Shared/Switchdrive/Private/Documents/Master/1_S1/EmbHardw/mse_demo/software/sobel_work_bsp//libhal_bsp.a(alt_irq_vars.o)
 .text          0x0000000000010c38      0x254 /run/media/leemarc/Shared/Switchdrive/Private/Documents/Master/1_S1/EmbHardw/mse_demo/software/sobel_work_bsp//libhal_bsp.a(alt_open.o)
                0x0000000000010d38                open
 .text          0x0000000000010e8c      0x1a4 /run/media/leemarc/Shared/Switchdrive/Private/Documents/Master/1_S1/EmbHardw/mse_demo/software/sobel_work_bsp//libhal_bsp.a(alt_tick.o)
                0x0000000000010e8c                alt_alarm_stop
                0x0000000000010f28                alt_tick
 .text          0x0000000000011030       0x24 /run/media/leemarc/Shared/Switchdrive/Private/Documents/Master/1_S1/EmbHardw/mse_demo/software/sobel_work_bsp//libhal_bsp.a(altera_nios2_gen2_irq.o)
                0x0000000000011030                altera_nios2_gen2_irq_init
 .text          0x0000000000011054        0x0 /run/media/leemarc/Shared/Switchdrive/Private/Documents/Master/1_S1/EmbHardw/mse_demo/software/sobel_work_bsp//libhal_bsp.a(alt_exception_entry.o)
 .text          0x0000000000011054       0x90 /run/media/leemarc/Shared/Switchdrive/Private/Documents/Master/1_S1/EmbHardw/mse_demo/software/sobel_work_bsp//libhal_bsp.a(alt_find_dev.o)
                0x0000000000011054                alt_find_dev
 .text          0x00000000000110e4      0x108 /run/media/leemarc/Shared/Switchdrive/Private/Documents/Master/1_S1/EmbHardw/mse_demo/software/sobel_work_bsp//libhal_bsp.a(alt_find_file.o)
                0x00000000000110e4                alt_find_file
 .text          0x00000000000111ec       0xa4 /run/media/leemarc/Shared/Switchdrive/Private/Documents/Master/1_S1/EmbHardw/mse_demo/software/sobel_work_bsp//libhal_bsp.a(alt_get_fd.o)
                0x00000000000111ec                alt_get_fd
 .text          0x0000000000011290       0x90 /run/media/leemarc/Shared/Switchdrive/Private/Documents/Master/1_S1/EmbHardw/mse_demo/software/sobel_work_bsp//libhal_bsp.a(alt_icache_flush.o)
                0x0000000000011290                alt_icache_flush
 .text          0x0000000000011320       0x9c /run/media/leemarc/Shared/Switchdrive/Private/Documents/Master/1_S1/EmbHardw/mse_demo/software/sobel_work_bsp//libhal_bsp.a(alt_instruction_exception_entry.o)
                0x0000000000011320                alt_exception_cause_generated_bad_addr
 .text          0x00000000000113bc        0x0 /home/leemarc/intelFPGA_lite/18.1/nios2eds/bin/gnu/H-x86_64-pc-linux-gnu/bin/../lib/gcc/nios2-elf/5.3.0/../../../../../H-x86_64-pc-linux-gnu/nios2-elf/lib/libc.a(lib_a-atexit.o)
 .text.atexit   0x00000000000113bc       0x14 /home/leemarc/intelFPGA_lite/18.1/nios2eds/bin/gnu/H-x86_64-pc-linux-gnu/bin/../lib/gcc/nios2-elf/5.3.0/../../../../../H-x86_64-pc-linux-gnu/nios2-elf/lib/libc.a(lib_a-atexit.o)
                0x00000000000113bc                atexit
 .text          0x00000000000113d0        0x0 /home/leemarc/intelFPGA_lite/18.1/nios2eds/bin/gnu/H-x86_64-pc-linux-gnu/bin/../lib/gcc/nios2-elf/5.3.0/../../../../../H-x86_64-pc-linux-gnu/nios2-elf/lib/libc.a(lib_a-exit.o)
 .text.exit     0x00000000000113d0       0x38 /home/leemarc/intelFPGA_lite/18.1/nios2eds/bin/gnu/H-x86_64-pc-linux-gnu/bin/../lib/gcc/nios2-elf/5.3.0/../../../../../H-x86_64-pc-linux-gnu/nios2-elf/lib/libc.a(lib_a-exit.o)
                0x00000000000113d0                exit
 .text          0x0000000000011408        0x0 /home/leemarc/intelFPGA_lite/18.1/nios2eds/bin/gnu/H-x86_64-pc-linux-gnu/bin/../lib/gcc/nios2-elf/5.3.0/../../../../../H-x86_64-pc-linux-gnu/nios2-elf/lib/libc.a(lib_a-memcmp.o)
 .text.memcmp   0x0000000000011408       0x7c /home/leemarc/intelFPGA_lite/18.1/nios2eds/bin/gnu/H-x86_64-pc-linux-gnu/bin/../lib/gcc/nios2-elf/5.3.0/../../../../../H-x86_64-pc-linux-gnu/nios2-elf/lib/libc.a(lib_a-memcmp.o)
                0x0000000000011408                memcmp
 .text          0x0000000000011484        0x0 /home/leemarc/intelFPGA_lite/18.1/nios2eds/bin/gnu/H-x86_64-pc-linux-gnu/bin/../lib/gcc/nios2-elf/5.3.0/../../../../../H-x86_64-pc-linux-gnu/nios2-elf/lib/libc.a(lib_a-__atexit.o)
 .text.__register_exitproc
                0x0000000000011484      0x118 /home/leemarc/intelFPGA_lite/18.1/nios2eds/bin/gnu/H-x86_64-pc-linux-gnu/bin/../lib/gcc/nios2-elf/5.3.0/../../../../../H-x86_64-pc-linux-gnu/nios2-elf/lib/libc.a(lib_a-__atexit.o)
                0x0000000000011484                __register_exitproc
 .text          0x000000000001159c        0x0 /home/leemarc/intelFPGA_lite/18.1/nios2eds/bin/gnu/H-x86_64-pc-linux-gnu/bin/../lib/gcc/nios2-elf/5.3.0/../../../../../H-x86_64-pc-linux-gnu/nios2-elf/lib/libc.a(lib_a-__call_atexit.o)
 .text.__call_exitprocs
                0x000000000001159c      0x180 /home/leemarc/intelFPGA_lite/18.1/nios2eds/bin/gnu/H-x86_64-pc-linux-gnu/bin/../lib/gcc/nios2-elf/5.3.0/../../../../../H-x86_64-pc-linux-gnu/nios2-elf/lib/libc.a(lib_a-__call_atexit.o)
                0x000000000001159c                __call_exitprocs
 .text          0x000000000001171c       0x34 /run/media/leemarc/Shared/Switchdrive/Private/Documents/Master/1_S1/EmbHardw/mse_demo/software/sobel_work_bsp//libhal_bsp.a(alt_exit.o)
                0x000000000001171c                _exit
 *(.gnu.warning.*)
 *(.fini)
                [!provide]                        PROVIDE (__etext, ABSOLUTE (.))
                [!provide]                        PROVIDE (_etext, ABSOLUTE (.))
                [!provide]                        PROVIDE (etext, ABSOLUTE (.))
 *(.eh_frame_hdr)
                0x0000000000011750                . = ALIGN (0x4)
                [!provide]                        PROVIDE (__preinit_array_start, ABSOLUTE (.))
 *(.preinit_array)
                [!provide]                        PROVIDE (__preinit_array_end, ABSOLUTE (.))
                [!provide]                        PROVIDE (__init_array_start, ABSOLUTE (.))
 *(.init_array)
                [!provide]                        PROVIDE (__init_array_end, ABSOLUTE (.))
                [!provide]                        PROVIDE (__fini_array_start, ABSOLUTE (.))
 *(.fini_array)
                [!provide]                        PROVIDE (__fini_array_end, ABSOLUTE (.))
 *(.eh_frame)
 *(.gcc_except_table .gcc_except_table.*)
 *(.dynamic)
                0x0000000000011750                PROVIDE (__CTOR_LIST__, ABSOLUTE (.))
 *(.ctors)
 *(SORT(.ctors.*))
                0x0000000000011750                PROVIDE (__CTOR_END__, ABSOLUTE (.))
                0x0000000000011750                PROVIDE (__DTOR_LIST__, ABSOLUTE (.))
 *(.dtors)
 *(SORT(.dtors.*))
                0x0000000000011750                PROVIDE (__DTOR_END__, ABSOLUTE (.))
 *(.jcr)
                0x0000000000011750                . = ALIGN (0x4)

.rodata         0x0000000000011750      0x780
                0x0000000000011750                PROVIDE (__ram_rodata_start, ABSOLUTE (.))
                0x0000000000011750                . = ALIGN (0x4)
 *(.rodata .rodata.* .gnu.linkonce.r.*)
 .rodata.str1.4
                0x0000000000011750       0x60 obj/default/camera.o
 .rodata        0x00000000000117b0      0x380 obj/default/camera.o
                0x00000000000117b0                lens_roll_off_tbl
                0x00000000000118d8                noise_reduction_reg_settings_array
                0x0000000000011a18                preview_snapshot_mode_reg_settings_array
 .rodata.str1.4
                0x0000000000011b30       0x47 obj/default/i2c.o
 *fill*         0x0000000000011b77        0x1 
 .rodata.str1.4
                0x0000000000011b78       0x52 obj/default/main.o
 .rodata        0x0000000000011bca       0x12 obj/default/sobel.o
                0x0000000000011bca                gy_array
                0x0000000000011bd3                gx_array
 .rodata.str1.4
                0x0000000000011bdc       0x52 /home/leemarc/intelFPGA_lite/18.1/nios2eds/bin/gnu/H-x86_64-pc-linux-gnu/bin/../lib/gcc/nios2-elf/5.3.0/../../../../../H-x86_64-pc-linux-gnu/nios2-elf/lib/libc.a(lib_a-puts.o)
                                          0x2 (size before relaxing)
 .rodata.str1.4
                0x0000000000011bdc       0x42 /home/leemarc/intelFPGA_lite/18.1/nios2eds/bin/gnu/H-x86_64-pc-linux-gnu/bin/../lib/gcc/nios2-elf/5.3.0/../../../../../H-x86_64-pc-linux-gnu/nios2-elf/lib/libc.a(lib_a-vfprintf.o)
 .rodata.zeroes.4404
                0x0000000000011c1e       0x10 /home/leemarc/intelFPGA_lite/18.1/nios2eds/bin/gnu/H-x86_64-pc-linux-gnu/bin/../lib/gcc/nios2-elf/5.3.0/../../../../../H-x86_64-pc-linux-gnu/nios2-elf/lib/libc.a(lib_a-vfprintf.o)
 .rodata.blanks.4403
                0x0000000000011c2e       0x10 /home/leemarc/intelFPGA_lite/18.1/nios2eds/bin/gnu/H-x86_64-pc-linux-gnu/bin/../lib/gcc/nios2-elf/5.3.0/../../../../../H-x86_64-pc-linux-gnu/nios2-elf/lib/libc.a(lib_a-vfprintf.o)
 *fill*         0x0000000000011c3e        0x2 
 .rodata.str1.4
                0x0000000000011c40       0x10 /home/leemarc/intelFPGA_lite/18.1/nios2eds/bin/gnu/H-x86_64-pc-linux-gnu/bin/../lib/gcc/nios2-elf/5.3.0/../../../../../H-x86_64-pc-linux-gnu/nios2-elf/lib/libc.a(lib_a-dtoa.o)
                                         0x12 (size before relaxing)
 .rodata.str1.4
                0x0000000000011c50        0x2 /home/leemarc/intelFPGA_lite/18.1/nios2eds/bin/gnu/H-x86_64-pc-linux-gnu/bin/../lib/gcc/nios2-elf/5.3.0/../../../../../H-x86_64-pc-linux-gnu/nios2-elf/lib/libc.a(lib_a-impure.o)
 *fill*         0x0000000000011c52        0x2 
 .rodata.str1.4
                0x0000000000011c54        0xc /home/leemarc/intelFPGA_lite/18.1/nios2eds/bin/gnu/H-x86_64-pc-linux-gnu/bin/../lib/gcc/nios2-elf/5.3.0/../../../../../H-x86_64-pc-linux-gnu/nios2-elf/lib/libc.a(lib_a-locale.o)
                                         0x12 (size before relaxing)
 .rodata.p05.2768
                0x0000000000011c60        0xc /home/leemarc/intelFPGA_lite/18.1/nios2eds/bin/gnu/H-x86_64-pc-linux-gnu/bin/../lib/gcc/nios2-elf/5.3.0/../../../../../H-x86_64-pc-linux-gnu/nios2-elf/lib/libc.a(lib_a-mprec.o)
 .rodata.__mprec_tinytens
                0x0000000000011c6c       0x28 /home/leemarc/intelFPGA_lite/18.1/nios2eds/bin/gnu/H-x86_64-pc-linux-gnu/bin/../lib/gcc/nios2-elf/5.3.0/../../../../../H-x86_64-pc-linux-gnu/nios2-elf/lib/libc.a(lib_a-mprec.o)
                0x0000000000011c6c                __mprec_tinytens
 .rodata.__mprec_bigtens
                0x0000000000011c94       0x28 /home/leemarc/intelFPGA_lite/18.1/nios2eds/bin/gnu/H-x86_64-pc-linux-gnu/bin/../lib/gcc/nios2-elf/5.3.0/../../../../../H-x86_64-pc-linux-gnu/nios2-elf/lib/libc.a(lib_a-mprec.o)
                0x0000000000011c94                __mprec_bigtens
 .rodata.__mprec_tens
                0x0000000000011cbc       0xc8 /home/leemarc/intelFPGA_lite/18.1/nios2eds/bin/gnu/H-x86_64-pc-linux-gnu/bin/../lib/gcc/nios2-elf/5.3.0/../../../../../H-x86_64-pc-linux-gnu/nios2-elf/lib/libc.a(lib_a-mprec.o)
                0x0000000000011cbc                __mprec_tens
 .rodata.str1.4
                0x0000000000011d84       0x2f /home/leemarc/intelFPGA_lite/18.1/nios2eds/bin/gnu/H-x86_64-pc-linux-gnu/bin/../lib/gcc/nios2-elf/5.3.0/../../../../../H-x86_64-pc-linux-gnu/nios2-elf/lib/libc.a(lib_a-vfiprintf.o)
 .rodata.zeroes.4349
                0x0000000000011d84       0x10 /home/leemarc/intelFPGA_lite/18.1/nios2eds/bin/gnu/H-x86_64-pc-linux-gnu/bin/../lib/gcc/nios2-elf/5.3.0/../../../../../H-x86_64-pc-linux-gnu/nios2-elf/lib/libc.a(lib_a-vfiprintf.o)
 .rodata.blanks.4348
                0x0000000000011d94       0x10 /home/leemarc/intelFPGA_lite/18.1/nios2eds/bin/gnu/H-x86_64-pc-linux-gnu/bin/../lib/gcc/nios2-elf/5.3.0/../../../../../H-x86_64-pc-linux-gnu/nios2-elf/lib/libc.a(lib_a-vfiprintf.o)
 .rodata        0x0000000000011da4      0x100 /home/leemarc/intelFPGA_lite/18.1/nios2eds/bin/gnu/H-x86_64-pc-linux-gnu/bin/../lib/gcc/nios2-elf/5.3.0/libgcc.a(_clz.o)
                0x0000000000011da4                __clz_tab
 .rodata        0x0000000000011ea4        0xa /run/media/leemarc/Shared/Switchdrive/Private/Documents/Master/1_S1/EmbHardw/mse_demo/software/sobel_work_bsp//libhal_bsp.a(alt_dev.o)
 *fill*         0x0000000000011eae        0x2 
 .rodata        0x0000000000011eb0        0xf /run/media/leemarc/Shared/Switchdrive/Private/Documents/Master/1_S1/EmbHardw/mse_demo/software/sobel_work_bsp//libhal_bsp.a(alt_main.o)
 *fill*         0x0000000000011ebf        0x1 
 .rodata        0x0000000000011ec0        0xf /run/media/leemarc/Shared/Switchdrive/Private/Documents/Master/1_S1/EmbHardw/mse_demo/software/sobel_work_bsp//libhal_bsp.a(alt_sys_init.o)
 *(.rodata1)
                0x0000000000011ed0                . = ALIGN (0x4)
 *fill*         0x0000000000011ecf        0x1 
                0x0000000000011ed0                PROVIDE (__ram_rodata_end, ABSOLUTE (.))
                0x0000000000011750                PROVIDE (__flash_rodata_start, LOADADDR (.rodata))

.rwdata         0x0000000000011ed0     0x1aec load address 0x00000000000139bc
                0x0000000000011ed0                PROVIDE (__ram_rwdata_start, ABSOLUTE (.))
                0x0000000000011ed0                . = ALIGN (0x4)
 *(.got.plt)
 *(.got)
 *(.data1)
 *(.data .data.* .gnu.linkonce.d.*)
 .data          0x0000000000011ed0        0x0 /run/media/leemarc/Shared/Switchdrive/Private/Documents/Master/1_S1/EmbHardw/mse_demo/software/sobel_work_bsp//obj/HAL/src/crt0.o
 .data          0x0000000000011ed0        0x0 obj/default/camera.o
 .data          0x0000000000011ed0        0x0 obj/default/dipswitch.o
 .data          0x0000000000011ed0        0x0 obj/default/grayscale.o
 .data          0x0000000000011ed0        0x0 obj/default/i2c.o
 .data          0x0000000000011ed0        0x0 obj/default/lcd_simple.o
 .data          0x0000000000011ed0        0x0 obj/default/main.o
 .data          0x0000000000011ed0        0x0 obj/default/sobel.o
 .data          0x0000000000011ed0        0x0 obj/default/vga.o
 .data          0x0000000000011ed0        0x0 /home/leemarc/intelFPGA_lite/18.1/nios2eds/bin/gnu/H-x86_64-pc-linux-gnu/bin/../lib/gcc/nios2-elf/5.3.0/../../../../../H-x86_64-pc-linux-gnu/nios2-elf/lib/libc.a(lib_a-malloc.o)
 .data          0x0000000000011ed0        0x0 /home/leemarc/intelFPGA_lite/18.1/nios2eds/bin/gnu/H-x86_64-pc-linux-gnu/bin/../lib/gcc/nios2-elf/5.3.0/../../../../../H-x86_64-pc-linux-gnu/nios2-elf/lib/libc.a(lib_a-mallocr.o)
 .data.__malloc_av_
                0x0000000000011ed0      0x408 /home/leemarc/intelFPGA_lite/18.1/nios2eds/bin/gnu/H-x86_64-pc-linux-gnu/bin/../lib/gcc/nios2-elf/5.3.0/../../../../../H-x86_64-pc-linux-gnu/nios2-elf/lib/libc.a(lib_a-mallocr.o)
                0x0000000000011ed0                __malloc_av_
 .data          0x00000000000122d8        0x0 /home/leemarc/intelFPGA_lite/18.1/nios2eds/bin/gnu/H-x86_64-pc-linux-gnu/bin/../lib/gcc/nios2-elf/5.3.0/../../../../../H-x86_64-pc-linux-gnu/nios2-elf/lib/libc.a(lib_a-printf.o)
 .data          0x00000000000122d8        0x0 /home/leemarc/intelFPGA_lite/18.1/nios2eds/bin/gnu/H-x86_64-pc-linux-gnu/bin/../lib/gcc/nios2-elf/5.3.0/../../../../../H-x86_64-pc-linux-gnu/nios2-elf/lib/libc.a(lib_a-puts.o)
 .data          0x00000000000122d8        0x0 /home/leemarc/intelFPGA_lite/18.1/nios2eds/bin/gnu/H-x86_64-pc-linux-gnu/bin/../lib/gcc/nios2-elf/5.3.0/../../../../../H-x86_64-pc-linux-gnu/nios2-elf/lib/libc.a(lib_a-sbrkr.o)
 .data          0x00000000000122d8        0x0 /home/leemarc/intelFPGA_lite/18.1/nios2eds/bin/gnu/H-x86_64-pc-linux-gnu/bin/../lib/gcc/nios2-elf/5.3.0/../../../../../H-x86_64-pc-linux-gnu/nios2-elf/lib/libc.a(lib_a-strlen.o)
 .data          0x00000000000122d8        0x0 /home/leemarc/intelFPGA_lite/18.1/nios2eds/bin/gnu/H-x86_64-pc-linux-gnu/bin/../lib/gcc/nios2-elf/5.3.0/../../../../../H-x86_64-pc-linux-gnu/nios2-elf/lib/libc.a(lib_a-vfprintf.o)
 .data          0x00000000000122d8        0x0 /home/leemarc/intelFPGA_lite/18.1/nios2eds/bin/gnu/H-x86_64-pc-linux-gnu/bin/../lib/gcc/nios2-elf/5.3.0/../../../../../H-x86_64-pc-linux-gnu/nios2-elf/lib/libc.a(lib_a-wsetup.o)
 .data          0x00000000000122d8        0x0 /home/leemarc/intelFPGA_lite/18.1/nios2eds/bin/gnu/H-x86_64-pc-linux-gnu/bin/../lib/gcc/nios2-elf/5.3.0/../../../../../H-x86_64-pc-linux-gnu/nios2-elf/lib/libc.a(lib_a-dtoa.o)
 .data          0x00000000000122d8        0x0 /home/leemarc/intelFPGA_lite/18.1/nios2eds/bin/gnu/H-x86_64-pc-linux-gnu/bin/../lib/gcc/nios2-elf/5.3.0/../../../../../H-x86_64-pc-linux-gnu/nios2-elf/lib/libc.a(lib_a-fflush.o)
 .data          0x00000000000122d8        0x0 /home/leemarc/intelFPGA_lite/18.1/nios2eds/bin/gnu/H-x86_64-pc-linux-gnu/bin/../lib/gcc/nios2-elf/5.3.0/../../../../../H-x86_64-pc-linux-gnu/nios2-elf/lib/libc.a(lib_a-findfp.o)
 .data          0x00000000000122d8        0x0 /home/leemarc/intelFPGA_lite/18.1/nios2eds/bin/gnu/H-x86_64-pc-linux-gnu/bin/../lib/gcc/nios2-elf/5.3.0/../../../../../H-x86_64-pc-linux-gnu/nios2-elf/lib/libc.a(lib_a-freer.o)
 .data          0x00000000000122d8        0x0 /home/leemarc/intelFPGA_lite/18.1/nios2eds/bin/gnu/H-x86_64-pc-linux-gnu/bin/../lib/gcc/nios2-elf/5.3.0/../../../../../H-x86_64-pc-linux-gnu/nios2-elf/lib/libc.a(lib_a-fvwrite.o)
 .data          0x00000000000122d8        0x0 /home/leemarc/intelFPGA_lite/18.1/nios2eds/bin/gnu/H-x86_64-pc-linux-gnu/bin/../lib/gcc/nios2-elf/5.3.0/../../../../../H-x86_64-pc-linux-gnu/nios2-elf/lib/libc.a(lib_a-fwalk.o)
 .data          0x00000000000122d8        0x0 /home/leemarc/intelFPGA_lite/18.1/nios2eds/bin/gnu/H-x86_64-pc-linux-gnu/bin/../lib/gcc/nios2-elf/5.3.0/../../../../../H-x86_64-pc-linux-gnu/nios2-elf/lib/libc.a(lib_a-impure.o)
 .data.impure_data
                0x00000000000122d8      0x424 /home/leemarc/intelFPGA_lite/18.1/nios2eds/bin/gnu/H-x86_64-pc-linux-gnu/bin/../lib/gcc/nios2-elf/5.3.0/../../../../../H-x86_64-pc-linux-gnu/nios2-elf/lib/libc.a(lib_a-impure.o)
 .data          0x00000000000126fc        0x0 /home/leemarc/intelFPGA_lite/18.1/nios2eds/bin/gnu/H-x86_64-pc-linux-gnu/bin/../lib/gcc/nios2-elf/5.3.0/../../../../../H-x86_64-pc-linux-gnu/nios2-elf/lib/libc.a(lib_a-int_errno.o)
 .data          0x00000000000126fc        0x0 /home/leemarc/intelFPGA_lite/18.1/nios2eds/bin/gnu/H-x86_64-pc-linux-gnu/bin/../lib/gcc/nios2-elf/5.3.0/../../../../../H-x86_64-pc-linux-gnu/nios2-elf/lib/libc.a(lib_a-locale.o)
 .data.lc_message_charset
                0x00000000000126fc       0x20 /home/leemarc/intelFPGA_lite/18.1/nios2eds/bin/gnu/H-x86_64-pc-linux-gnu/bin/../lib/gcc/nios2-elf/5.3.0/../../../../../H-x86_64-pc-linux-gnu/nios2-elf/lib/libc.a(lib_a-locale.o)
 .data.lc_ctype_charset
                0x000000000001271c       0x20 /home/leemarc/intelFPGA_lite/18.1/nios2eds/bin/gnu/H-x86_64-pc-linux-gnu/bin/../lib/gcc/nios2-elf/5.3.0/../../../../../H-x86_64-pc-linux-gnu/nios2-elf/lib/libc.a(lib_a-locale.o)
 .data.lconv    0x000000000001273c       0x38 /home/leemarc/intelFPGA_lite/18.1/nios2eds/bin/gnu/H-x86_64-pc-linux-gnu/bin/../lib/gcc/nios2-elf/5.3.0/../../../../../H-x86_64-pc-linux-gnu/nios2-elf/lib/libc.a(lib_a-locale.o)
 .data          0x0000000000012774        0x0 /home/leemarc/intelFPGA_lite/18.1/nios2eds/bin/gnu/H-x86_64-pc-linux-gnu/bin/../lib/gcc/nios2-elf/5.3.0/../../../../../H-x86_64-pc-linux-gnu/nios2-elf/lib/libc.a(lib_a-makebuf.o)
 .data          0x0000000000012774        0x0 /home/leemarc/intelFPGA_lite/18.1/nios2eds/bin/gnu/H-x86_64-pc-linux-gnu/bin/../lib/gcc/nios2-elf/5.3.0/../../../../../H-x86_64-pc-linux-gnu/nios2-elf/lib/libc.a(lib_a-memchr.o)
 .data          0x0000000000012774        0x0 /home/leemarc/intelFPGA_lite/18.1/nios2eds/bin/gnu/H-x86_64-pc-linux-gnu/bin/../lib/gcc/nios2-elf/5.3.0/../../../../../H-x86_64-pc-linux-gnu/nios2-elf/lib/libc.a(lib_a-memcpy.o)
 .data          0x0000000000012774        0x0 /home/leemarc/intelFPGA_lite/18.1/nios2eds/bin/gnu/H-x86_64-pc-linux-gnu/bin/../lib/gcc/nios2-elf/5.3.0/../../../../../H-x86_64-pc-linux-gnu/nios2-elf/lib/libc.a(lib_a-memmove.o)
 .data          0x0000000000012774        0x0 /home/leemarc/intelFPGA_lite/18.1/nios2eds/bin/gnu/H-x86_64-pc-linux-gnu/bin/../lib/gcc/nios2-elf/5.3.0/../../../../../H-x86_64-pc-linux-gnu/nios2-elf/lib/libc.a(lib_a-memset.o)
 .data          0x0000000000012774        0x0 /home/leemarc/intelFPGA_lite/18.1/nios2eds/bin/gnu/H-x86_64-pc-linux-gnu/bin/../lib/gcc/nios2-elf/5.3.0/../../../../../H-x86_64-pc-linux-gnu/nios2-elf/lib/libc.a(lib_a-mprec.o)
 .data          0x0000000000012774        0x0 /home/leemarc/intelFPGA_lite/18.1/nios2eds/bin/gnu/H-x86_64-pc-linux-gnu/bin/../lib/gcc/nios2-elf/5.3.0/../../../../../H-x86_64-pc-linux-gnu/nios2-elf/lib/libc.a(lib_a-reallocr.o)
 .data          0x0000000000012774        0x0 /home/leemarc/intelFPGA_lite/18.1/nios2eds/bin/gnu/H-x86_64-pc-linux-gnu/bin/../lib/gcc/nios2-elf/5.3.0/../../../../../H-x86_64-pc-linux-gnu/nios2-elf/lib/libc.a(lib_a-s_fpclassify.o)
 .data          0x0000000000012774        0x0 /home/leemarc/intelFPGA_lite/18.1/nios2eds/bin/gnu/H-x86_64-pc-linux-gnu/bin/../lib/gcc/nios2-elf/5.3.0/../../../../../H-x86_64-pc-linux-gnu/nios2-elf/lib/libc.a(lib_a-stdio.o)
 .data          0x0000000000012774        0x0 /home/leemarc/intelFPGA_lite/18.1/nios2eds/bin/gnu/H-x86_64-pc-linux-gnu/bin/../lib/gcc/nios2-elf/5.3.0/../../../../../H-x86_64-pc-linux-gnu/nios2-elf/lib/libc.a(lib_a-strcmp.o)
 .data          0x0000000000012774        0x0 /home/leemarc/intelFPGA_lite/18.1/nios2eds/bin/gnu/H-x86_64-pc-linux-gnu/bin/../lib/gcc/nios2-elf/5.3.0/../../../../../H-x86_64-pc-linux-gnu/nios2-elf/lib/libc.a(lib_a-vfiprintf.o)
 .data          0x0000000000012774        0x0 /home/leemarc/intelFPGA_lite/18.1/nios2eds/bin/gnu/H-x86_64-pc-linux-gnu/bin/../lib/gcc/nios2-elf/5.3.0/../../../../../H-x86_64-pc-linux-gnu/nios2-elf/lib/libc.a(lib_a-writer.o)
 .data          0x0000000000012774        0x0 /home/leemarc/intelFPGA_lite/18.1/nios2eds/bin/gnu/H-x86_64-pc-linux-gnu/bin/../lib/gcc/nios2-elf/5.3.0/../../../../../H-x86_64-pc-linux-gnu/nios2-elf/lib/libc.a(closer.o)
 .data          0x0000000000012774        0x0 /home/leemarc/intelFPGA_lite/18.1/nios2eds/bin/gnu/H-x86_64-pc-linux-gnu/bin/../lib/gcc/nios2-elf/5.3.0/../../../../../H-x86_64-pc-linux-gnu/nios2-elf/lib/libc.a(lib_a-callocr.o)
 .data          0x0000000000012774        0x0 /home/leemarc/intelFPGA_lite/18.1/nios2eds/bin/gnu/H-x86_64-pc-linux-gnu/bin/../lib/gcc/nios2-elf/5.3.0/../../../../../H-x86_64-pc-linux-gnu/nios2-elf/lib/libc.a(lib_a-fclose.o)
 .data          0x0000000000012774        0x0 /home/leemarc/intelFPGA_lite/18.1/nios2eds/bin/gnu/H-x86_64-pc-linux-gnu/bin/../lib/gcc/nios2-elf/5.3.0/../../../../../H-x86_64-pc-linux-gnu/nios2-elf/lib/libc.a(lib_a-fputwc.o)
 .data          0x0000000000012774        0x0 /home/leemarc/intelFPGA_lite/18.1/nios2eds/bin/gnu/H-x86_64-pc-linux-gnu/bin/../lib/gcc/nios2-elf/5.3.0/../../../../../H-x86_64-pc-linux-gnu/nios2-elf/lib/libc.a(lib_a-fstatr.o)
 .data          0x0000000000012774        0x0 /home/leemarc/intelFPGA_lite/18.1/nios2eds/bin/gnu/H-x86_64-pc-linux-gnu/bin/../lib/gcc/nios2-elf/5.3.0/../../../../../H-x86_64-pc-linux-gnu/nios2-elf/lib/libc.a(lib_a-isattyr.o)
 .data          0x0000000000012774        0x0 /home/leemarc/intelFPGA_lite/18.1/nios2eds/bin/gnu/H-x86_64-pc-linux-gnu/bin/../lib/gcc/nios2-elf/5.3.0/../../../../../H-x86_64-pc-linux-gnu/nios2-elf/lib/libc.a(lib_a-lseekr.o)
 .data          0x0000000000012774        0x0 /home/leemarc/intelFPGA_lite/18.1/nios2eds/bin/gnu/H-x86_64-pc-linux-gnu/bin/../lib/gcc/nios2-elf/5.3.0/../../../../../H-x86_64-pc-linux-gnu/nios2-elf/lib/libc.a(lib_a-readr.o)
 .data          0x0000000000012774        0x0 /home/leemarc/intelFPGA_lite/18.1/nios2eds/bin/gnu/H-x86_64-pc-linux-gnu/bin/../lib/gcc/nios2-elf/5.3.0/../../../../../H-x86_64-pc-linux-gnu/nios2-elf/lib/libc.a(lib_a-wbuf.o)
 .data          0x0000000000012774        0x0 /home/leemarc/intelFPGA_lite/18.1/nios2eds/bin/gnu/H-x86_64-pc-linux-gnu/bin/../lib/gcc/nios2-elf/5.3.0/../../../../../H-x86_64-pc-linux-gnu/nios2-elf/lib/libc.a(lib_a-wcrtomb.o)
 .data          0x0000000000012774        0x0 /home/leemarc/intelFPGA_lite/18.1/nios2eds/bin/gnu/H-x86_64-pc-linux-gnu/bin/../lib/gcc/nios2-elf/5.3.0/../../../../../H-x86_64-pc-linux-gnu/nios2-elf/lib/libc.a(lib_a-wctomb_r.o)
 .data          0x0000000000012774        0x0 /home/leemarc/intelFPGA_lite/18.1/nios2eds/bin/gnu/H-x86_64-pc-linux-gnu/bin/../lib/gcc/nios2-elf/5.3.0/libgcc.a(_udivdi3.o)
 .data          0x0000000000012774        0x0 /home/leemarc/intelFPGA_lite/18.1/nios2eds/bin/gnu/H-x86_64-pc-linux-gnu/bin/../lib/gcc/nios2-elf/5.3.0/libgcc.a(_umoddi3.o)
 .data          0x0000000000012774        0x0 /home/leemarc/intelFPGA_lite/18.1/nios2eds/bin/gnu/H-x86_64-pc-linux-gnu/bin/../lib/gcc/nios2-elf/5.3.0/libgcc.a(lib2-divmod.o)
 .data          0x0000000000012774        0x0 /home/leemarc/intelFPGA_lite/18.1/nios2eds/bin/gnu/H-x86_64-pc-linux-gnu/bin/../lib/gcc/nios2-elf/5.3.0/libgcc.a(adddf3.o)
 .data          0x0000000000012774        0x0 /home/leemarc/intelFPGA_lite/18.1/nios2eds/bin/gnu/H-x86_64-pc-linux-gnu/bin/../lib/gcc/nios2-elf/5.3.0/libgcc.a(divdf3.o)
 .data          0x0000000000012774        0x0 /home/leemarc/intelFPGA_lite/18.1/nios2eds/bin/gnu/H-x86_64-pc-linux-gnu/bin/../lib/gcc/nios2-elf/5.3.0/libgcc.a(eqdf2.o)
 .data          0x0000000000012774        0x0 /home/leemarc/intelFPGA_lite/18.1/nios2eds/bin/gnu/H-x86_64-pc-linux-gnu/bin/../lib/gcc/nios2-elf/5.3.0/libgcc.a(gedf2.o)
 .data          0x0000000000012774        0x0 /home/leemarc/intelFPGA_lite/18.1/nios2eds/bin/gnu/H-x86_64-pc-linux-gnu/bin/../lib/gcc/nios2-elf/5.3.0/libgcc.a(ledf2.o)
 .data          0x0000000000012774        0x0 /home/leemarc/intelFPGA_lite/18.1/nios2eds/bin/gnu/H-x86_64-pc-linux-gnu/bin/../lib/gcc/nios2-elf/5.3.0/libgcc.a(muldf3.o)
 .data          0x0000000000012774        0x0 /home/leemarc/intelFPGA_lite/18.1/nios2eds/bin/gnu/H-x86_64-pc-linux-gnu/bin/../lib/gcc/nios2-elf/5.3.0/libgcc.a(subdf3.o)
 .data          0x0000000000012774        0x0 /home/leemarc/intelFPGA_lite/18.1/nios2eds/bin/gnu/H-x86_64-pc-linux-gnu/bin/../lib/gcc/nios2-elf/5.3.0/libgcc.a(fixdfsi.o)
 .data          0x0000000000012774        0x0 /home/leemarc/intelFPGA_lite/18.1/nios2eds/bin/gnu/H-x86_64-pc-linux-gnu/bin/../lib/gcc/nios2-elf/5.3.0/libgcc.a(floatsidf.o)
 .data          0x0000000000012774        0x0 /home/leemarc/intelFPGA_lite/18.1/nios2eds/bin/gnu/H-x86_64-pc-linux-gnu/bin/../lib/gcc/nios2-elf/5.3.0/libgcc.a(floatunsidf.o)
 .data          0x0000000000012774        0x0 /home/leemarc/intelFPGA_lite/18.1/nios2eds/bin/gnu/H-x86_64-pc-linux-gnu/bin/../lib/gcc/nios2-elf/5.3.0/libgcc.a(_clz.o)
 .data          0x0000000000012774        0x0 /home/leemarc/intelFPGA_lite/18.1/nios2eds/bin/gnu/H-x86_64-pc-linux-gnu/bin/../lib/gcc/nios2-elf/5.3.0/libgcc.a(_clzsi2.o)
 .data          0x0000000000012774        0x0 /run/media/leemarc/Shared/Switchdrive/Private/Documents/Master/1_S1/EmbHardw/mse_demo/software/sobel_work_bsp//libhal_bsp.a(alt_close.o)
 .data          0x0000000000012774      0x1a8 /run/media/leemarc/Shared/Switchdrive/Private/Documents/Master/1_S1/EmbHardw/mse_demo/software/sobel_work_bsp//libhal_bsp.a(alt_dev.o)
                0x0000000000012774                alt_dev_null
                0x000000000001279c                alt_fd_list
 .data          0x000000000001291c        0x0 /run/media/leemarc/Shared/Switchdrive/Private/Documents/Master/1_S1/EmbHardw/mse_demo/software/sobel_work_bsp//libhal_bsp.a(alt_errno.o)
 .data          0x000000000001291c        0x0 /run/media/leemarc/Shared/Switchdrive/Private/Documents/Master/1_S1/EmbHardw/mse_demo/software/sobel_work_bsp//libhal_bsp.a(alt_fstat.o)
 .data          0x000000000001291c        0x0 /run/media/leemarc/Shared/Switchdrive/Private/Documents/Master/1_S1/EmbHardw/mse_demo/software/sobel_work_bsp//libhal_bsp.a(alt_isatty.o)
 .data          0x000000000001291c        0x0 /run/media/leemarc/Shared/Switchdrive/Private/Documents/Master/1_S1/EmbHardw/mse_demo/software/sobel_work_bsp//libhal_bsp.a(alt_load.o)
 .data          0x000000000001291c        0x0 /run/media/leemarc/Shared/Switchdrive/Private/Documents/Master/1_S1/EmbHardw/mse_demo/software/sobel_work_bsp//libhal_bsp.a(alt_lseek.o)
 .data          0x000000000001291c        0x0 /run/media/leemarc/Shared/Switchdrive/Private/Documents/Master/1_S1/EmbHardw/mse_demo/software/sobel_work_bsp//libhal_bsp.a(alt_main.o)
 .data          0x000000000001291c        0x0 /run/media/leemarc/Shared/Switchdrive/Private/Documents/Master/1_S1/EmbHardw/mse_demo/software/sobel_work_bsp//libhal_bsp.a(alt_malloc_lock.o)
 .data          0x000000000001291c        0x0 /run/media/leemarc/Shared/Switchdrive/Private/Documents/Master/1_S1/EmbHardw/mse_demo/software/sobel_work_bsp//libhal_bsp.a(alt_read.o)
 .data          0x000000000001291c        0x0 /run/media/leemarc/Shared/Switchdrive/Private/Documents/Master/1_S1/EmbHardw/mse_demo/software/sobel_work_bsp//libhal_bsp.a(alt_release_fd.o)
 .data          0x000000000001291c        0x0 /run/media/leemarc/Shared/Switchdrive/Private/Documents/Master/1_S1/EmbHardw/mse_demo/software/sobel_work_bsp//libhal_bsp.a(alt_sbrk.o)
 .data          0x000000000001291c        0x0 /run/media/leemarc/Shared/Switchdrive/Private/Documents/Master/1_S1/EmbHardw/mse_demo/software/sobel_work_bsp//libhal_bsp.a(alt_usleep.o)
 .data          0x000000000001291c        0x0 /run/media/leemarc/Shared/Switchdrive/Private/Documents/Master/1_S1/EmbHardw/mse_demo/software/sobel_work_bsp//libhal_bsp.a(alt_write.o)
 .data          0x000000000001291c     0x1060 /run/media/leemarc/Shared/Switchdrive/Private/Documents/Master/1_S1/EmbHardw/mse_demo/software/sobel_work_bsp//libhal_bsp.a(alt_sys_init.o)
 .data          0x000000000001397c        0x0 /run/media/leemarc/Shared/Switchdrive/Private/Documents/Master/1_S1/EmbHardw/mse_demo/software/sobel_work_bsp//libhal_bsp.a(altera_avalon_jtag_uart_fd.o)
 .data          0x000000000001397c        0x0 /run/media/leemarc/Shared/Switchdrive/Private/Documents/Master/1_S1/EmbHardw/mse_demo/software/sobel_work_bsp//libhal_bsp.a(altera_avalon_jtag_uart_init.o)
 .data          0x000000000001397c        0x0 /run/media/leemarc/Shared/Switchdrive/Private/Documents/Master/1_S1/EmbHardw/mse_demo/software/sobel_work_bsp//libhal_bsp.a(altera_avalon_jtag_uart_ioctl.o)
 .data          0x000000000001397c        0x0 /run/media/leemarc/Shared/Switchdrive/Private/Documents/Master/1_S1/EmbHardw/mse_demo/software/sobel_work_bsp//libhal_bsp.a(altera_avalon_jtag_uart_read.o)
 .data          0x000000000001397c        0x0 /run/media/leemarc/Shared/Switchdrive/Private/Documents/Master/1_S1/EmbHardw/mse_demo/software/sobel_work_bsp//libhal_bsp.a(altera_avalon_jtag_uart_write.o)
 .data          0x000000000001397c        0x0 /run/media/leemarc/Shared/Switchdrive/Private/Documents/Master/1_S1/EmbHardw/mse_demo/software/sobel_work_bsp//libhal_bsp.a(altera_avalon_timer_sc.o)
 .data          0x000000000001397c        0x0 /run/media/leemarc/Shared/Switchdrive/Private/Documents/Master/1_S1/EmbHardw/mse_demo/software/sobel_work_bsp//libhal_bsp.a(altera_avalon_timer_ts.o)
 .data          0x000000000001397c        0x0 /run/media/leemarc/Shared/Switchdrive/Private/Documents/Master/1_S1/EmbHardw/mse_demo/software/sobel_work_bsp//libhal_bsp.a(altera_avalon_timer_vars.o)
 .data          0x000000000001397c        0x0 /run/media/leemarc/Shared/Switchdrive/Private/Documents/Master/1_S1/EmbHardw/mse_demo/software/sobel_work_bsp//libhal_bsp.a(alt_alarm_start.o)
 .data          0x000000000001397c        0x0 /run/media/leemarc/Shared/Switchdrive/Private/Documents/Master/1_S1/EmbHardw/mse_demo/software/sobel_work_bsp//libhal_bsp.a(alt_busy_sleep.o)
 .data          0x000000000001397c        0x0 /run/media/leemarc/Shared/Switchdrive/Private/Documents/Master/1_S1/EmbHardw/mse_demo/software/sobel_work_bsp//libhal_bsp.a(alt_dcache_flush_all.o)
 .data          0x000000000001397c        0x0 /run/media/leemarc/Shared/Switchdrive/Private/Documents/Master/1_S1/EmbHardw/mse_demo/software/sobel_work_bsp//libhal_bsp.a(alt_dev_llist_insert.o)