Archive member included to satisfy reference by file (symbol)

/home/leemarc/intelFPGA_lite/18.1/nios2eds/bin/gnu/H-x86_64-pc-linux-gnu/bin/../lib/gcc/nios2-elf/5.3.0/../../../../../H-x86_64-pc-linux-gnu/nios2-elf/lib/libc.a(lib_a-malloc.o)
                              obj/default/grayscale.o (malloc)
/home/leemarc/intelFPGA_lite/18.1/nios2eds/bin/gnu/H-x86_64-pc-linux-gnu/bin/../lib/gcc/nios2-elf/5.3.0/../../../../../H-x86_64-pc-linux-gnu/nios2-elf/lib/libc.a(lib_a-mallocr.o)
                              /home/leemarc/intelFPGA_lite/18.1/nios2eds/bin/gnu/H-x86_64-pc-linux-gnu/bin/../lib/gcc/nios2-elf/5.3.0/../../../../../H-x86_64-pc-linux-gnu/nios2-elf/lib/libc.a(lib_a-malloc.o) (_malloc_r)
/home/leemarc/intelFPGA_lite/18.1/nios2eds/bin/gnu/H-x86_64-pc-linux-gnu/bin/../lib/gcc/nios2-elf/5.3.0/../../../../../H-x86_64-pc-linux-gnu/nios2-elf/lib/libc.a(lib_a-printf.o)
                              obj/default/camera.o (printf)
/home/leemarc/intelFPGA_lite/18.1/nios2eds/bin/gnu/H-x86_64-pc-linux-gnu/bin/../lib/gcc/nios2-elf/5.3.0/../../../../../H-x86_64-pc-linux-gnu/nios2-elf/lib/libc.a(lib_a-puts.o)
                              obj/default/main.o (puts)
/home/leemarc/intelFPGA_lite/18.1/nios2eds/bin/gnu/H-x86_64-pc-linux-gnu/bin/../lib/gcc/nios2-elf/5.3.0/../../../../../H-x86_64-pc-linux-gnu/nios2-elf/lib/libc.a(lib_a-sbrkr.o)
                              /home/leemarc/intelFPGA_lite/18.1/nios2eds/bin/gnu/H-x86_64-pc-linux-gnu/bin/../lib/gcc/nios2-elf/5.3.0/../../../../../H-x86_64-pc-linux-gnu/nios2-elf/lib/libc.a(lib_a-mallocr.o) (_sbrk_r)
/home/leemarc/intelFPGA_lite/18.1/nios2eds/bin/gnu/H-x86_64-pc-linux-gnu/bin/../lib/gcc/nios2-elf/5.3.0/../../../../../H-x86_64-pc-linux-gnu/nios2-elf/lib/libc.a(lib_a-strlen.o)
                              /home/leemarc/intelFPGA_lite/18.1/nios2eds/bin/gnu/H-x86_64-pc-linux-gnu/bin/../lib/gcc/nios2-elf/5.3.0/../../../../../H-x86_64-pc-linux-gnu/nios2-elf/lib/libc.a(lib_a-puts.o) (strlen)
/home/leemarc/intelFPGA_lite/18.1/nios2eds/bin/gnu/H-x86_64-pc-linux-gnu/bin/../lib/gcc/nios2-elf/5.3.0/../../../../../H-x86_64-pc-linux-gnu/nios2-elf/lib/libc.a(lib_a-vfprintf.o)
                              /home/leemarc/intelFPGA_lite/18.1/nios2eds/bin/gnu/H-x86_64-pc-linux-gnu/bin/../lib/gcc/nios2-elf/5.3.0/../../../../../H-x86_64-pc-linux-gnu/nios2-elf/lib/libc.a(lib_a-printf.o) (___vfprintf_internal_r)
/home/leemarc/intelFPGA_lite/18.1/nios2eds/bin/gnu/H-x86_64-pc-linux-gnu/bin/../lib/gcc/nios2-elf/5.3.0/../../../../../H-x86_64-pc-linux-gnu/nios2-elf/lib/libc.a(lib_a-wsetup.o)
                              /home/leemarc/intelFPGA_lite/18.1/nios2eds/bin/gnu/H-x86_64-pc-linux-gnu/bin/../lib/gcc/nios2-elf/5.3.0/../../../../../H-x86_64-pc-linux-gnu/nios2-elf/lib/libc.a(lib_a-vfprintf.o) (__swsetup_r)
/home/leemarc/intelFPGA_lite/18.1/nios2eds/bin/gnu/H-x86_64-pc-linux-gnu/bin/../lib/gcc/nios2-elf/5.3.0/../../../../../H-x86_64-pc-linux-gnu/nios2-elf/lib/libc.a(lib_a-dtoa.o)
                              /home/leemarc/intelFPGA_lite/18.1/nios2eds/bin/gnu/H-x86_64-pc-linux-gnu/bin/../lib/gcc/nios2-elf/5.3.0/../../../../../H-x86_64-pc-linux-gnu/nios2-elf/lib/libc.a(lib_a-vfprintf.o) (_dtoa_r)
/home/leemarc/intelFPGA_lite/18.1/nios2eds/bin/gnu/H-x86_64-pc-linux-gnu/bin/../lib/gcc/nios2-elf/5.3.0/../../../../../H-x86_64-pc-linux-gnu/nios2-elf/lib/libc.a(lib_a-fflush.o)
                              /home/leemarc/intelFPGA_lite/18.1/nios2eds/bin/gnu/H-x86_64-pc-linux-gnu/bin/../lib/gcc/nios2-elf/5.3.0/../../../../../H-x86_64-pc-linux-gnu/nios2-elf/lib/libc.a(lib_a-vfprintf.o) (_fflush_r)
/home/leemarc/intelFPGA_lite/18.1/nios2eds/bin/gnu/H-x86_64-pc-linux-gnu/bin/../lib/gcc/nios2-elf/5.3.0/../../../../../H-x86_64-pc-linux-gnu/nios2-elf/lib/libc.a(lib_a-findfp.o)
                              /home/leemarc/intelFPGA_lite/18.1/nios2eds/bin/gnu/H-x86_64-pc-linux-gnu/bin/../lib/gcc/nios2-elf/5.3.0/../../../../../H-x86_64-pc-linux-gnu/nios2-elf/lib/libc.a(lib_a-puts.o) (__sinit)
/home/leemarc/intelFPGA_lite/18.1/nios2eds/bin/gnu/H-x86_64-pc-linux-gnu/bin/../lib/gcc/nios2-elf/5.3.0/../../../../../H-x86_64-pc-linux-gnu/nios2-elf/lib/libc.a(lib_a-freer.o)
                              /home/leemarc/intelFPGA_lite/18.1/nios2eds/bin/gnu/H-x86_64-pc-linux-gnu/bin/../lib/gcc/nios2-elf/5.3.0/../../../../../H-x86_64-pc-linux-gnu/nios2-elf/lib/libc.a(lib_a-malloc.o) (_free_r)
/home/leemarc/intelFPGA_lite/18.1/nios2eds/bin/gnu/H-x86_64-pc-linux-gnu/bin/../lib/gcc/nios2-elf/5.3.0/../../../../../H-x86_64-pc-linux-gnu/nios2-elf/lib/libc.a(lib_a-fvwrite.o)
                              /home/leemarc/intelFPGA_lite/18.1/nios2eds/bin/gnu/H-x86_64-pc-linux-gnu/bin/../lib/gcc/nios2-elf/5.3.0/../../../../../H-x86_64-pc-linux-gnu/nios2-elf/lib/libc.a(lib_a-puts.o) (__sfvwrite_r)
/home/leemarc/intelFPGA_lite/18.1/nios2eds/bin/gnu/H-x86_64-pc-linux-gnu/bin/../lib/gcc/nios2-elf/5.3.0/../../../../../H-x86_64-pc-linux-gnu/nios2-elf/lib/libc.a(lib_a-fwalk.o)
[...]
Memory Configuration

Name             Origin             Length             Attributes
reset            0x0000000000000000 0x0000000000000020
sdram_ctrl       0x0000000000000020 0x0000000000ffffe0
*default*        0x0000000000000000 0xffffffffffffffff

Linker script and memory map

LOAD /run/media/leemarc/Shared/Switchdrive/Private/Documents/Master/1_S1/EmbHardw/mse_demo/software/sobel_work_bsp//obj/HAL/src/crt0.o
LOAD obj/default/camera.o
LOAD obj/default/dipswitch.o
LOAD obj/default/grayscale.o
LOAD obj/default/i2c.o
LOAD obj/default/lcd_simple.o
LOAD obj/default/main.o
LOAD obj/default/sobel.o
LOAD obj/default/vga.o
LOAD /home/leemarc/intelFPGA_lite/18.1/nios2eds/bin/gnu/H-x86_64-pc-linux-gnu/bin/../lib/gcc/nios2-elf/5.3.0/../../../../../H-x86_64-pc-linux-gnu/nios2-elf/lib/libstdc++.a
LOAD /home/leemarc/intelFPGA_lite/18.1/nios2eds/bin/gnu/H-x86_64-pc-linux-gnu/bin/../lib/gcc/nios2-elf/5.3.0/../../../../../H-x86_64-pc-linux-gnu/nios2-elf/lib/libm.a
LOAD /home/leemarc/intelFPGA_lite/18.1/nios2eds/bin/gnu/H-x86_64-pc-linux-gnu/bin/../lib/gcc/nios2-elf/5.3.0/libgcc.a
START GROUP
LOAD /home/leemarc/intelFPGA_lite/18.1/nios2eds/bin/gnu/H-x86_64-pc-linux-gnu/bin/../lib/gcc/nios2-elf/5.3.0/../../../../../H-x86_64-pc-linux-gnu/nios2-elf/lib/libc.a
LOAD /home/leemarc/intelFPGA_lite/18.1/nios2eds/bin/gnu/H-x86_64-pc-linux-gnu/bin/../lib/gcc/nios2-elf/5.3.0/libgcc.a
LOAD /run/media/leemarc/Shared/Switchdrive/Private/Documents/Master/1_S1/EmbHardw/mse_demo/software/sobel_work_bsp//libhal_bsp.a
LOAD /home/leemarc/intelFPGA_lite/18.1/nios2eds/bin/gnu/H-x86_64-pc-linux-gnu/bin/../lib/gcc/nios2-elf/5.3.0/../../../../../H-x86_64-pc-linux-gnu/nios2-elf/lib/libm.a
END GROUP
LOAD /home/leemarc/intelFPGA_lite/18.1/nios2eds/bin/gnu/H-x86_64-pc-linux-gnu/bin/../lib/gcc/nios2-elf/5.3.0/libgcc.a
                0x0000000000000000                __alt_mem_sdram_ctrl = 0x0

.entry          0x0000000000000000       0x20
 *(.entry)
 .entry         0x0000000000000000       0x20 /run/media/leemarc/Shared/Switchdrive/Private/Documents/Master/1_S1/EmbHardw/mse_demo/software/sobel_work_bsp//obj/HAL/src/crt0.o
                0x0000000000000000                __reset

.exceptions     0x0000000000000020      0x224
                0x0000000000000020                PROVIDE (__ram_exceptions_start, ABSOLUTE (.))
                0x0000000000000020                . = ALIGN (0x20)
 *(.irq)
 *(.exceptions.entry.label)
 .exceptions.entry.label
                0x0000000000000020        0x0 /run/media/leemarc/Shared/Switchdrive/Private/Documents/Master/1_S1/EmbHardw/mse_demo/software/sobel_work_bsp//libhal_bsp.a(alt_irq_entry.o)
                0x0000000000000020                alt_irq_entry
 .exceptions.entry.label
                0x0000000000000020        0x0 /run/media/leemarc/Shared/Switchdrive/Private/Documents/Master/1_S1/EmbHardw/mse_demo/software/sobel_work_bsp//libhal_bsp.a(alt_exception_entry.o)
                0x0000000000000020                alt_exception
 *(.exceptions.entry.user)
 *(.exceptions.entry.ecc_fatal)
 *(.exceptions.entry)
 .exceptions.entry
                0x0000000000000020       0x54 /run/media/leemarc/Shared/Switchdrive/Private/Documents/Master/1_S1/EmbHardw/mse_demo/software/sobel_work_bsp//libhal_bsp.a(alt_exception_entry.o)
 *(.exceptions.irqtest.user)
 *(.exceptions.irqtest)
 .exceptions.irqtest
                0x0000000000000074       0x10 /run/media/leemarc/Shared/Switchdrive/Private/Documents/Master/1_S1/EmbHardw/mse_demo/software/sobel_work_bsp//libhal_bsp.a(alt_irq_entry.o)
 *(.exceptions.irqhandler.user)
 *(.exceptions.irqhandler)
 .exceptions.irqhandler
                0x0000000000000084        0x4 /run/media/leemarc/Shared/Switchdrive/Private/Documents/Master/1_S1/EmbHardw/mse_demo/software/sobel_work_bsp//libhal_bsp.a(alt_irq_entry.o)
 *(.exceptions.irqreturn.user)
 *(.exceptions.irqreturn)
 .exceptions.irqreturn
                0x0000000000000088        0x4 /run/media/leemarc/Shared/Switchdrive/Private/Documents/Master/1_S1/EmbHardw/mse_demo/software/sobel_work_bsp//libhal_bsp.a(alt_irq_entry.o)
 *(.exceptions.notirq.label)
 .exceptions.notirq.label
                0x000000000000008c        0x0 /run/media/leemarc/Shared/Switchdrive/Private/Documents/Master/1_S1/EmbHardw/mse_demo/software/sobel_work_bsp//libhal_bsp.a(alt_irq_entry.o)
 *(.exceptions.notirq.user)
 *(.exceptions.notirq)
 .exceptions.notirq
                0x000000000000008c        0x8 /run/media/leemarc/Shared/Switchdrive/Private/Documents/Master/1_S1/EmbHardw/mse_demo/software/sobel_work_bsp//libhal_bsp.a(alt_exception_entry.o)
 *(.exceptions.soft.user)
 *(.exceptions.soft)
 *(.exceptions.unknown.user)
 *(.exceptions.unknown)
 .exceptions.unknown
                0x0000000000000094       0x14 /run/media/leemarc/Shared/Switchdrive/Private/Documents/Master/1_S1/EmbHardw/mse_demo/software/sobel_work_bsp//libhal_bsp.a(alt_exception_entry.o)
 *(.exceptions.exit.label)
 .exceptions.exit.label
                0x00000000000000a8        0x0 /run/media/leemarc/Shared/Switchdrive/Private/Documents/Master/1_S1/EmbHardw/mse_demo/software/sobel_work_bsp//libhal_bsp.a(alt_irq_entry.o)
 .exceptions.exit.label
                0x00000000000000a8        0x0 /run/media/leemarc/Shared/Switchdrive/Private/Documents/Master/1_S1/EmbHardw/mse_demo/software/sobel_work_bsp//libhal_bsp.a(alt_exception_entry.o)
 *(.exceptions.exit.user)
 *(.exceptions.exit)
 .exceptions.exit
                0x00000000000000a8       0x54 /run/media/leemarc/Shared/Switchdrive/Private/Documents/Master/1_S1/EmbHardw/mse_demo/software/sobel_work_bsp//libhal_bsp.a(alt_exception_entry.o)
 *(.exceptions)
 .exceptions    0x00000000000000fc       0xd4 /run/media/leemarc/Shared/Switchdrive/Private/Documents/Master/1_S1/EmbHardw/mse_demo/software/sobel_work_bsp//libhal_bsp.a(alt_irq_handler.o)
                0x00000000000000fc                alt_irq_handler
 .exceptions    0x00000000000001d0       0x74 /run/media/leemarc/Shared/Switchdrive/Private/Documents/Master/1_S1/EmbHardw/mse_demo/software/sobel_work_bsp//libhal_bsp.a(alt_instruction_exception_entry.o)
                0x00000000000001d0                alt_instruction_exception_entry
                0x0000000000000244                PROVIDE (__ram_exceptions_end, ABSOLUTE (.))
                0x0000000000000020                PROVIDE (__flash_exceptions_start, LOADADDR (.exceptions))

.text           0x0000000000000244    0x1153c
                [!provide]                        PROVIDE (stext, ABSOLUTE (.))
 *(.interp)
 *(.hash)
 *(.dynsym)
 *(.dynstr)
 *(.gnu.version)
 *(.gnu.version_d)
 *(.gnu.version_r)
 *(.rel.init)
 *(.rela.init)
 *(.rel.text .rel.text.* .rel.gnu.linkonce.t.*)
 *(.rela.text .rela.text.* .rela.gnu.linkonce.t.*)
 *(.rel.fini)
 *(.rela.fini)
 *(.rel.rodata .rel.rodata.* .rel.gnu.linkonce.r.*)
 *(.rela.rodata .rela.rodata.* .rela.gnu.linkonce.r.*)
 *(.rel.data .rel.data.* .rel.gnu.linkonce.d.*)
 *(.rela.data .rela.data.* .rela.gnu.linkonce.d.*)
 *(.rel.tdata .rel.tdata.* .rel.gnu.linkonce.td.*)
 *(.rela.tdata .rela.tdata.* .rela.gnu.linkonce.td.*)
 *(.rel.tbss .rel.tbss.* .rel.gnu.linkonce.tb.*)
 *(.rela.tbss .rela.tbss.* .rela.gnu.linkonce.tb.*)
 *(.rel.ctors)
 *(.rela.ctors)
 *(.rel.dtors)
 *(.rela.dtors)
 *(.rel.got)
 *(.rela.got)
 *(.rel.sdata .rel.sdata.* .rel.gnu.linkonce.s.*)
 *(.rela.sdata .rela.sdata.* .rela.gnu.linkonce.s.*)
 *(.rel.sbss .rel.sbss.* .rel.gnu.linkonce.sb.*)
 *(.rela.sbss .rela.sbss.* .rela.gnu.linkonce.sb.*)
 *(.rel.sdata2 .rel.sdata2.* .rel.gnu.linkonce.s2.*)
 *(.rela.sdata2 .rela.sdata2.* .rela.gnu.linkonce.s2.*)
 *(.rel.sbss2 .rel.sbss2.* .rel.gnu.linkonce.sb2.*)
 *(.rela.sbss2 .rela.sbss2.* .rela.gnu.linkonce.sb2.*)
 *(.rel.bss .rel.bss.* .rel.gnu.linkonce.b.*)
 *(.rela.bss .rela.bss.* .rela.gnu.linkonce.b.*)
 *(.rel.plt)
 *(.rela.plt)
 *(.rel.dyn)
 *(.init)
 *(.plt)
 *(.text .stub .text.* .gnu.linkonce.t.*)
 .text          0x0000000000000244       0x4c /run/media/leemarc/Shared/Switchdrive/Private/Documents/Master/1_S1/EmbHardw/mse_demo/software/sobel_work_bsp//obj/HAL/src/crt0.o
                0x0000000000000244                _start
 .text          0x0000000000000290      0x4d0 obj/default/camera.o
                0x0000000000000290                init_camera
                0x00000000000005a8                cam_get_xsize
                0x00000000000005cc                cam_get_ysize
                0x00000000000005f0                cam_get_profiling
                0x0000000000000668                cam_set_image_pointer
                0x00000000000006dc                current_image_valid
                0x00000000000006f0                current_image_pointer
                0x0000000000000700                take_picture_blocking
                0x0000000000000720                enable_continues_mode
                0x0000000000000734                new_image_available
 .text          0x0000000000000760       0x14 obj/default/dipswitch.o
                0x0000000000000760                DIPSW_get_value
 .text          0x0000000000000774       0xc4 obj/default/grayscale.o
                0x0000000000000774                conv_grayscale
                0x0000000000000820                get_grayscale_width
                0x0000000000000828                get_grayscale_height
                0x0000000000000830                get_grayscale_picture
 .text          0x0000000000000838      0x1a4 obj/default/i2c.o
                0x0000000000000838                i2c_busy_wait
                0x0000000000000850                i2c_auto_detect
                0x00000000000008f8                i2c_short_read
                0x0000000000000984                i2c_short_write
 .text          0x00000000000009dc      0x540 obj/default/lcd_simple.o
                0x00000000000009dc                LCD_Write_Command
                0x00000000000009f0                LCD_Write_Data
                0x0000000000000a04                init_LCD
                0x0000000000000e18                transfer_LCD_no_dma
                0x0000000000000ea4                transfer_LCD_with_dma
 .text          0x0000000000000f1c        0x0 obj/default/main.o
 .text.startup  0x0000000000000f1c      0x374 obj/default/main.o
                0x0000000000000f1c                main
 .text          0x0000000000001290     0x1120 obj/default/sobel.o
                0x0000000000001290                init_sobel_arrays
                0x0000000000001374                sobel_complete
                0x00000000000014cc                sobel_mac
                0x00000000000015f4                sobel_mac_unrollx
                0x00000000000016ec                sobel_mac_unroll
                0x00000000000017a8                sobel_x
                0x00000000000018e0                sobel_x_inline
                0x0000000000001b8c                sobel_x_with_rgb
                0x0000000000001cf4                sobel_y
                0x0000000000001e10                sobel_y_inline
                0x00000000000020bc                sobel_y_with_rgb
                0x0000000000002240                sobel_threshold
                0x00000000000022f4                sobel_threshold128
                0x00000000000023a0                GetSobel_rgb
                0x00000000000023a8                GetSobelResult
 .text          0x00000000000023b0       0x20 obj/default/vga.o
                0x00000000000023b0                vga_set_pointer
                0x00000000000023c0                vga_set_swap
 .text          0x00000000000023d0        0x0 /home/leemarc/intelFPGA_lite/18.1/nios2eds/bin/gnu/H-x86_64-pc-linux-gnu/bin/../lib/gcc/nios2-elf/5.3.0/../../../../../H-x86_64-pc-linux-gnu/nios2-elf/lib/libc.a(lib_a-malloc.o)
 .text.malloc   0x00000000000023d0       0x14 /home/leemarc/intelFPGA_lite/18.1/nios2eds/bin/gnu/H-x86_64-pc-linux-gnu/bin/../lib/gcc/nios2-elf/5.3.0/../../../../../H-x86_64-pc-linux-gnu/nios2-elf/lib/libc.a(lib_a-malloc.o)
                0x00000000000023d0                malloc
 .text.free     0x00000000000023e4       0x14 /home/leemarc/intelFPGA_lite/18.1/nios2eds/bin/gnu/H-x86_64-pc-linux-gnu/bin/../lib/gcc/nios2-elf/5.3.0/../../../../../H-x86_64-pc-linux-gnu/nios2-elf/lib/libc.a(lib_a-malloc.o)
                0x00000000000023e4                free
 .text          0x00000000000023f8        0x0 /home/leemarc/intelFPGA_lite/18.1/nios2eds/bin/gnu/H-x86_64-pc-linux-gnu/bin/../lib/gcc/nios2-elf/5.3.0/../../../../../H-x86_64-pc-linux-gnu/nios2-elf/lib/libc.a(lib_a-mallocr.o)
 .text._malloc_r
                0x00000000000023f8      0x80c /home/leemarc/intelFPGA_lite/18.1/nios2eds/bin/gnu/H-x86_64-pc-linux-gnu/bin/../lib/gcc/nios2-elf/5.3.0/../../../../../H-x86_64-pc-linux-gnu/nios2-elf/lib/libc.a(lib_a-mallocr.o)
                0x00000000000023f8                _malloc_r
 .text          0x0000000000002c04        0x0 /home/leemarc/intelFPGA_lite/18.1/nios2eds/bin/gnu/H-x86_64-pc-linux-gnu/bin/../lib/gcc/nios2-elf/5.3.0/../../../../../H-x86_64-pc-linux-gnu/nios2-elf/lib/libc.a(lib_a-printf.o)
 .text._printf_r
                0x0000000000002c04       0x30 /home/leemarc/intelFPGA_lite/18.1/nios2eds/bin/gnu/H-x86_64-pc-linux-gnu/bin/../lib/gcc/nios2-elf/5.3.0/../../../../../H-x86_64-pc-linux-gnu/nios2-elf/lib/libc.a(lib_a-printf.o)
                0x0000000000002c04                _printf_r
 .text.printf   0x0000000000002c34       0x3c /home/leemarc/intelFPGA_lite/18.1/nios2eds/bin/gnu/H-x86_64-pc-linux-gnu/bin/../lib/gcc/nios2-elf/5.3.0/../../../../../H-x86_64-pc-linux-gnu/nios2-elf/lib/libc.a(lib_a-printf.o)
                0x0000000000002c34                printf
 .text          0x0000000000002c70        0x0 /home/leemarc/intelFPGA_lite/18.1/nios2eds/bin/gnu/H-x86_64-pc-linux-gnu/bin/../lib/gcc/nios2-elf/5.3.0/../../../../../H-x86_64-pc-linux-gnu/nios2-elf/lib/libc.a(lib_a-puts.o)
 .text._puts_r  0x0000000000002c70       0xc0 /home/leemarc/intelFPGA_lite/18.1/nios2eds/bin/gnu/H-x86_64-pc-linux-gnu/bin/../lib/gcc/nios2-elf/5.3.0/../../../../../H-x86_64-pc-linux-gnu/nios2-elf/lib/libc.a(lib_a-puts.o)
                0x0000000000002c70                _puts_r
 .text.puts     0x0000000000002d30       0x14 /home/leemarc/intelFPGA_lite/18.1/nios2eds/bin/gnu/H-x86_64-pc-linux-gnu/bin/../lib/gcc/nios2-elf/5.3.0/../../../../../H-x86_64-pc-linux-gnu/nios2-elf/lib/libc.a(lib_a-puts.o)
                0x0000000000002d30                puts
 .text          0x0000000000002d44        0x0 /home/leemarc/intelFPGA_lite/18.1/nios2eds/bin/gnu/H-x86_64-pc-linux-gnu/bin/../lib/gcc/nios2-elf/5.3.0/../../../../../H-x86_64-pc-linux-gnu/nios2-elf/lib/libc.a(lib_a-sbrkr.o)
 .text._sbrk_r  0x0000000000002d44       0x54 /home/leemarc/intelFPGA_lite/18.1/nios2eds/bin/gnu/H-x86_64-pc-linux-gnu/bin/../lib/gcc/nios2-elf/5.3.0/../../../../../H-x86_64-pc-linux-gnu/nios2-elf/lib/libc.a(lib_a-sbrkr.o)
                0x0000000000002d44                _sbrk_r
 .text          0x0000000000002d98        0x0 /home/leemarc/intelFPGA_lite/18.1/nios2eds/bin/gnu/H-x86_64-pc-linux-gnu/bin/../lib/gcc/nios2-elf/5.3.0/../../../../../H-x86_64-pc-linux-gnu/nios2-elf/lib/libc.a(lib_a-strlen.o)
 .text.strlen   0x0000000000002d98       0x98 /home/leemarc/intelFPGA_lite/18.1/nios2eds/bin/gnu/H-x86_64-pc-linux-gnu/bin/../lib/gcc/nios2-elf/5.3.0/../../../../../H-x86_64-pc-linux-gnu/nios2-elf/lib/libc.a(lib_a-strlen.o)
                0x0000000000002d98                strlen
 .text          0x0000000000002e30        0x0 /home/leemarc/intelFPGA_lite/18.1/nios2eds/bin/gnu/H-x86_64-pc-linux-gnu/bin/../lib/gcc/nios2-elf/5.3.0/../../../../../H-x86_64-pc-linux-gnu/nios2-elf/lib/libc.a(lib_a-vfprintf.o)
 .text.___vfprintf_internal_r
                0x0000000000002e30     0x21f8 /home/leemarc/intelFPGA_lite/18.1/nios2eds/bin/gnu/H-x86_64-pc-linux-gnu/bin/../lib/gcc/nios2-elf/5.3.0/../../../../../H-x86_64-pc-linux-gnu/nios2-elf/lib/libc.a(lib_a-vfprintf.o)
                0x0000000000002e30                ___vfprintf_internal_r
 .text.__vfprintf_internal
                0x0000000000005028       0x1c /home/leemarc/intelFPGA_lite/18.1/nios2eds/bin/gnu/H-x86_64-pc-linux-gnu/bin/../lib/gcc/nios2-elf/5.3.0/../../../../../H-x86_64-pc-linux-gnu/nios2-elf/lib/libc.a(lib_a-vfprintf.o)
                0x0000000000005028                __vfprintf_internal
 .text.__sbprintf
                0x0000000000005044       0xbc /home/leemarc/intelFPGA_lite/18.1/nios2eds/bin/gnu/H-x86_64-pc-linux-gnu/bin/../lib/gcc/nios2-elf/5.3.0/../../../../../H-x86_64-pc-linux-gnu/nios2-elf/lib/libc.a(lib_a-vfprintf.o)
 .text          0x0000000000005100        0x0 /home/leemarc/intelFPGA_lite/18.1/nios2eds/bin/gnu/H-x86_64-pc-linux-gnu/bin/../lib/gcc/nios2-elf/5.3.0/../../../../../H-x86_64-pc-linux-gnu/nios2-elf/lib/libc.a(lib_a-wsetup.o)
 .text.__swsetup_r
                0x0000000000005100      0x154 /home/leemarc/intelFPGA_lite/18.1/nios2eds/bin/gnu/H-x86_64-pc-linux-gnu/bin/../lib/gcc/nios2-elf/5.3.0/../../../../../H-x86_64-pc-linux-gnu/nios2-elf/lib/libc.a(lib_a-wsetup.o)
                0x0000000000005100                __swsetup_r
 .text          0x0000000000005254        0x0 /home/leemarc/intelFPGA_lite/18.1/nios2eds/bin/gnu/H-x86_64-pc-linux-gnu/bin/../lib/gcc/nios2-elf/5.3.0/../../../../../H-x86_64-pc-linux-gnu/nios2-elf/lib/libc.a(lib_a-dtoa.o)
 .text.quorem   0x0000000000005254      0x200 /home/leemarc/intelFPGA_lite/18.1/nios2eds/bin/gnu/H-x86_64-pc-linux-gnu/bin/../lib/gcc/nios2-elf/5.3.0/../../../../../H-x86_64-pc-linux-gnu/nios2-elf/lib/libc.a(lib_a-dtoa.o)
 .text._dtoa_r  0x0000000000005454     0x1688 /home/leemarc/intelFPGA_lite/18.1/nios2eds/bin/gnu/H-x86_64-pc-linux-gnu/bin/../lib/gcc/nios2-elf/5.3.0/../../../../../H-x86_64-pc-linux-gnu/nios2-elf/lib/libc.a(lib_a-dtoa.o)
                0x0000000000005454                _dtoa_r
 .text          0x0000000000006adc        0x0 /home/leemarc/intelFPGA_lite/18.1/nios2eds/bin/gnu/H-x86_64-pc-linux-gnu/bin/../lib/gcc/nios2-elf/5.3.0/../../../../../H-x86_64-pc-linux-gnu/nios2-elf/lib/libc.a(lib_a-fflush.o)
 .text.__sflush_r
                0x0000000000006adc      0x21c /home/leemarc/intelFPGA_lite/18.1/nios2eds/bin/gnu/H-x86_64-pc-linux-gnu/bin/../lib/gcc/nios2-elf/5.3.0/../../../../../H-x86_64-pc-linux-gnu/nios2-elf/lib/libc.a(lib_a-fflush.o)
                0x0000000000006adc                __sflush_r
 .text._fflush_r
                0x0000000000006cf8       0x5c /home/leemarc/intelFPGA_lite/18.1/nios2eds/bin/gnu/H-x86_64-pc-linux-gnu/bin/../lib/gcc/nios2-elf/5.3.0/../../../../../H-x86_64-pc-linux-gnu/nios2-elf/lib/libc.a(lib_a-fflush.o)
                0x0000000000006cf8                _fflush_r
 .text.fflush   0x0000000000006d54       0x30 /home/leemarc/intelFPGA_lite/18.1/nios2eds/bin/gnu/H-x86_64-pc-linux-gnu/bin/../lib/gcc/nios2-elf/5.3.0/../../../../../H-x86_64-pc-linux-gnu/nios2-elf/lib/libc.a(lib_a-fflush.o)
                0x0000000000006d54                fflush
 .text          0x0000000000006d84        0x0 /home/leemarc/intelFPGA_lite/18.1/nios2eds/bin/gnu/H-x86_64-pc-linux-gnu/bin/../lib/gcc/nios2-elf/5.3.0/../../../../../H-x86_64-pc-linux-gnu/nios2-elf/lib/libc.a(lib_a-findfp.o)
 .text.__fp_unlock
                0x0000000000006d84        0x8 /home/leemarc/intelFPGA_lite/18.1/nios2eds/bin/gnu/H-x86_64-pc-linux-gnu/bin/../lib/gcc/nios2-elf/5.3.0/../../../../../H-x86_64-pc-linux-gnu/nios2-elf/lib/libc.a(lib_a-findfp.o)
 .text._cleanup_r
                0x0000000000006d8c        0xc /home/leemarc/intelFPGA_lite/18.1/nios2eds/bin/gnu/H-x86_64-pc-linux-gnu/bin/../lib/gcc/nios2-elf/5.3.0/../../../../../H-x86_64-pc-linux-gnu/nios2-elf/lib/libc.a(lib_a-findfp.o)
                0x0000000000006d8c                _cleanup_r
 .text.__sinit.part.1
                0x0000000000006d98      0x19c /home/leemarc/intelFPGA_lite/18.1/nios2eds/bin/gnu/H-x86_64-pc-linux-gnu/bin/../lib/gcc/nios2-elf/5.3.0/../../../../../H-x86_64-pc-linux-gnu/nios2-elf/lib/libc.a(lib_a-findfp.o)
 .text.__fp_lock
                0x0000000000006f34        0x8 /home/leemarc/intelFPGA_lite/18.1/nios2eds/bin/gnu/H-x86_64-pc-linux-gnu/bin/../lib/gcc/nios2-elf/5.3.0/../../../../../H-x86_64-pc-linux-gnu/nios2-elf/lib/libc.a(lib_a-findfp.o)
 .text.__sfmoreglue
                0x0000000000006f3c       0x68 /home/leemarc/intelFPGA_lite/18.1/nios2eds/bin/gnu/H-x86_64-pc-linux-gnu/bin/../lib/gcc/nios2-elf/5.3.0/../../../../../H-x86_64-pc-linux-gnu/nios2-elf/lib/libc.a(lib_a-findfp.o)
                0x0000000000006f3c                __sfmoreglue
 .text.__sfp    0x0000000000006fa4      0x118 /home/leemarc/intelFPGA_lite/18.1/nios2eds/bin/gnu/H-x86_64-pc-linux-gnu/bin/../lib/gcc/nios2-elf/5.3.0/../../../../../H-x86_64-pc-linux-gnu/nios2-elf/lib/libc.a(lib_a-findfp.o)
                0x0000000000006fa4                __sfp
 .text._cleanup
                0x00000000000070bc       0x18 /home/leemarc/intelFPGA_lite/18.1/nios2eds/bin/gnu/H-x86_64-pc-linux-gnu/bin/../lib/gcc/nios2-elf/5.3.0/../../../../../H-x86_64-pc-linux-gnu/nios2-elf/lib/libc.a(lib_a-findfp.o)
                0x00000000000070bc                _cleanup
 .text.__sinit  0x00000000000070d4       0x10 /home/leemarc/intelFPGA_lite/18.1/nios2eds/bin/gnu/H-x86_64-pc-linux-gnu/bin/../lib/gcc/nios2-elf/5.3.0/../../../../../H-x86_64-pc-linux-gnu/nios2-elf/lib/libc.a(lib_a-findfp.o)
                0x00000000000070d4                __sinit
 .text.__sfp_lock_acquire
                0x00000000000070e4        0x4 /home/leemarc/intelFPGA_lite/18.1/nios2eds/bin/gnu/H-x86_64-pc-linux-gnu/bin/../lib/gcc/nios2-elf/5.3.0/../../../../../H-x86_64-pc-linux-gnu/nios2-elf/lib/libc.a(lib_a-findfp.o)
                0x00000000000070e4                __sfp_lock_acquire
 .text.__sfp_lock_release
                0x00000000000070e8        0x4 /home/leemarc/intelFPGA_lite/18.1/nios2eds/bin/gnu/H-x86_64-pc-linux-gnu/bin/../lib/gcc/nios2-elf/5.3.0/../../../../../H-x86_64-pc-linux-gnu/nios2-elf/lib/libc.a(lib_a-findfp.o)
                0x00000000000070e8                __sfp_lock_release
 .text.__sinit_lock_acquire
                0x00000000000070ec        0x4 /home/leemarc/intelFPGA_lite/18.1/nios2eds/bin/gnu/H-x86_64-pc-linux-gnu/bin/../lib/gcc/nios2-elf/5.3.0/../../../../../H-x86_64-pc-linux-gnu/nios2-elf/lib/libc.a(lib_a-findfp.o)
                0x00000000000070ec                __sinit_lock_acquire
 .text.__sinit_lock_release
                0x00000000000070f0        0x4 /home/leemarc/intelFPGA_lite/18.1/nios2eds/bin/gnu/H-x86_64-pc-linux-gnu/bin/../lib/gcc/nios2-elf/5.3.0/../../../../../H-x86_64-pc-linux-gnu/nios2-elf/lib/libc.a(lib_a-findfp.o)
                0x00000000000070f0                __sinit_lock_release
 .text.__fp_lock_all
                0x00000000000070f4       0x18 /home/leemarc/intelFPGA_lite/18.1/nios2eds/bin/gnu/H-x86_64-pc-linux-gnu/bin/../lib/gcc/nios2-elf/5.3.0/../../../../../H-x86_64-pc-linux-gnu/nios2-elf/lib/libc.a(lib_a-findfp.o)
                0x00000000000070f4                __fp_lock_all
 .text.__fp_unlock_all
                0x000000000000710c       0x18 /home/leemarc/intelFPGA_lite/18.1/nios2eds/bin/gnu/H-x86_64-pc-linux-gnu/bin/../lib/gcc/nios2-elf/5.3.0/../../../../../H-x86_64-pc-linux-gnu/nios2-elf/lib/libc.a(lib_a-findfp.o)
                0x000000000000710c                __fp_unlock_all
 .text          0x0000000000007124        0x0 /home/leemarc/intelFPGA_lite/18.1/nios2eds/bin/gnu/H-x86_64-pc-linux-gnu/bin/../lib/gcc/nios2-elf/5.3.0/../../../../../H-x86_64-pc-linux-gnu/nios2-elf/lib/libc.a(lib_a-freer.o)
 .text._malloc_trim_r
                0x0000000000007124      0x124 /home/leemarc/intelFPGA_lite/18.1/nios2eds/bin/gnu/H-x86_64-pc-linux-gnu/bin/../lib/gcc/nios2-elf/5.3.0/../../../../../H-x86_64-pc-linux-gnu/nios2-elf/lib/libc.a(lib_a-freer.o)
                0x0000000000007124                _malloc_trim_r
 .text._free_r  0x0000000000007248      0x310 /home/leemarc/intelFPGA_lite/18.1/nios2eds/bin/gnu/H-x86_64-pc-linux-gnu/bin/../lib/gcc/nios2-elf/5.3.0/../../../../../H-x86_64-pc-linux-gnu/nios2-elf/lib/libc.a(lib_a-freer.o)
                0x0000000000007248                _free_r
 .text          0x0000000000007558        0x0 /home/leemarc/intelFPGA_lite/18.1/nios2eds/bin/gnu/H-x86_64-pc-linux-gnu/bin/../lib/gcc/nios2-elf/5.3.0/../../../../../H-x86_64-pc-linux-gnu/nios2-elf/lib/libc.a(lib_a-fvwrite.o)
 .text.__sfvwrite_r
                0x0000000000007558      0x4bc /home/leemarc/intelFPGA_lite/18.1/nios2eds/bin/gnu/H-x86_64-pc-linux-gnu/bin/../lib/gcc/nios2-elf/5.3.0/../../../../../H-x86_64-pc-linux-gnu/nios2-elf/lib/libc.a(lib_a-fvwrite.o)
                0x0000000000007558                __sfvwrite_r
 .text          0x0000000000007a14        0x0 /home/leemarc/intelFPGA_lite/18.1/nios2eds/bin/gnu/H-x86_64-pc-linux-gnu/bin/../lib/gcc/nios2-elf/5.3.0/../../../../../H-x86_64-pc-linux-gnu/nios2-elf/lib/libc.a(lib_a-fwalk.o)
 .text._fwalk   0x0000000000007a14       0xc4 /home/leemarc/intelFPGA_lite/18.1/nios2eds/bin/gnu/H-x86_64-pc-linux-gnu/bin/../lib/gcc/nios2-elf/5.3.0/../../../../../H-x86_64-pc-linux-gnu/nios2-elf/lib/libc.a(lib_a-fwalk.o)
                0x0000000000007a14                _fwalk
 .text._fwalk_reent
                0x0000000000007ad8       0xc4 /home/leemarc/intelFPGA_lite/18.1/nios2eds/bin/gnu/H-x86_64-pc-linux-gnu/bin/../lib/gcc/nios2-elf/5.3.0/../../../../../H-x86_64-pc-linux-gnu/nios2-elf/lib/libc.a(lib_a-fwalk.o)
                0x0000000000007ad8                _fwalk_reent
 .text          0x0000000000007b9c        0x0 /home/leemarc/intelFPGA_lite/18.1/nios2eds/bin/gnu/H-x86_64-pc-linux-gnu/bin/../lib/gcc/nios2-elf/5.3.0/../../../../../H-x86_64-pc-linux-gnu/nios2-elf/lib/libc.a(lib_a-impure.o)
 .text          0x0000000000007b9c        0x0 /home/leemarc/intelFPGA_lite/18.1/nios2eds/bin/gnu/H-x86_64-pc-linux-gnu/bin/../lib/gcc/nios2-elf/5.3.0/../../../../../H-x86_64-pc-linux-gnu/nios2-elf/lib/libc.a(lib_a-int_errno.o)
 .text          0x0000000000007b9c        0x0 /home/leemarc/intelFPGA_lite/18.1/nios2eds/bin/gnu/H-x86_64-pc-linux-gnu/bin/../lib/gcc/nios2-elf/5.3.0/../../../../../H-x86_64-pc-linux-gnu/nios2-elf/lib/libc.a(lib_a-locale.o)
 .text._setlocale_r
                0x0000000000007b9c       0x7c /home/leemarc/intelFPGA_lite/18.1/nios2eds/bin/gnu/H-x86_64-pc-linux-gnu/bin/../lib/gcc/nios2-elf/5.3.0/../../../../../H-x86_64-pc-linux-gnu/nios2-elf/lib/libc.a(lib_a-locale.o)
                0x0000000000007b9c                _setlocale_r
 .text.__locale_charset
                0x0000000000007c18        0xc /home/leemarc/intelFPGA_lite/18.1/nios2eds/bin/gnu/H-x86_64-pc-linux-gnu/bin/../lib/gcc/nios2-elf/5.3.0/../../../../../H-x86_64-pc-linux-gnu/nios2-elf/lib/libc.a(lib_a-locale.o)
                0x0000000000007c18                __locale_charset
 .text.__locale_mb_cur_max
                0x0000000000007c24       0x10 /home/leemarc/intelFPGA_lite/18.1/nios2eds/bin/gnu/H-x86_64-pc-linux-gnu/bin/../lib/gcc/nios2-elf/5.3.0/../../../../../H-x86_64-pc-linux-gnu/nios2-elf/lib/libc.a(lib_a-locale.o)
                0x0000000000007c24                __locale_mb_cur_max
 .text.__locale_msgcharset
                0x0000000000007c34        0xc /home/leemarc/intelFPGA_lite/18.1/nios2eds/bin/gnu/H-x86_64-pc-linux-gnu/bin/../lib/gcc/nios2-elf/5.3.0/../../../../../H-x86_64-pc-linux-gnu/nios2-elf/lib/libc.a(lib_a-locale.o)
                0x0000000000007c34                __locale_msgcharset
 .text.__locale_cjk_lang
                0x0000000000007c40        0x8 /home/leemarc/intelFPGA_lite/18.1/nios2eds/bin/gnu/H-x86_64-pc-linux-gnu/bin/../lib/gcc/nios2-elf/5.3.0/../../../../../H-x86_64-pc-linux-gnu/nios2-elf/lib/libc.a(lib_a-locale.o)
                0x0000000000007c40                __locale_cjk_lang
 .text._localeconv_r
                0x0000000000007c48        0xc /home/leemarc/intelFPGA_lite/18.1/nios2eds/bin/gnu/H-x86_64-pc-linux-gnu/bin/../lib/gcc/nios2-elf/5.3.0/../../../../../H-x86_64-pc-linux-gnu/nios2-elf/lib/libc.a(lib_a-locale.o)
                0x0000000000007c48                _localeconv_r
 .text.setlocale
                0x0000000000007c54       0x18 /home/leemarc/intelFPGA_lite/18.1/nios2eds/bin/gnu/H-x86_64-pc-linux-gnu/bin/../lib/gcc/nios2-elf/5.3.0/../../../../../H-x86_64-pc-linux-gnu/nios2-elf/lib/libc.a(lib_a-locale.o)
                0x0000000000007c54                setlocale
 .text.localeconv
                0x0000000000007c6c        0xc /home/leemarc/intelFPGA_lite/18.1/nios2eds/bin/gnu/H-x86_64-pc-linux-gnu/bin/../lib/gcc/nios2-elf/5.3.0/../../../../../H-x86_64-pc-linux-gnu/nios2-elf/lib/libc.a(lib_a-locale.o)
                0x0000000000007c6c                localeconv
 .text          0x0000000000007c78        0x0 /home/leemarc/intelFPGA_lite/18.1/nios2eds/bin/gnu/H-x86_64-pc-linux-gnu/bin/../lib/gcc/nios2-elf/5.3.0/../../../../../H-x86_64-pc-linux-gnu/nios2-elf/lib/libc.a(lib_a-makebuf.o)
 .text.__smakebuf_r
                0x0000000000007c78      0x1bc /home/leemarc/intelFPGA_lite/18.1/nios2eds/bin/gnu/H-x86_64-pc-linux-gnu/bin/../lib/gcc/nios2-elf/5.3.0/../../../../../H-x86_64-pc-linux-gnu/nios2-elf/lib/libc.a(lib_a-makebuf.o)
                0x0000000000007c78                __smakebuf_r
 .text          0x0000000000007e34        0x0 /home/leemarc/intelFPGA_lite/18.1/nios2eds/bin/gnu/H-x86_64-pc-linux-gnu/bin/../lib/gcc/nios2-elf/5.3.0/../../../../../H-x86_64-pc-linux-gnu/nios2-elf/lib/libc.a(lib_a-memchr.o)
 .text.memchr   0x0000000000007e34       0xe4 /home/leemarc/intelFPGA_lite/18.1/nios2eds/bin/gnu/H-x86_64-pc-linux-gnu/bin/../lib/gcc/nios2-elf/5.3.0/../../../../../H-x86_64-pc-linux-gnu/nios2-elf/lib/libc.a(lib_a-memchr.o)
                0x0000000000007e34                memchr
 .text          0x0000000000007f18        0x0 /home/leemarc/intelFPGA_lite/18.1/nios2eds/bin/gnu/H-x86_64-pc-linux-gnu/bin/../lib/gcc/nios2-elf/5.3.0/../../../../../H-x86_64-pc-linux-gnu/nios2-elf/lib/libc.a(lib_a-memcpy.o)
 .text.memcpy   0x0000000000007f18      0x148 /home/leemarc/intelFPGA_lite/18.1/nios2eds/bin/gnu/H-x86_64-pc-linux-gnu/bin/../lib/gcc/nios2-elf/5.3.0/../../../../../H-x86_64-pc-linux-gnu/nios2-elf/lib/libc.a(lib_a-memcpy.o)
                0x0000000000007f18                memcpy
 .text          0x0000000000008060        0x0 /home/leemarc/intelFPGA_lite/18.1/nios2eds/bin/gnu/H-x86_64-pc-linux-gnu/bin/../lib/gcc/nios2-elf/5.3.0/../../../../../H-x86_64-pc-linux-gnu/nios2-elf/lib/libc.a(lib_a-memmove.o)
 .text.memmove  0x0000000000008060      0x15c /home/leemarc/intelFPGA_lite/18.1/nios2eds/bin/gnu/H-x86_64-pc-linux-gnu/bin/../lib/gcc/nios2-elf/5.3.0/../../../../../H-x86_64-pc-linux-gnu/nios2-elf/lib/libc.a(lib_a-memmove.o)
                0x0000000000008060                memmove
 .text          0x00000000000081bc        0x0 /home/leemarc/intelFPGA_lite/18.1/nios2eds/bin/gnu/H-x86_64-pc-linux-gnu/bin/../lib/gcc/nios2-elf/5.3.0/../../../../../H-x86_64-pc-linux-gnu/nios2-elf/lib/libc.a(lib_a-memset.o)
 .text.memset   0x00000000000081bc      0x128 /home/leemarc/intelFPGA_lite/18.1/nios2eds/bin/gnu/H-x86_64-pc-linux-gnu/bin/../lib/gcc/nios2-elf/5.3.0/../../../../../H-x86_64-pc-linux-gnu/nios2-elf/lib/libc.a(lib_a-memset.o)
                0x00000000000081bc                memset
 .text          0x00000000000082e4        0x0 /home/leemarc/intelFPGA_lite/18.1/nios2eds/bin/gnu/H-x86_64-pc-linux-gnu/bin/../lib/gcc/nios2-elf/5.3.0/../../../../../H-x86_64-pc-linux-gnu/nios2-elf/lib/libc.a(lib_a-mprec.o)
 .text._Balloc  0x00000000000082e4       0xa8 /home/leemarc/intelFPGA_lite/18.1/nios2eds/bin/gnu/H-x86_64-pc-linux-gnu/bin/../lib/gcc/nios2-elf/5.3.0/../../../../../H-x86_64-pc-linux-gnu/nios2-elf/lib/libc.a(lib_a-mprec.o)
                0x00000000000082e4                _Balloc
 .text._Bfree   0x000000000000838c       0x28 /home/leemarc/intelFPGA_lite/18.1/nios2eds/bin/gnu/H-x86_64-pc-linux-gnu/bin/../lib/gcc/nios2-elf/5.3.0/../../../../../H-x86_64-pc-linux-gnu/nios2-elf/lib/libc.a(lib_a-mprec.o)
                0x000000000000838c                _Bfree
 .text.__multadd
                0x00000000000083b4      0x120 /home/leemarc/intelFPGA_lite/18.1/nios2eds/bin/gnu/H-x86_64-pc-linux-gnu/bin/../lib/gcc/nios2-elf/5.3.0/../../../../../H-x86_64-pc-linux-gnu/nios2-elf/lib/libc.a(lib_a-mprec.o)
                0x00000000000083b4                __multadd
 .text.__s2b    0x00000000000084d4      0x104 /home/leemarc/intelFPGA_lite/18.1/nios2eds/bin/gnu/H-x86_64-pc-linux-gnu/bin/../lib/gcc/nios2-elf/5.3.0/../../../../../H-x86_64-pc-linux-gnu/nios2-elf/lib/libc.a(lib_a-mprec.o)
                0x00000000000084d4                __s2b
 .text.__hi0bits
                0x00000000000085d8       0x68 /home/leemarc/intelFPGA_lite/18.1/nios2eds/bin/gnu/H-x86_64-pc-linux-gnu/bin/../lib/gcc/nios2-elf/5.3.0/../../../../../H-x86_64-pc-linux-gnu/nios2-elf/lib/libc.a(lib_a-mprec.o)
                0x00000000000085d8                __hi0bits
 .text.__lo0bits
                0x0000000000008640       0xb0 /home/leemarc/intelFPGA_lite/18.1/nios2eds/bin/gnu/H-x86_64-pc-linux-gnu/bin/../lib/gcc/nios2-elf/5.3.0/../../../../../H-x86_64-pc-linux-gnu/nios2-elf/lib/libc.a(lib_a-mprec.o)
                0x0000000000008640                __lo0bits
 .text.__i2b    0x00000000000086f0       0x3c /home/leemarc/intelFPGA_lite/18.1/nios2eds/bin/gnu/H-x86_64-pc-linux-gnu/bin/../lib/gcc/nios2-elf/5.3.0/../../../../../H-x86_64-pc-linux-gnu/nios2-elf/lib/libc.a(lib_a-mprec.o)
                0x00000000000086f0                __i2b
 .text.__multiply
                0x000000000000872c      0x1f8 /home/leemarc/intelFPGA_lite/18.1/nios2eds/bin/gnu/H-x86_64-pc-linux-gnu/bin/../lib/gcc/nios2-elf/5.3.0/../../../../../H-x86_64-pc-linux-gnu/nios2-elf/lib/libc.a(lib_a-mprec.o)
                0x000000000000872c                __multiply
 .text.__pow5mult
                0x0000000000008924      0x140 /home/leemarc/intelFPGA_lite/18.1/nios2eds/bin/gnu/H-x86_64-pc-linux-gnu/bin/../lib/gcc/nios2-elf/5.3.0/../../../../../H-x86_64-pc-linux-gnu/nios2-elf/lib/libc.a(lib_a-mprec.o)
                0x0000000000008924                __pow5mult
 .text.__lshift
                0x0000000000008a64      0x148 /home/leemarc/intelFPGA_lite/18.1/nios2eds/bin/gnu/H-x86_64-pc-linux-gnu/bin/../lib/gcc/nios2-elf/5.3.0/../../../../../H-x86_64-pc-linux-gnu/nios2-elf/lib/libc.a(lib_a-mprec.o)
                0x0000000000008a64                __lshift
 .text.__mcmp   0x0000000000008bac       0x60 /home/leemarc/intelFPGA_lite/18.1/nios2eds/bin/gnu/H-x86_64-pc-linux-gnu/bin/../lib/gcc/nios2-elf/5.3.0/../../../../../H-x86_64-pc-linux-gnu/nios2-elf/lib/libc.a(lib_a-mprec.o)
                0x0000000000008bac                __mcmp
 .text.__mdiff  0x0000000000008c0c      0x1fc /home/leemarc/intelFPGA_lite/18.1/nios2eds/bin/gnu/H-x86_64-pc-linux-gnu/bin/../lib/gcc/nios2-elf/5.3.0/../../../../../H-x86_64-pc-linux-gnu/nios2-elf/lib/libc.a(lib_a-mprec.o)
                0x0000000000008c0c                __mdiff
 .text.__ulp    0x0000000000008e08       0x64 /home/leemarc/intelFPGA_lite/18.1/nios2eds/bin/gnu/H-x86_64-pc-linux-gnu/bin/../lib/gcc/nios2-elf/5.3.0/../../../../../H-x86_64-pc-linux-gnu/nios2-elf/lib/libc.a(lib_a-mprec.o)
                0x0000000000008e08                __ulp
 .text.__b2d    0x0000000000008e6c      0x10c /home/leemarc/intelFPGA_lite/18.1/nios2eds/bin/gnu/H-x86_64-pc-linux-gnu/bin/../lib/gcc/nios2-elf/5.3.0/../../../../../H-x86_64-pc-linux-gnu/nios2-elf/lib/libc.a(lib_a-mprec.o)
                0x0000000000008e6c                __b2d
 .text.__d2b    0x0000000000008f78      0x14c /home/leemarc/intelFPGA_lite/18.1/nios2eds/bin/gnu/H-x86_64-pc-linux-gnu/bin/../lib/gcc/nios2-elf/5.3.0/../../../../../H-x86_64-pc-linux-gnu/nios2-elf/lib/libc.a(lib_a-mprec.o)
                0x0000000000008f78                __d2b
 .text.__ratio  0x00000000000090c4       0xa4 /home/leemarc/intelFPGA_lite/18.1/nios2eds/bin/gnu/H-x86_64-pc-linux-gnu/bin/../lib/gcc/nios2-elf/5.3.0/../../../../../H-x86_64-pc-linux-gnu/nios2-elf/lib/libc.a(lib_a-mprec.o)
                0x00000000000090c4                __ratio
 .text._mprec_log10
                0x0000000000009168       0x74 /home/leemarc/intelFPGA_lite/18.1/nios2eds/bin/gnu/H-x86_64-pc-linux-gnu/bin/../lib/gcc/nios2-elf/5.3.0/../../../../../H-x86_64-pc-linux-gnu/nios2-elf/lib/libc.a(lib_a-mprec.o)
                0x0000000000009168                _mprec_log10
 .text.__copybits
                0x00000000000091dc       0x78 /home/leemarc/intelFPGA_lite/18.1/nios2eds/bin/gnu/H-x86_64-pc-linux-gnu/bin/../lib/gcc/nios2-elf/5.3.0/../../../../../H-x86_64-pc-linux-gnu/nios2-elf/lib/libc.a(lib_a-mprec.o)
                0x00000000000091dc                __copybits
 .text.__any_on
                0x0000000000009254       0x8c /home/leemarc/intelFPGA_lite/18.1/nios2eds/bin/gnu/H-x86_64-pc-linux-gnu/bin/../lib/gcc/nios2-elf/5.3.0/../../../../../H-x86_64-pc-linux-gnu/nios2-elf/lib/libc.a(lib_a-mprec.o)
                0x0000000000009254                __any_on
 .text          0x00000000000092e0        0x0 /home/leemarc/intelFPGA_lite/18.1/nios2eds/bin/gnu/H-x86_64-pc-linux-gnu/bin/../lib/gcc/nios2-elf/5.3.0/../../../../../H-x86_64-pc-linux-gnu/nios2-elf/lib/libc.a(lib_a-reallocr.o)
 .text._realloc_r
                0x00000000000092e0      0x564 /home/leemarc/intelFPGA_lite/18.1/nios2eds/bin/gnu/H-x86_64-pc-linux-gnu/bin/../lib/gcc/nios2-elf/5.3.0/../../../../../H-x86_64-pc-linux-gnu/nios2-elf/lib/libc.a(lib_a-reallocr.o)
                0x00000000000092e0                _realloc_r
 .text          0x0000000000009844        0x0 /home/leemarc/intelFPGA_lite/18.1/nios2eds/bin/gnu/H-x86_64-pc-linux-gnu/bin/../lib/gcc/nios2-elf/5.3.0/../../../../../H-x86_64-pc-linux-gnu/nios2-elf/lib/libc.a(lib_a-s_fpclassify.o)
 .text.__fpclassifyd
                0x0000000000009844       0x74 /home/leemarc/intelFPGA_lite/18.1/nios2eds/bin/gnu/H-x86_64-pc-linux-gnu/bin/../lib/gcc/nios2-elf/5.3.0/../../../../../H-x86_64-pc-linux-gnu/nios2-elf/lib/libc.a(lib_a-s_fpclassify.o)
                0x0000000000009844                __fpclassifyd
 .text          0x00000000000098b8        0x0 /home/leemarc/intelFPGA_lite/18.1/nios2eds/bin/gnu/H-x86_64-pc-linux-gnu/bin/../lib/gcc/nios2-elf/5.3.0/../../../../../H-x86_64-pc-linux-gnu/nios2-elf/lib/libc.a(lib_a-stdio.o)
 .text.__sread  0x00000000000098b8       0x54 /home/leemarc/intelFPGA_lite/18.1/nios2eds/bin/gnu/H-x86_64-pc-linux-gnu/bin/../lib/gcc/nios2-elf/5.3.0/../../../../../H-x86_64-pc-linux-gnu/nios2-elf/lib/libc.a(lib_a-stdio.o)
                0x00000000000098b8                __sread
 .text.__seofread
                0x000000000000990c        0x8 /home/leemarc/intelFPGA_lite/18.1/nios2eds/bin/gnu/H-x86_64-pc-linux-gnu/bin/../lib/gcc/nios2-elf/5.3.0/../../../../../H-x86_64-pc-linux-gnu/nios2-elf/lib/libc.a(lib_a-stdio.o)
                0x000000000000990c                __seofread
 .text.__swrite
                0x0000000000009914       0x7c /home/leemarc/intelFPGA_lite/18.1/nios2eds/bin/gnu/H-x86_64-pc-linux-gnu/bin/../lib/gcc/nios2-elf/5.3.0/../../../../../H-x86_64-pc-linux-gnu/nios2-elf/lib/libc.a(lib_a-stdio.o)
                0x0000000000009914                __swrite
 .text.__sseek  0x0000000000009990       0x5c /home/leemarc/intelFPGA_lite/18.1/nios2eds/bin/gnu/H-x86_64-pc-linux-gnu/bin/../lib/gcc/nios2-elf/5.3.0/../../../../../H-x86_64-pc-linux-gnu/nios2-elf/lib/libc.a(lib_a-stdio.o)
                0x0000000000009990                __sseek
 .text.__sclose
                0x00000000000099ec        0x8 /home/leemarc/intelFPGA_lite/18.1/nios2eds/bin/gnu/H-x86_64-pc-linux-gnu/bin/../lib/gcc/nios2-elf/5.3.0/../../../../../H-x86_64-pc-linux-gnu/nios2-elf/lib/libc.a(lib_a-stdio.o)
                0x00000000000099ec                __sclose
 .text          0x00000000000099f4        0x0 /home/leemarc/intelFPGA_lite/18.1/nios2eds/bin/gnu/H-x86_64-pc-linux-gnu/bin/../lib/gcc/nios2-elf/5.3.0/../../../../../H-x86_64-pc-linux-gnu/nios2-elf/lib/libc.a(lib_a-strcmp.o)
 .text.strcmp   0x00000000000099f4       0xdc /home/leemarc/intelFPGA_lite/18.1/nios2eds/bin/gnu/H-x86_64-pc-linux-gnu/bin/../lib/gcc/nios2-elf/5.3.0/../../../../../H-x86_64-pc-linux-gnu/nios2-elf/lib/libc.a(lib_a-strcmp.o)
                0x00000000000099f4                strcmp
 .text          0x0000000000009ad0        0x0 /home/leemarc/intelFPGA_lite/18.1/nios2eds/bin/gnu/H-x86_64-pc-linux-gnu/bin/../lib/gcc/nios2-elf/5.3.0/../../../../../H-x86_64-pc-linux-gnu/nios2-elf/lib/libc.a(lib_a-vfiprintf.o)
 .text.__sprint_r.part.0
                0x0000000000009ad0       0xfc /home/leemarc/intelFPGA_lite/18.1/nios2eds/bin/gnu/H-x86_64-pc-linux-gnu/bin/../lib/gcc/nios2-elf/5.3.0/../../../../../H-x86_64-pc-linux-gnu/nios2-elf/lib/libc.a(lib_a-vfiprintf.o)
 .text.__sprint_r
                0x0000000000009bcc       0x18 /home/leemarc/intelFPGA_lite/18.1/nios2eds/bin/gnu/H-x86_64-pc-linux-gnu/bin/../lib/gcc/nios2-elf/5.3.0/../../../../../H-x86_64-pc-linux-gnu/nios2-elf/lib/libc.a(lib_a-vfiprintf.o)
                0x0000000000009bcc                __sprint_r
 .text.___vfiprintf_internal_r
                0x0000000000009be4     0x145c /home/leemarc/intelFPGA_lite/18.1/nios2eds/bin/gnu/H-x86_64-pc-linux-gnu/bin/../lib/gcc/nios2-elf/5.3.0/../../../../../H-x86_64-pc-linux-gnu/nios2-elf/lib/libc.a(lib_a-vfiprintf.o)
                0x0000000000009be4                ___vfiprintf_internal_r
 .text.__vfiprintf_internal
                0x000000000000b040       0x1c /home/leemarc/intelFPGA_lite/18.1/nios2eds/bin/gnu/H-x86_64-pc-linux-gnu/bin/../lib/gcc/nios2-elf/5.3.0/../../../../../H-x86_64-pc-linux-gnu/nios2-elf/lib/libc.a(lib_a-vfiprintf.o)
                0x000000000000b040                __vfiprintf_internal
 .text.__sbprintf
                0x000000000000b05c       0xbc /home/leemarc/intelFPGA_lite/18.1/nios2eds/bin/gnu/H-x86_64-pc-linux-gnu/bin/../lib/gcc/nios2-elf/5.3.0/../../../../../H-x86_64-pc-linux-gnu/nios2-elf/lib/libc.a(lib_a-vfiprintf.o)
 .text          0x000000000000b118        0x0 /home/leemarc/intelFPGA_lite/18.1/nios2eds/bin/gnu/H-x86_64-pc-linux-gnu/bin/../lib/gcc/nios2-elf/5.3.0/../../../../../H-x86_64-pc-linux-gnu/nios2-elf/lib/libc.a(lib_a-writer.o)
 .text._write_r
                0x000000000000b118       0x60 /home/leemarc/intelFPGA_lite/18.1/nios2eds/bin/gnu/H-x86_64-pc-linux-gnu/bin/../lib/gcc/nios2-elf/5.3.0/../../../../../H-x86_64-pc-linux-gnu/nios2-elf/lib/libc.a(lib_a-writer.o)
                0x000000000000b118                _write_r
 .text          0x000000000000b178        0x0 /home/leemarc/intelFPGA_lite/18.1/nios2eds/bin/gnu/H-x86_64-pc-linux-gnu/bin/../lib/gcc/nios2-elf/5.3.0/../../../../../H-x86_64-pc-linux-gnu/nios2-elf/lib/libc.a(closer.o)
 .text._close_r
                0x000000000000b178       0x54 /home/leemarc/intelFPGA_lite/18.1/nios2eds/bin/gnu/H-x86_64-pc-linux-gnu/bin/../lib/gcc/nios2-elf/5.3.0/../../../../../H-x86_64-pc-linux-gnu/nios2-elf/lib/libc.a(closer.o)
                0x000000000000b178                _close_r
 .text          0x000000000000b1cc        0x0 /home/leemarc/intelFPGA_lite/18.1/nios2eds/bin/gnu/H-x86_64-pc-linux-gnu/bin/../lib/gcc/nios2-elf/5.3.0/../../../../../H-x86_64-pc-linux-gnu/nios2-elf/lib/libc.a(lib_a-callocr.o)
 .text._calloc_r
                0x000000000000b1cc       0xc4 /home/leemarc/intelFPGA_lite/18.1/nios2eds/bin/gnu/H-x86_64-pc-linux-gnu/bin/../lib/gcc/nios2-elf/5.3.0/../../../../../H-x86_64-pc-linux-gnu/nios2-elf/lib/libc.a(lib_a-callocr.o)
                0x000000000000b1cc                _calloc_r
 .text          0x000000000000b290        0x0 /home/leemarc/intelFPGA_lite/18.1/nios2eds/bin/gnu/H-x86_64-pc-linux-gnu/bin/../lib/gcc/nios2-elf/5.3.0/../../../../../H-x86_64-pc-linux-gnu/nios2-elf/lib/libc.a(lib_a-fclose.o)
 .text._fclose_r
                0x000000000000b290       0xf0 /home/leemarc/intelFPGA_lite/18.1/nios2eds/bin/gnu/H-x86_64-pc-linux-gnu/bin/../lib/gcc/nios2-elf/5.3.0/../../../../../H-x86_64-pc-linux-gnu/nios2-elf/lib/libc.a(lib_a-fclose.o)
                0x000000000000b290                _fclose_r
 .text.fclose   0x000000000000b380       0x14 /home/leemarc/intelFPGA_lite/18.1/nios2eds/bin/gnu/H-x86_64-pc-linux-gnu/bin/../lib/gcc/nios2-elf/5.3.0/../../../../../H-x86_64-pc-linux-gnu/nios2-elf/lib/libc.a(lib_a-fclose.o)
                0x000000000000b380                fclose
 .text          0x000000000000b394        0x0 /home/leemarc/intelFPGA_lite/18.1/nios2eds/bin/gnu/H-x86_64-pc-linux-gnu/bin/../lib/gcc/nios2-elf/5.3.0/../../../../../H-x86_64-pc-linux-gnu/nios2-elf/lib/libc.a(lib_a-fputwc.o)
 .text.__fputwc
                0x000000000000b394      0x164 /home/leemarc/intelFPGA_lite/18.1/nios2eds/bin/gnu/H-x86_64-pc-linux-gnu/bin/../lib/gcc/nios2-elf/5.3.0/../../../../../H-x86_64-pc-linux-gnu/nios2-elf/lib/libc.a(lib_a-fputwc.o)
                0x000000000000b394                __fputwc
 .text._fputwc_r
                0x000000000000b4f8       0x24 /home/leemarc/intelFPGA_lite/18.1/nios2eds/bin/gnu/H-x86_64-pc-linux-gnu/bin/../lib/gcc/nios2-elf/5.3.0/../../../../../H-x86_64-pc-linux-gnu/nios2-elf/lib/libc.a(lib_a-fputwc.o)
                0x000000000000b4f8                _fputwc_r
 .text.fputwc   0x000000000000b51c       0x80 /home/leemarc/intelFPGA_lite/18.1/nios2eds/bin/gnu/H-x86_64-pc-linux-gnu/bin/../lib/gcc/nios2-elf/5.3.0/../../../../../H-x86_64-pc-linux-gnu/nios2-elf/lib/libc.a(lib_a-fputwc.o)
                0x000000000000b51c                fputwc
 .text          0x000000000000b59c        0x0 /home/leemarc/intelFPGA_lite/18.1/nios2eds/bin/gnu/H-x86_64-pc-linux-gnu/bin/../lib/gcc/nios2-elf/5.3.0/../../../../../H-x86_64-pc-linux-gnu/nios2-elf/lib/libc.a(lib_a-fstatr.o)
 .text._fstat_r
                0x000000000000b59c       0x5c /home/leemarc/intelFPGA_lite/18.1/nios2eds/bin/gnu/H-x86_64-pc-linux-gnu/bin/../lib/gcc/nios2-elf/5.3.0/../../../../../H-x86_64-pc-linux-gnu/nios2-elf/lib/libc.a(lib_a-fstatr.o)
                0x000000000000b59c                _fstat_r
 .text          0x000000000000b5f8        0x0 /home/leemarc/intelFPGA_lite/18.1/nios2eds/bin/gnu/H-x86_64-pc-linux-gnu/bin/../lib/gcc/nios2-elf/5.3.0/../../../../../H-x86_64-pc-linux-gnu/nios2-elf/lib/libc.a(lib_a-isattyr.o)
 .text._isatty_r
                0x000000000000b5f8       0x54 /home/leemarc/intelFPGA_lite/18.1/nios2eds/bin/gnu/H-x86_64-pc-linux-gnu/bin/../lib/gcc/nios2-elf/5.3.0/../../../../../H-x86_64-pc-linux-gnu/nios2-elf/lib/libc.a(lib_a-isattyr.o)
                0x000000000000b5f8                _isatty_r
 .text          0x000000000000b64c        0x0 /home/leemarc/intelFPGA_lite/18.1/nios2eds/bin/gnu/H-x86_64-pc-linux-gnu/bin/../lib/gcc/nios2-elf/5.3.0/../../../../../H-x86_64-pc-linux-gnu/nios2-elf/lib/libc.a(lib_a-lseekr.o)
 .text._lseek_r
                0x000000000000b64c       0x60 /home/leemarc/intelFPGA_lite/18.1/nios2eds/bin/gnu/H-x86_64-pc-linux-gnu/bin/../lib/gcc/nios2-elf/5.3.0/../../../../../H-x86_64-pc-linux-gnu/nios2-elf/lib/libc.a(lib_a-lseekr.o)
                0x000000000000b64c                _lseek_r
 .text          0x000000000000b6ac        0x0 /home/leemarc/intelFPGA_lite/18.1/nios2eds/bin/gnu/H-x86_64-pc-linux-gnu/bin/../lib/gcc/nios2-elf/5.3.0/../../../../../H-x86_64-pc-linux-gnu/nios2-elf/lib/libc.a(lib_a-readr.o)
 .text._read_r  0x000000000000b6ac       0x60 /home/leemarc/intelFPGA_lite/18.1/nios2eds/bin/gnu/H-x86_64-pc-linux-gnu/bin/../lib/gcc/nios2-elf/5.3.0/../../../../../H-x86_64-pc-linux-gnu/nios2-elf/lib/libc.a(lib_a-readr.o)
                0x000000000000b6ac                _read_r
 .text          0x000000000000b70c        0x0 /home/leemarc/intelFPGA_lite/18.1/nios2eds/bin/gnu/H-x86_64-pc-linux-gnu/bin/../lib/gcc/nios2-elf/5.3.0/../../../../../H-x86_64-pc-linux-gnu/nios2-elf/lib/libc.a(lib_a-wbuf.o)
 .text.__swbuf_r
                0x000000000000b70c      0x140 /home/leemarc/intelFPGA_lite/18.1/nios2eds/bin/gnu/H-x86_64-pc-linux-gnu/bin/../lib/gcc/nios2-elf/5.3.0/../../../../../H-x86_64-pc-linux-gnu/nios2-elf/lib/libc.a(lib_a-wbuf.o)
                0x000000000000b70c                __swbuf_r
 .text.__swbuf  0x000000000000b84c       0x18 /home/leemarc/intelFPGA_lite/18.1/nios2eds/bin/gnu/H-x86_64-pc-linux-gnu/bin/../lib/gcc/nios2-elf/5.3.0/../../../../../H-x86_64-pc-linux-gnu/nios2-elf/lib/libc.a(lib_a-wbuf.o)
                0x000000000000b84c                __swbuf
 .text          0x000000000000b864        0x0 /home/leemarc/intelFPGA_lite/18.1/nios2eds/bin/gnu/H-x86_64-pc-linux-gnu/bin/../lib/gcc/nios2-elf/5.3.0/../../../../../H-x86_64-pc-linux-gnu/nios2-elf/lib/libc.a(lib_a-wcrtomb.o)
 .text._wcrtomb_r
                0x000000000000b864       0x9c /home/leemarc/intelFPGA_lite/18.1/nios2eds/bin/gnu/H-x86_64-pc-linux-gnu/bin/../lib/gcc/nios2-elf/5.3.0/../../../../../H-x86_64-pc-linux-gnu/nios2-elf/lib/libc.a(lib_a-wcrtomb.o)
                0x000000000000b864                _wcrtomb_r
 .text.wcrtomb  0x000000000000b900       0xc0 /home/leemarc/intelFPGA_lite/18.1/nios2eds/bin/gnu/H-x86_64-pc-linux-gnu/bin/../lib/gcc/nios2-elf/5.3.0/../../../../../H-x86_64-pc-linux-gnu/nios2-elf/lib/libc.a(lib_a-wcrtomb.o)
                0x000000000000b900                wcrtomb
 .text          0x000000000000b9c0        0x0 /home/leemarc/intelFPGA_lite/18.1/nios2eds/bin/gnu/H-x86_64-pc-linux-gnu/bin/../lib/gcc/nios2-elf/5.3.0/../../../../../H-x86_64-pc-linux-gnu/nios2-elf/lib/libc.a(lib_a-wctomb_r.o)
 .text.__ascii_wctomb
                0x000000000000b9c0       0x30 /home/leemarc/intelFPGA_lite/18.1/nios2eds/bin/gnu/H-x86_64-pc-linux-gnu/bin/../lib/gcc/nios2-elf/5.3.0/../../../../../H-x86_64-pc-linux-gnu/nios2-elf/lib/libc.a(lib_a-wctomb_r.o)
                0x000000000000b9c0                __ascii_wctomb
 .text._wctomb_r
                0x000000000000b9f0       0x5c /home/leemarc/intelFPGA_lite/18.1/nios2eds/bin/gnu/H-x86_64-pc-linux-gnu/bin/../lib/gcc/nios2-elf/5.3.0/../../../../../H-x86_64-pc-linux-gnu/nios2-elf/lib/libc.a(lib_a-wctomb_r.o)
                0x000000000000b9f0                _wctomb_r
 .text          0x000000000000ba4c      0x578 /home/leemarc/intelFPGA_lite/18.1/nios2eds/bin/gnu/H-x86_64-pc-linux-gnu/bin/../lib/gcc/nios2-elf/5.3.0/libgcc.a(_udivdi3.o)
                0x000000000000ba4c                __udivdi3
 .text          0x000000000000bfc4      0x538 /home/leemarc/intelFPGA_lite/18.1/nios2eds/bin/gnu/H-x86_64-pc-linux-gnu/bin/../lib/gcc/nios2-elf/5.3.0/libgcc.a(_umoddi3.o)
                0x000000000000bfc4                __umoddi3
 .text          0x000000000000c4fc      0x1b4 /home/leemarc/intelFPGA_lite/18.1/nios2eds/bin/gnu/H-x86_64-pc-linux-gnu/bin/../lib/gcc/nios2-elf/5.3.0/libgcc.a(lib2-divmod.o)
                0x000000000000c4fc                __divsi3
                0x000000000000c580                __modsi3
                0x000000000000c5f4                __udivsi3
                0x000000000000c658                __umodsi3
 .text          0x000000000000c6b0      0x8ac /home/leemarc/intelFPGA_lite/18.1/nios2eds/bin/gnu/H-x86_64-pc-linux-gnu/bin/../lib/gcc/nios2-elf/5.3.0/libgcc.a(adddf3.o)
                0x000000000000c6b0                __adddf3
 .text          0x000000000000cf5c      0x8e8 /home/leemarc/intelFPGA_lite/18.1/nios2eds/bin/gnu/H-x86_64-pc-linux-gnu/bin/../lib/gcc/nios2-elf/5.3.0/libgcc.a(divdf3.o)
                0x000000000000cf5c                __divdf3
 .text          0x000000000000d844       0x88 /home/leemarc/intelFPGA_lite/18.1/nios2eds/bin/gnu/H-x86_64-pc-linux-gnu/bin/../lib/gcc/nios2-elf/5.3.0/libgcc.a(eqdf2.o)
                0x000000000000d844                __eqdf2
                0x000000000000d844                __nedf2
 .text          0x000000000000d8cc       0xdc /home/leemarc/intelFPGA_lite/18.1/nios2eds/bin/gnu/H-x86_64-pc-linux-gnu/bin/../lib/gcc/nios2-elf/5.3.0/libgcc.a(gedf2.o)
                0x000000000000d8cc                __gtdf2
                0x000000000000d8cc                __gedf2
 .text          0x000000000000d9a8       0xf4 /home/leemarc/intelFPGA_lite/18.1/nios2eds/bin/gnu/H-x86_64-pc-linux-gnu/bin/../lib/gcc/nios2-elf/5.3.0/libgcc.a(ledf2.o)
                0x000000000000d9a8                __ltdf2
                0x000000000000d9a8                __ledf2
 .text          0x000000000000da9c      0x718 /home/leemarc/intelFPGA_lite/18.1/nios2eds/bin/gnu/H-x86_64-pc-linux-gnu/bin/../lib/gcc/nios2-elf/5.3.0/libgcc.a(muldf3.o)
                0x000000000000da9c                __muldf3
 .text          0x000000000000e1b4      0x8fc /home/leemarc/intelFPGA_lite/18.1/nios2eds/bin/gnu/H-x86_64-pc-linux-gnu/bin/../lib/gcc/nios2-elf/5.3.0/libgcc.a(subdf3.o)
                0x000000000000e1b4                __subdf3
 .text          0x000000000000eab0       0x80 /home/leemarc/intelFPGA_lite/18.1/nios2eds/bin/gnu/H-x86_64-pc-linux-gnu/bin/../lib/gcc/nios2-elf/5.3.0/libgcc.a(fixdfsi.o)
                0x000000000000eab0                __fixdfsi
 .text          0x000000000000eb30       0xdc /home/leemarc/intelFPGA_lite/18.1/nios2eds/bin/gnu/H-x86_64-pc-linux-gnu/bin/../lib/gcc/nios2-elf/5.3.0/libgcc.a(floatsidf.o)
                0x000000000000eb30                __floatsidf
 .text          0x000000000000ec0c       0xa8 /home/leemarc/intelFPGA_lite/18.1/nios2eds/bin/gnu/H-x86_64-pc-linux-gnu/bin/../lib/gcc/nios2-elf/5.3.0/libgcc.a(floatunsidf.o)
                0x000000000000ec0c                __floatunsidf
 .text          0x000000000000ecb4        0x0 /home/leemarc/intelFPGA_lite/18.1/nios2eds/bin/gnu/H-x86_64-pc-linux-gnu/bin/../lib/gcc/nios2-elf/5.3.0/libgcc.a(_clz.o)
 .text          0x000000000000ecb4       0x64 /home/leemarc/intelFPGA_lite/18.1/nios2eds/bin/gnu/H-x86_64-pc-linux-gnu/bin/../lib/gcc/nios2-elf/5.3.0/libgcc.a(_clzsi2.o)
                0x000000000000ecb4                __clzsi2
 .text          0x000000000000ed18      0x10c /run/media/leemarc/Shared/Switchdrive/Private/Documents/Master/1_S1/EmbHardw/mse_demo/software/sobel_work_bsp//libhal_bsp.a(alt_close.o)
                0x000000000000ed54                close
 .text          0x000000000000ee24       0x2c /run/media/leemarc/Shared/Switchdrive/Private/Documents/Master/1_S1/EmbHardw/mse_demo/software/sobel_work_bsp//libhal_bsp.a(alt_dev.o)
 .text          0x000000000000ee50        0x0 /run/media/leemarc/Shared/Switchdrive/Private/Documents/Master/1_S1/EmbHardw/mse_demo/software/sobel_work_bsp//libhal_bsp.a(alt_errno.o)
 .text          0x000000000000ee50       0xec /run/media/leemarc/Shared/Switchdrive/Private/Documents/Master/1_S1/EmbHardw/mse_demo/software/sobel_work_bsp//libhal_bsp.a(alt_fstat.o)
                0x000000000000ee8c                fstat
 .text          0x000000000000ef3c       0xe0 /run/media/leemarc/Shared/Switchdrive/Private/Documents/Master/1_S1/EmbHardw/mse_demo/software/sobel_work_bsp//libhal_bsp.a(alt_isatty.o)
                0x000000000000ef78                isatty
 .text          0x000000000000f01c       0xec /run/media/leemarc/Shared/Switchdrive/Private/Documents/Master/1_S1/EmbHardw/mse_demo/software/sobel_work_bsp//libhal_bsp.a(alt_load.o)
                0x000000000000f084                alt_load
 .text          0x000000000000f108      0x110 /run/media/leemarc/Shared/Switchdrive/Private/Documents/Master/1_S1/EmbHardw/mse_demo/software/sobel_work_bsp//libhal_bsp.a(alt_lseek.o)
                0x000000000000f144                lseek
 .text          0x000000000000f218       0x7c /run/media/leemarc/Shared/Switchdrive/Private/Documents/Master/1_S1/EmbHardw/mse_demo/software/sobel_work_bsp//libhal_bsp.a(alt_main.o)
                0x000000000000f218                alt_main
 .text          0x000000000000f294       0x48 /run/media/leemarc/Shared/Switchdrive/Private/Documents/Master/1_S1/EmbHardw/mse_demo/software/sobel_work_bsp//libhal_bsp.a(alt_malloc_lock.o)
                0x000000000000f294                __malloc_lock
                0x000000000000f2b8                __malloc_unlock
 .text          0x000000000000f2dc      0x138 /run/media/leemarc/Shared/Switchdrive/Private/Documents/Master/1_S1/EmbHardw/mse_demo/software/sobel_work_bsp//libhal_bsp.a(alt_read.o)
                0x000000000000f318                read
 .text          0x000000000000f414       0x64 /run/media/leemarc/Shared/Switchdrive/Private/Documents/Master/1_S1/EmbHardw/mse_demo/software/sobel_work_bsp//libhal_bsp.a(alt_release_fd.o)
                0x000000000000f414                alt_release_fd
 .text          0x000000000000f478       0xb0 /run/media/leemarc/Shared/Switchdrive/Private/Documents/Master/1_S1/EmbHardw/mse_demo/software/sobel_work_bsp//libhal_bsp.a(alt_sbrk.o)
                0x000000000000f478                sbrk
 .text          0x000000000000f528       0x30 /run/media/leemarc/Shared/Switchdrive/Private/Documents/Master/1_S1/EmbHardw/mse_demo/software/sobel_work_bsp//libhal_bsp.a(alt_usleep.o)
                0x000000000000f528                usleep
 .text          0x000000000000f558      0x134 /run/media/leemarc/Shared/Switchdrive/Private/Documents/Master/1_S1/EmbHardw/mse_demo/software/sobel_work_bsp//libhal_bsp.a(alt_write.o)
                0x000000000000f594                write
 .text          0x000000000000f68c       0xe8 /run/media/leemarc/Shared/Switchdrive/Private/Documents/Master/1_S1/EmbHardw/mse_demo/software/sobel_work_bsp//libhal_bsp.a(alt_sys_init.o)
                0x000000000000f6c0                alt_irq_init
                0x000000000000f6f8                alt_sys_init
 .text          0x000000000000f774      0x164 /run/media/leemarc/Shared/Switchdrive/Private/Documents/Master/1_S1/EmbHardw/mse_demo/software/sobel_work_bsp//libhal_bsp.a(altera_avalon_jtag_uart_fd.o)
                0x000000000000f774                altera_avalon_jtag_uart_read_fd
                0x000000000000f7d4                altera_avalon_jtag_uart_write_fd
                0x000000000000f834                altera_avalon_jtag_uart_close_fd
                0x000000000000f884                altera_avalon_jtag_uart_ioctl_fd
 .text          0x000000000000f8d8      0x3d4 /run/media/leemarc/Shared/Switchdrive/Private/Documents/Master/1_S1/EmbHardw/mse_demo/software/sobel_work_bsp//libhal_bsp.a(altera_avalon_jtag_uart_init.o)
                0x000000000000f8d8                altera_avalon_jtag_uart_init
                0x000000000000fc44                altera_avalon_jtag_uart_close
 .text          0x000000000000fcac       0xf0 /run/media/leemarc/Shared/Switchdrive/Private/Documents/Master/1_S1/EmbHardw/mse_demo/software/sobel_work_bsp//libhal_bsp.a(altera_avalon_jtag_uart_ioctl.o)
                0x000000000000fcac                altera_avalon_jtag_uart_ioctl
 .text          0x000000000000fd9c      0x21c /run/media/leemarc/Shared/Switchdrive/Private/Documents/Master/1_S1/EmbHardw/mse_demo/software/sobel_work_bsp//libhal_bsp.a(altera_avalon_jtag_uart_read.o)
                0x000000000000fd9c                altera_avalon_jtag_uart_read
 .text          0x000000000000ffb8      0x224 /run/media/leemarc/Shared/Switchdrive/Private/Documents/Master/1_S1/EmbHardw/mse_demo/software/sobel_work_bsp//libhal_bsp.a(altera_avalon_jtag_uart_write.o)
                0x000000000000ffb8                altera_avalon_jtag_uart_write
 .text          0x00000000000101dc       0xf4 /run/media/leemarc/Shared/Switchdrive/Private/Documents/Master/1_S1/EmbHardw/mse_demo/software/sobel_work_bsp//libhal_bsp.a(altera_avalon_timer_sc.o)
                0x0000000000010254                alt_avalon_timer_sc_init
 .text          0x00000000000102d0      0x118 /run/media/leemarc/Shared/Switchdrive/Private/Documents/Master/1_S1/EmbHardw/mse_demo/software/sobel_work_bsp//libhal_bsp.a(altera_avalon_timer_ts.o)
                0x00000000000102d0                alt_timestamp_start
                0x0000000000010348                alt_timestamp
                0x00000000000103c8                alt_timestamp_freq
 .text          0x00000000000103e8        0x0 /run/media/leemarc/Shared/Switchdrive/Private/Documents/Master/1_S1/EmbHardw/mse_demo/software/sobel_work_bsp//libhal_bsp.a(altera_avalon_timer_vars.o)
 .text          0x00000000000103e8      0x12c /run/media/leemarc/Shared/Switchdrive/Private/Documents/Master/1_S1/EmbHardw/mse_demo/software/sobel_work_bsp//libhal_bsp.a(alt_alarm_start.o)
                0x00000000000103e8                alt_alarm_start
 .text          0x0000000000010514      0x158 /run/media/leemarc/Shared/Switchdrive/Private/Documents/Master/1_S1/EmbHardw/mse_demo/software/sobel_work_bsp//libhal_bsp.a(alt_busy_sleep.o)
                0x0000000000010514                alt_busy_sleep
 .text          0x000000000001066c       0x48 /run/media/leemarc/Shared/Switchdrive/Private/Documents/Master/1_S1/EmbHardw/mse_demo/software/sobel_work_bsp//libhal_bsp.a(alt_dcache_flush_all.o)
                0x000000000001066c                alt_dcache_flush_all
 .text          0x00000000000106b4       0xe0 /run/media/leemarc/Shared/Switchdrive/Private/Documents/Master/1_S1/EmbHardw/mse_demo/software/sobel_work_bsp//libhal_bsp.a(alt_dev_llist_insert.o)
                0x00000000000106f0                alt_dev_llist_insert
 .text          0x0000000000010794       0x60 /run/media/leemarc/Shared/Switchdrive/Private/Documents/Master/1_S1/EmbHardw/mse_demo/software/sobel_work_bsp//libhal_bsp.a(alt_do_ctors.o)
                0x0000000000010794                _do_ctors
 .text          0x00000000000107f4       0x60 /run/media/leemarc/Shared/Switchdrive/Private/Documents/Master/1_S1/EmbHardw/mse_demo/software/sobel_work_bsp//libhal_bsp.a(alt_do_dtors.o)
                0x00000000000107f4                _do_dtors
 .text          0x0000000000010854       0x34 /run/media/leemarc/Shared/Switchdrive/Private/Documents/Master/1_S1/EmbHardw/mse_demo/software/sobel_work_bsp//libhal_bsp.a(alt_icache_flush_all.o)
                0x0000000000010854                alt_icache_flush_all
 .text          0x0000000000010888      0x1b0 /run/media/leemarc/Shared/Switchdrive/Private/Documents/Master/1_S1/EmbHardw/mse_demo/software/sobel_work_bsp//libhal_bsp.a(alt_iic.o)
                0x0000000000010888                alt_ic_isr_register
                0x00000000000108d8                alt_ic_irq_enable
                0x0000000000010960                alt_ic_irq_disable
                0x00000000000109ec                alt_ic_irq_enabled
 .text          0x0000000000010a38       0xf0 /run/media/leemarc/Shared/Switchdrive/Private/Documents/Master/1_S1/EmbHardw/mse_demo/software/sobel_work_bsp//libhal_bsp.a(alt_iic_isr_register.o)
                0x0000000000010a38                alt_iic_isr_register
 .text          0x0000000000010b28      0x140 /run/media/leemarc/Shared/Switchdrive/Private/Documents/Master/1_S1/EmbHardw/mse_demo/software/sobel_work_bsp//libhal_bsp.a(alt_io_redirect.o)
                0x0000000000010bec                alt_io_redirect
 .text          0x0000000000010c68        0x0 /run/media/leemarc/Shared/Switchdrive/Private/Documents/Master/1_S1/EmbHardw/mse_demo/software/sobel_work_bsp//libhal_bsp.a(alt_irq_entry.o)
 .text          0x0000000000010c68        0x0 /run/media/leemarc/Shared/Switchdrive/Private/Documents/Master/1_S1/EmbHardw/mse_demo/software/sobel_work_bsp//libhal_bsp.a(alt_irq_handler.o)
 .text          0x0000000000010c68        0x0 /run/media/leemarc/Shared/Switchdrive/Private/Documents/Master/1_S1/EmbHardw/mse_demo/software/sobel_work_bsp//libhal_bsp.a(alt_irq_vars.o)
 .text          0x0000000000010c68      0x254 /run/media/leemarc/Shared/Switchdrive/Private/Documents/Master/1_S1/EmbHardw/mse_demo/software/sobel_work_bsp//libhal_bsp.a(alt_open.o)
                0x0000000000010d68                open
 .text          0x0000000000010ebc      0x1a4 /run/media/leemarc/Shared/Switchdrive/Private/Documents/Master/1_S1/EmbHardw/mse_demo/software/sobel_work_bsp//libhal_bsp.a(alt_tick.o)
                0x0000000000010ebc                alt_alarm_stop
                0x0000000000010f58                alt_tick
 .text          0x0000000000011060       0x24 /run/media/leemarc/Shared/Switchdrive/Private/Documents/Master/1_S1/EmbHardw/mse_demo/software/sobel_work_bsp//libhal_bsp.a(altera_nios2_gen2_irq.o)
                0x0000000000011060                altera_nios2_gen2_irq_init
 .text          0x0000000000011084        0x0 /run/media/leemarc/Shared/Switchdrive/Private/Documents/Master/1_S1/EmbHardw/mse_demo/software/sobel_work_bsp//libhal_bsp.a(alt_exception_entry.o)
 .text          0x0000000000011084       0x90 /run/media/leemarc/Shared/Switchdrive/Private/Documents/Master/1_S1/EmbHardw/mse_demo/software/sobel_work_bsp//libhal_bsp.a(alt_find_dev.o)
                0x0000000000011084                alt_find_dev
 .text          0x0000000000011114      0x108 /run/media/leemarc/Shared/Switchdrive/Private/Documents/Master/1_S1/EmbHardw/mse_demo/software/sobel_work_bsp//libhal_bsp.a(alt_find_file.o)
                0x0000000000011114                alt_find_file
 .text          0x000000000001121c       0xa4 /run/media/leemarc/Shared/Switchdrive/Private/Documents/Master/1_S1/EmbHardw/mse_demo/software/sobel_work_bsp//libhal_bsp.a(alt_get_fd.o)
                0x000000000001121c                alt_get_fd
 .text          0x00000000000112c0       0x90 /run/media/leemarc/Shared/Switchdrive/Private/Documents/Master/1_S1/EmbHardw/mse_demo/software/sobel_work_bsp//libhal_bsp.a(alt_icache_flush.o)
                0x00000000000112c0                alt_icache_flush
 .text          0x0000000000011350       0x9c /run/media/leemarc/Shared/Switchdrive/Private/Documents/Master/1_S1/EmbHardw/mse_demo/software/sobel_work_bsp//libhal_bsp.a(alt_instruction_exception_entry.o)
                0x0000000000011350                alt_exception_cause_generated_bad_addr
 .text          0x00000000000113ec        0x0 /home/leemarc/intelFPGA_lite/18.1/nios2eds/bin/gnu/H-x86_64-pc-linux-gnu/bin/../lib/gcc/nios2-elf/5.3.0/../../../../../H-x86_64-pc-linux-gnu/nios2-elf/lib/libc.a(lib_a-atexit.o)
 .text.atexit   0x00000000000113ec       0x14 /home/leemarc/intelFPGA_lite/18.1/nios2eds/bin/gnu/H-x86_64-pc-linux-gnu/bin/../lib/gcc/nios2-elf/5.3.0/../../../../../H-x86_64-pc-linux-gnu/nios2-elf/lib/libc.a(lib_a-atexit.o)
                0x00000000000113ec                atexit
 .text          0x0000000000011400        0x0 /home/leemarc/intelFPGA_lite/18.1/nios2eds/bin/gnu/H-x86_64-pc-linux-gnu/bin/../lib/gcc/nios2-elf/5.3.0/../../../../../H-x86_64-pc-linux-gnu/nios2-elf/lib/libc.a(lib_a-exit.o)
 .text.exit     0x0000000000011400       0x38 /home/leemarc/intelFPGA_lite/18.1/nios2eds/bin/gnu/H-x86_64-pc-linux-gnu/bin/../lib/gcc/nios2-elf/5.3.0/../../../../../H-x86_64-pc-linux-gnu/nios2-elf/lib/libc.a(lib_a-exit.o)
                0x0000000000011400                exit
 .text          0x0000000000011438        0x0 /home/leemarc/intelFPGA_lite/18.1/nios2eds/bin/gnu/H-x86_64-pc-linux-gnu/bin/../lib/gcc/nios2-elf/5.3.0/../../../../../H-x86_64-pc-linux-gnu/nios2-elf/lib/libc.a(lib_a-memcmp.o)
 .text.memcmp   0x0000000000011438       0x7c /home/leemarc/intelFPGA_lite/18.1/nios2eds/bin/gnu/H-x86_64-pc-linux-gnu/bin/../lib/gcc/nios2-elf/5.3.0/../../../../../H-x86_64-pc-linux-gnu/nios2-elf/lib/libc.a(lib_a-memcmp.o)
                0x0000000000011438                memcmp
 .text          0x00000000000114b4        0x0 /home/leemarc/intelFPGA_lite/18.1/nios2eds/bin/gnu/H-x86_64-pc-linux-gnu/bin/../lib/gcc/nios2-elf/5.3.0/../../../../../H-x86_64-pc-linux-gnu/nios2-elf/lib/libc.a(lib_a-__atexit.o)
 .text.__register_exitproc
                0x00000000000114b4      0x118 /home/leemarc/intelFPGA_lite/18.1/nios2eds/bin/gnu/H-x86_64-pc-linux-gnu/bin/../lib/gcc/nios2-elf/5.3.0/../../../../../H-x86_64-pc-linux-gnu/nios2-elf/lib/libc.a(lib_a-__atexit.o)
                0x00000000000114b4                __register_exitproc
 .text          0x00000000000115cc        0x0 /home/leemarc/intelFPGA_lite/18.1/nios2eds/bin/gnu/H-x86_64-pc-linux-gnu/bin/../lib/gcc/nios2-elf/5.3.0/../../../../../H-x86_64-pc-linux-gnu/nios2-elf/lib/libc.a(lib_a-__call_atexit.o)
 .text.__call_exitprocs
                0x00000000000115cc      0x180 /home/leemarc/intelFPGA_lite/18.1/nios2eds/bin/gnu/H-x86_64-pc-linux-gnu/bin/../lib/gcc/nios2-elf/5.3.0/../../../../../H-x86_64-pc-linux-gnu/nios2-elf/lib/libc.a(lib_a-__call_atexit.o)
                0x00000000000115cc                __call_exitprocs
 .text          0x000000000001174c       0x34 /run/media/leemarc/Shared/Switchdrive/Private/Documents/Master/1_S1/EmbHardw/mse_demo/software/sobel_work_bsp//libhal_bsp.a(alt_exit.o)
                0x000000000001174c                _exit
 *(.gnu.warning.*)
 *(.fini)
                [!provide]                        PROVIDE (__etext, ABSOLUTE (.))
                [!provide]                        PROVIDE (_etext, ABSOLUTE (.))
                [!provide]                        PROVIDE (etext, ABSOLUTE (.))
 *(.eh_frame_hdr)
                0x0000000000011780                . = ALIGN (0x4)
                [!provide]                        PROVIDE (__preinit_array_start, ABSOLUTE (.))
 *(.preinit_array)
                [!provide]                        PROVIDE (__preinit_array_end, ABSOLUTE (.))
                [!provide]                        PROVIDE (__init_array_start, ABSOLUTE (.))
 *(.init_array)
                [!provide]                        PROVIDE (__init_array_end, ABSOLUTE (.))
                [!provide]                        PROVIDE (__fini_array_start, ABSOLUTE (.))
 *(.fini_array)
                [!provide]                        PROVIDE (__fini_array_end, ABSOLUTE (.))
 *(.eh_frame)
 *(.gcc_except_table .gcc_except_table.*)
 *(.dynamic)
                0x0000000000011780                PROVIDE (__CTOR_LIST__, ABSOLUTE (.))
 *(.ctors)
 *(SORT(.ctors.*))
                0x0000000000011780                PROVIDE (__CTOR_END__, ABSOLUTE (.))
                0x0000000000011780                PROVIDE (__DTOR_LIST__, ABSOLUTE (.))
 *(.dtors)
 *(SORT(.dtors.*))
                0x0000000000011780                PROVIDE (__DTOR_END__, ABSOLUTE (.))
 *(.jcr)
                0x0000000000011780                . = ALIGN (0x4)

.rodata         0x0000000000011780      0x780
                0x0000000000011780                PROVIDE (__ram_rodata_start, ABSOLUTE (.))
                0x0000000000011780                . = ALIGN (0x4)
 *(.rodata .rodata.* .gnu.linkonce.r.*)
 .rodata.str1.4
                0x0000000000011780       0x60 obj/default/camera.o
 .rodata        0x00000000000117e0      0x380 obj/default/camera.o
                0x00000000000117e0                lens_roll_off_tbl
                0x0000000000011908                noise_reduction_reg_settings_array
                0x0000000000011a48                preview_snapshot_mode_reg_settings_array
 .rodata.str1.4
                0x0000000000011b60       0x47 obj/default/i2c.o
 *fill*         0x0000000000011ba7        0x1 
 .rodata.str1.4
                0x0000000000011ba8       0x52 obj/default/main.o
 .rodata        0x0000000000011bfa       0x12 obj/default/sobel.o
                0x0000000000011bfa                gy_array
                0x0000000000011c03                gx_array
 .rodata.str1.4
                0x0000000000011c0c       0x52 /home/leemarc/intelFPGA_lite/18.1/nios2eds/bin/gnu/H-x86_64-pc-linux-gnu/bin/../lib/gcc/nios2-elf/5.3.0/../../../../../H-x86_64-pc-linux-gnu/nios2-elf/lib/libc.a(lib_a-puts.o)
                                          0x2 (size before relaxing)
 .rodata.str1.4
                0x0000000000011c0c       0x42 /home/leemarc/intelFPGA_lite/18.1/nios2eds/bin/gnu/H-x86_64-pc-linux-gnu/bin/../lib/gcc/nios2-elf/5.3.0/../../../../../H-x86_64-pc-linux-gnu/nios2-elf/lib/libc.a(lib_a-vfprintf.o)
 .rodata.zeroes.4404
                0x0000000000011c4e       0x10 /home/leemarc/intelFPGA_lite/18.1/nios2eds/bin/gnu/H-x86_64-pc-linux-gnu/bin/../lib/gcc/nios2-elf/5.3.0/../../../../../H-x86_64-pc-linux-gnu/nios2-elf/lib/libc.a(lib_a-vfprintf.o)
 .rodata.blanks.4403
                0x0000000000011c5e       0x10 /home/leemarc/intelFPGA_lite/18.1/nios2eds/bin/gnu/H-x86_64-pc-linux-gnu/bin/../lib/gcc/nios2-elf/5.3.0/../../../../../H-x86_64-pc-linux-gnu/nios2-elf/lib/libc.a(lib_a-vfprintf.o)
 *fill*         0x0000000000011c6e        0x2 
 .rodata.str1.4
                0x0000000000011c70       0x10 /home/leemarc/intelFPGA_lite/18.1/nios2eds/bin/gnu/H-x86_64-pc-linux-gnu/bin/../lib/gcc/nios2-elf/5.3.0/../../../../../H-x86_64-pc-linux-gnu/nios2-elf/lib/libc.a(lib_a-dtoa.o)
                                         0x12 (size before relaxing)
 .rodata.str1.4
                0x0000000000011c80        0x2 /home/leemarc/intelFPGA_lite/18.1/nios2eds/bin/gnu/H-x86_64-pc-linux-gnu/bin/../lib/gcc/nios2-elf/5.3.0/../../../../../H-x86_64-pc-linux-gnu/nios2-elf/lib/libc.a(lib_a-impure.o)
 *fill*         0x0000000000011c82        0x2 
 .rodata.str1.4
                0x0000000000011c84        0xc /home/leemarc/intelFPGA_lite/18.1/nios2eds/bin/gnu/H-x86_64-pc-linux-gnu/bin/../lib/gcc/nios2-elf/5.3.0/../../../../../H-x86_64-pc-linux-gnu/nios2-elf/lib/libc.a(lib_a-locale.o)
                                         0x12 (size before relaxing)
 .rodata.p05.2768
                0x0000000000011c90        0xc /home/leemarc/intelFPGA_lite/18.1/nios2eds/bin/gnu/H-x86_64-pc-linux-gnu/bin/../lib/gcc/nios2-elf/5.3.0/../../../../../H-x86_64-pc-linux-gnu/nios2-elf/lib/libc.a(lib_a-mprec.o)
 .rodata.__mprec_tinytens
                0x0000000000011c9c       0x28 /home/leemarc/intelFPGA_lite/18.1/nios2eds/bin/gnu/H-x86_64-pc-linux-gnu/bin/../lib/gcc/nios2-elf/5.3.0/../../../../../H-x86_64-pc-linux-gnu/nios2-elf/lib/libc.a(lib_a-mprec.o)
                0x0000000000011c9c                __mprec_tinytens
 .rodata.__mprec_bigtens
                0x0000000000011cc4       0x28 /home/leemarc/intelFPGA_lite/18.1/nios2eds/bin/gnu/H-x86_64-pc-linux-gnu/bin/../lib/gcc/nios2-elf/5.3.0/../../../../../H-x86_64-pc-linux-gnu/nios2-elf/lib/libc.a(lib_a-mprec.o)
                0x0000000000011cc4                __mprec_bigtens
 .rodata.__mprec_tens
                0x0000000000011cec       0xc8 /home/leemarc/intelFPGA_lite/18.1/nios2eds/bin/gnu/H-x86_64-pc-linux-gnu/bin/../lib/gcc/nios2-elf/5.3.0/../../../../../H-x86_64-pc-linux-gnu/nios2-elf/lib/libc.a(lib_a-mprec.o)
                0x0000000000011cec                __mprec_tens
 .rodata.str1.4
                0x0000000000011db4       0x2f /home/leemarc/intelFPGA_lite/18.1/nios2eds/bin/gnu/H-x86_64-pc-linux-gnu/bin/../lib/gcc/nios2-elf/5.3.0/../../../../../H-x86_64-pc-linux-gnu/nios2-elf/lib/libc.a(lib_a-vfiprintf.o)
 .rodata.zeroes.4349
                0x0000000000011db4       0x10 /home/leemarc/intelFPGA_lite/18.1/nios2eds/bin/gnu/H-x86_64-pc-linux-gnu/bin/../lib/gcc/nios2-elf/5.3.0/../../../../../H-x86_64-pc-linux-gnu/nios2-elf/lib/libc.a(lib_a-vfiprintf.o)
 .rodata.blanks.4348
                0x0000000000011dc4       0x10 /home/leemarc/intelFPGA_lite/18.1/nios2eds/bin/gnu/H-x86_64-pc-linux-gnu/bin/../lib/gcc/nios2-elf/5.3.0/../../../../../H-x86_64-pc-linux-gnu/nios2-elf/lib/libc.a(lib_a-vfiprintf.o)
 .rodata        0x0000000000011dd4      0x100 /home/leemarc/intelFPGA_lite/18.1/nios2eds/bin/gnu/H-x86_64-pc-linux-gnu/bin/../lib/gcc/nios2-elf/5.3.0/libgcc.a(_clz.o)
                0x0000000000011dd4                __clz_tab
 .rodata        0x0000000000011ed4        0xa /run/media/leemarc/Shared/Switchdrive/Private/Documents/Master/1_S1/EmbHardw/mse_demo/software/sobel_work_bsp//libhal_bsp.a(alt_dev.o)
 *fill*         0x0000000000011ede        0x2 
 .rodata        0x0000000000011ee0        0xf /run/media/leemarc/Shared/Switchdrive/Private/Documents/Master/1_S1/EmbHardw/mse_demo/software/sobel_work_bsp//libhal_bsp.a(alt_main.o)
 *fill*         0x0000000000011eef        0x1 
 .rodata        0x0000000000011ef0        0xf /run/media/leemarc/Shared/Switchdrive/Private/Documents/Master/1_S1/EmbHardw/mse_demo/software/sobel_work_bsp//libhal_bsp.a(alt_sys_init.o)
 *(.rodata1)
                0x0000000000011f00                . = ALIGN (0x4)
 *fill*         0x0000000000011eff        0x1 
                0x0000000000011f00                PROVIDE (__ram_rodata_end, ABSOLUTE (.))
                0x0000000000011780                PROVIDE (__flash_rodata_start, LOADADDR (.rodata))

.rwdata         0x0000000000011f00     0x1aec load address 0x00000000000139ec
                0x0000000000011f00                PROVIDE (__ram_rwdata_start, ABSOLUTE (.))
                0x0000000000011f00                . = ALIGN (0x4)
 *(.got.plt)
 *(.got)
 *(.data1)
 *(.data .data.* .gnu.linkonce.d.*)
 .data          0x0000000000011f00        0x0 /run/media/leemarc/Shared/Switchdrive/Private/Documents/Master/1_S1/EmbHardw/mse_demo/software/sobel_work_bsp//obj/HAL/src/crt0.o
 .data          0x0000000000011f00        0x0 obj/default/camera.o
 .data          0x0000000000011f00        0x0 obj/default/dipswitch.o
 .data          0x0000000000011f00        0x0 obj/default/grayscale.o
 .data          0x0000000000011f00        0x0 obj/default/i2c.o
 .data          0x0000000000011f00        0x0 obj/default/lcd_simple.o
 .data          0x0000000000011f00        0x0 obj/default/main.o
 .data          0x0000000000011f00        0x0 obj/default/sobel.o
 .data          0x0000000000011f00        0x0 obj/default/vga.o
 .data          0x0000000000011f00        0x0 /home/leemarc/intelFPGA_lite/18.1/nios2eds/bin/gnu/H-x86_64-pc-linux-gnu/bin/../lib/gcc/nios2-elf/5.3.0/../../../../../H-x86_64-pc-linux-gnu/nios2-elf/lib/libc.a(lib_a-malloc.o)
 .data          0x0000000000011f00        0x0 /home/leemarc/intelFPGA_lite/18.1/nios2eds/bin/gnu/H-x86_64-pc-linux-gnu/bin/../lib/gcc/nios2-elf/5.3.0/../../../../../H-x86_64-pc-linux-gnu/nios2-elf/lib/libc.a(lib_a-mallocr.o)
 .data.__malloc_av_
                0x0000000000011f00      0x408 /home/leemarc/intelFPGA_lite/18.1/nios2eds/bin/gnu/H-x86_64-pc-linux-gnu/bin/../lib/gcc/nios2-elf/5.3.0/../../../../../H-x86_64-pc-linux-gnu/nios2-elf/lib/libc.a(lib_a-mallocr.o)
                0x0000000000011f00                __malloc_av_
 .data          0x0000000000012308        0x0 /home/leemarc/intelFPGA_lite/18.1/nios2eds/bin/gnu/H-x86_64-pc-linux-gnu/bin/../lib/gcc/nios2-elf/5.3.0/../../../../../H-x86_64-pc-linux-gnu/nios2-elf/lib/libc.a(lib_a-printf.o)
 .data          0x0000000000012308        0x0 /home/leemarc/intelFPGA_lite/18.1/nios2eds/bin/gnu/H-x86_64-pc-linux-gnu/bin/../lib/gcc/nios2-elf/5.3.0/../../../../../H-x86_64-pc-linux-gnu/nios2-elf/lib/libc.a(lib_a-puts.o)
 .data          0x0000000000012308        0x0 /home/leemarc/intelFPGA_lite/18.1/nios2eds/bin/gnu/H-x86_64-pc-linux-gnu/bin/../lib/gcc/nios2-elf/5.3.0/../../../../../H-x86_64-pc-linux-gnu/nios2-elf/lib/libc.a(lib_a-sbrkr.o)
 .data          0x0000000000012308        0x0 /home/leemarc/intelFPGA_lite/18.1/nios2eds/bin/gnu/H-x86_64-pc-linux-gnu/bin/../lib/gcc/nios2-elf/5.3.0/../../../../../H-x86_64-pc-linux-gnu/nios2-elf/lib/libc.a(lib_a-strlen.o)
 .data          0x0000000000012308        0x0 /home/leemarc/intelFPGA_lite/18.1/nios2eds/bin/gnu/H-x86_64-pc-linux-gnu/bin/../lib/gcc/nios2-elf/5.3.0/../../../../../H-x86_64-pc-linux-gnu/nios2-elf/lib/libc.a(lib_a-vfprintf.o)
 .data          0x0000000000012308        0x0 /home/leemarc/intelFPGA_lite/18.1/nios2eds/bin/gnu/H-x86_64-pc-linux-gnu/bin/../lib/gcc/nios2-elf/5.3.0/../../../../../H-x86_64-pc-linux-gnu/nios2-elf/lib/libc.a(lib_a-wsetup.o)
 .data          0x0000000000012308        0x0 /home/leemarc/intelFPGA_lite/18.1/nios2eds/bin/gnu/H-x86_64-pc-linux-gnu/bin/../lib/gcc/nios2-elf/5.3.0/../../../../../H-x86_64-pc-linux-gnu/nios2-elf/lib/libc.a(lib_a-dtoa.o)
 .data          0x0000000000012308        0x0 /home/leemarc/intelFPGA_lite/18.1/nios2eds/bin/gnu/H-x86_64-pc-linux-gnu/bin/../lib/gcc/nios2-elf/5.3.0/../../../../../H-x86_64-pc-linux-gnu/nios2-elf/lib/libc.a(lib_a-fflush.o)
 .data          0x0000000000012308        0x0 /home/leemarc/intelFPGA_lite/18.1/nios2eds/bin/gnu/H-x86_64-pc-linux-gnu/bin/../lib/gcc/nios2-elf/5.3.0/../../../../../H-x86_64-pc-linux-gnu/nios2-elf/lib/libc.a(lib_a-findfp.o)
 .data          0x0000000000012308        0x0 /home/leemarc/intelFPGA_lite/18.1/nios2eds/bin/gnu/H-x86_64-pc-linux-gnu/bin/../lib/gcc/nios2-elf/5.3.0/../../../../../H-x86_64-pc-linux-gnu/nios2-elf/lib/libc.a(lib_a-freer.o)
 .data          0x0000000000012308        0x0 /home/leemarc/intelFPGA_lite/18.1/nios2eds/bin/gnu/H-x86_64-pc-linux-gnu/bin/../lib/gcc/nios2-elf/5.3.0/../../../../../H-x86_64-pc-linux-gnu/nios2-elf/lib/libc.a(lib_a-fvwrite.o)
 .data          0x0000000000012308        0x0 /home/leemarc/intelFPGA_lite/18.1/nios2eds/bin/gnu/H-x86_64-pc-linux-gnu/bin/../lib/gcc/nios2-elf/5.3.0/../../../../../H-x86_64-pc-linux-gnu/nios2-elf/lib/libc.a(lib_a-fwalk.o)
 .data          0x0000000000012308        0x0 /home/leemarc/intelFPGA_lite/18.1/nios2eds/bin/gnu/H-x86_64-pc-linux-gnu/bin/../lib/gcc/nios2-elf/5.3.0/../../../../../H-x86_64-pc-linux-gnu/nios2-elf/lib/libc.a(lib_a-impure.o)
 .data.impure_data
                0x0000000000012308      0x424 /home/leemarc/intelFPGA_lite/18.1/nios2eds/bin/gnu/H-x86_64-pc-linux-gnu/bin/../lib/gcc/nios2-elf/5.3.0/../../../../../H-x86_64-pc-linux-gnu/nios2-elf/lib/libc.a(lib_a-impure.o)
 .data          0x000000000001272c        0x0 /home/leemarc/intelFPGA_lite/18.1/nios2eds/bin/gnu/H-x86_64-pc-linux-gnu/bin/../lib/gcc/nios2-elf/5.3.0/../../../../../H-x86_64-pc-linux-gnu/nios2-elf/lib/libc.a(lib_a-int_errno.o)
 .data          0x000000000001272c        0x0 /home/leemarc/intelFPGA_lite/18.1/nios2eds/bin/gnu/H-x86_64-pc-linux-gnu/bin/../lib/gcc/nios2-elf/5.3.0/../../../../../H-x86_64-pc-linux-gnu/nios2-elf/lib/libc.a(lib_a-locale.o)
 .data.lc_message_charset
                0x000000000001272c       0x20 /home/leemarc/intelFPGA_lite/18.1/nios2eds/bin/gnu/H-x86_64-pc-linux-gnu/bin/../lib/gcc/nios2-elf/5.3.0/../../../../../H-x86_64-pc-linux-gnu/nios2-elf/lib/libc.a(lib_a-locale.o)
 .data.lc_ctype_charset
                0x000000000001274c       0x20 /home/leemarc/intelFPGA_lite/18.1/nios2eds/bin/gnu/H-x86_64-pc-linux-gnu/bin/../lib/gcc/nios2-elf/5.3.0/../../../../../H-x86_64-pc-linux-gnu/nios2-elf/lib/libc.a(lib_a-locale.o)
 .data.lconv    0x000000000001276c       0x38 /home/leemarc/intelFPGA_lite/18.1/nios2eds/bin/gnu/H-x86_64-pc-linux-gnu/bin/../lib/gcc/nios2-elf/5.3.0/../../../../../H-x86_64-pc-linux-gnu/nios2-elf/lib/libc.a(lib_a-locale.o)
 .data          0x00000000000127a4        0x0 /home/leemarc/intelFPGA_lite/18.1/nios2eds/bin/gnu/H-x86_64-pc-linux-gnu/bin/../lib/gcc/nios2-elf/5.3.0/../../../../../H-x86_64-pc-linux-gnu/nios2-elf/lib/libc.a(lib_a-makebuf.o)
 .data          0x00000000000127a4        0x0 /home/leemarc/intelFPGA_lite/18.1/nios2eds/bin/gnu/H-x86_64-pc-linux-gnu/bin/../lib/gcc/nios2-elf/5.3.0/../../../../../H-x86_64-pc-linux-gnu/nios2-elf/lib/libc.a(lib_a-memchr.o)
 .data          0x00000000000127a4        0x0 /home/leemarc/intelFPGA_lite/18.1/nios2eds/bin/gnu/H-x86_64-pc-linux-gnu/bin/../lib/gcc/nios2-elf/5.3.0/../../../../../H-x86_64-pc-linux-gnu/nios2-elf/lib/libc.a(lib_a-memcpy.o)
 .data          0x00000000000127a4        0x0 /home/leemarc/intelFPGA_lite/18.1/nios2eds/bin/gnu/H-x86_64-pc-linux-gnu/bin/../lib/gcc/nios2-elf/5.3.0/../../../../../H-x86_64-pc-linux-gnu/nios2-elf/lib/libc.a(lib_a-memmove.o)
 .data          0x00000000000127a4        0x0 /home/leemarc/intelFPGA_lite/18.1/nios2eds/bin/gnu/H-x86_64-pc-linux-gnu/bin/../lib/gcc/nios2-elf/5.3.0/../../../../../H-x86_64-pc-linux-gnu/nios2-elf/lib/libc.a(lib_a-memset.o)
 .data          0x00000000000127a4        0x0 /home/leemarc/intelFPGA_lite/18.1/nios2eds/bin/gnu/H-x86_64-pc-linux-gnu/bin/../lib/gcc/nios2-elf/5.3.0/../../../../../H-x86_64-pc-linux-gnu/nios2-elf/lib/libc.a(lib_a-mprec.o)
 .data          0x00000000000127a4        0x0 /home/leemarc/intelFPGA_lite/18.1/nios2eds/bin/gnu/H-x86_64-pc-linux-gnu/bin/../lib/gcc/nios2-elf/5.3.0/../../../../../H-x86_64-pc-linux-gnu/nios2-elf/lib/libc.a(lib_a-reallocr.o)
 .data          0x00000000000127a4        0x0 /home/leemarc/intelFPGA_lite/18.1/nios2eds/bin/gnu/H-x86_64-pc-linux-gnu/bin/../lib/gcc/nios2-elf/5.3.0/../../../../../H-x86_64-pc-linux-gnu/nios2-elf/lib/libc.a(lib_a-s_fpclassify.o)
 .data          0x00000000000127a4        0x0 /home/leemarc/intelFPGA_lite/18.1/nios2eds/bin/gnu/H-x86_64-pc-linux-gnu/bin/../lib/gcc/nios2-elf/5.3.0/../../../../../H-x86_64-pc-linux-gnu/nios2-elf/lib/libc.a(lib_a-stdio.o)
 .data          0x00000000000127a4        0x0 /home/leemarc/intelFPGA_lite/18.1/nios2eds/bin/gnu/H-x86_64-pc-linux-gnu/bin/../lib/gcc/nios2-elf/5.3.0/../../../../../H-x86_64-pc-linux-gnu/nios2-elf/lib/libc.a(lib_a-strcmp.o)
 .data          0x00000000000127a4        0x0 /home/leemarc/intelFPGA_lite/18.1/nios2eds/bin/gnu/H-x86_64-pc-linux-gnu/bin/../lib/gcc/nios2-elf/5.3.0/../../../../../H-x86_64-pc-linux-gnu/nios2-elf/lib/libc.a(lib_a-vfiprintf.o)
 .data          0x00000000000127a4        0x0 /home/leemarc/intelFPGA_lite/18.1/nios2eds/bin/gnu/H-x86_64-pc-linux-gnu/bin/../lib/gcc/nios2-elf/5.3.0/../../../../../H-x86_64-pc-linux-gnu/nios2-elf/lib/libc.a(lib_a-writer.o)
 .data          0x00000000000127a4        0x0 /home/leemarc/intelFPGA_lite/18.1/nios2eds/bin/gnu/H-x86_64-pc-linux-gnu/bin/../lib/gcc/nios2-elf/5.3.0/../../../../../H-x86_64-pc-linux-gnu/nios2-elf/lib/libc.a(closer.o)
 .data          0x00000000000127a4        0x0 /home/leemarc/intelFPGA_lite/18.1/nios2eds/bin/gnu/H-x86_64-pc-linux-gnu/bin/../lib/gcc/nios2-elf/5.3.0/../../../../../H-x86_64-pc-linux-gnu/nios2-elf/lib/libc.a(lib_a-callocr.o)
 .data          0x00000000000127a4        0x0 /home/leemarc/intelFPGA_lite/18.1/nios2eds/bin/gnu/H-x86_64-pc-linux-gnu/bin/../lib/gcc/nios2-elf/5.3.0/../../../../../H-x86_64-pc-linux-gnu/nios2-elf/lib/libc.a(lib_a-fclose.o)
 .data          0x00000000000127a4        0x0 /home/leemarc/intelFPGA_lite/18.1/nios2eds/bin/gnu/H-x86_64-pc-linux-gnu/bin/../lib/gcc/nios2-elf/5.3.0/../../../../../H-x86_64-pc-linux-gnu/nios2-elf/lib/libc.a(lib_a-fputwc.o)
 .data          0x00000000000127a4        0x0 /home/leemarc/intelFPGA_lite/18.1/nios2eds/bin/gnu/H-x86_64-pc-linux-gnu/bin/../lib/gcc/nios2-elf/5.3.0/../../../../../H-x86_64-pc-linux-gnu/nios2-elf/lib/libc.a(lib_a-fstatr.o)
 .data          0x00000000000127a4        0x0 /home/leemarc/intelFPGA_lite/18.1/nios2eds/bin/gnu/H-x86_64-pc-linux-gnu/bin/../lib/gcc/nios2-elf/5.3.0/../../../../../H-x86_64-pc-linux-gnu/nios2-elf/lib/libc.a(lib_a-isattyr.o)
 .data          0x00000000000127a4        0x0 /home/leemarc/intelFPGA_lite/18.1/nios2eds/bin/gnu/H-x86_64-pc-linux-gnu/bin/../lib/gcc/nios2-elf/5.3.0/../../../../../H-x86_64-pc-linux-gnu/nios2-elf/lib/libc.a(lib_a-lseekr.o)
 .data          0x00000000000127a4        0x0 /home/leemarc/intelFPGA_lite/18.1/nios2eds/bin/gnu/H-x86_64-pc-linux-gnu/bin/../lib/gcc/nios2-elf/5.3.0/../../../../../H-x86_64-pc-linux-gnu/nios2-elf/lib/libc.a(lib_a-readr.o)
 .data          0x00000000000127a4        0x0 /home/leemarc/intelFPGA_lite/18.1/nios2eds/bin/gnu/H-x86_64-pc-linux-gnu/bin/../lib/gcc/nios2-elf/5.3.0/../../../../../H-x86_64-pc-linux-gnu/nios2-elf/lib/libc.a(lib_a-wbuf.o)
 .data          0x00000000000127a4        0x0 /home/leemarc/intelFPGA_lite/18.1/nios2eds/bin/gnu/H-x86_64-pc-linux-gnu/bin/../lib/gcc/nios2-elf/5.3.0/../../../../../H-x86_64-pc-linux-gnu/nios2-elf/lib/libc.a(lib_a-wcrtomb.o)
 .data          0x00000000000127a4        0x0 /home/leemarc/intelFPGA_lite/18.1/nios2eds/bin/gnu/H-x86_64-pc-linux-gnu/bin/../lib/gcc/nios2-elf/5.3.0/../../../../../H-x86_64-pc-linux-gnu/nios2-elf/lib/libc.a(lib_a-wctomb_r.o)
 .data          0x00000000000127a4        0x0 /home/leemarc/intelFPGA_lite/18.1/nios2eds/bin/gnu/H-x86_64-pc-linux-gnu/bin/../lib/gcc/nios2-elf/5.3.0/libgcc.a(_udivdi3.o)
 .data          0x00000000000127a4        0x0 /home/leemarc/intelFPGA_lite/18.1/nios2eds/bin/gnu/H-x86_64-pc-linux-gnu/bin/../lib/gcc/nios2-elf/5.3.0/libgcc.a(_umoddi3.o)
 .data          0x00000000000127a4        0x0 /home/leemarc/intelFPGA_lite/18.1/nios2eds/bin/gnu/H-x86_64-pc-linux-gnu/bin/../lib/gcc/nios2-elf/5.3.0/libgcc.a(lib2-divmod.o)
 .data          0x00000000000127a4        0x0 /home/leemarc/intelFPGA_lite/18.1/nios2eds/bin/gnu/H-x86_64-pc-linux-gnu/bin/../lib/gcc/nios2-elf/5.3.0/libgcc.a(adddf3.o)
 .data          0x00000000000127a4        0x0 /home/leemarc/intelFPGA_lite/18.1/nios2eds/bin/gnu/H-x86_64-pc-linux-gnu/bin/../lib/gcc/nios2-elf/5.3.0/libgcc.a(divdf3.o)
 .data          0x00000000000127a4        0x0 /home/leemarc/intelFPGA_lite/18.1/nios2eds/bin/gnu/H-x86_64-pc-linux-gnu/bin/../lib/gcc/nios2-elf/5.3.0/libgcc.a(eqdf2.o)
 .data          0x00000000000127a4        0x0 /home/leemarc/intelFPGA_lite/18.1/nios2eds/bin/gnu/H-x86_64-pc-linux-gnu/bin/../lib/gcc/nios2-elf/5.3.0/libgcc.a(gedf2.o)
 .data          0x00000000000127a4        0x0 /home/leemarc/intelFPGA_lite/18.1/nios2eds/bin/gnu/H-x86_64-pc-linux-gnu/bin/../lib/gcc/nios2-elf/5.3.0/libgcc.a(ledf2.o)
 .data          0x00000000000127a4        0x0 /home/leemarc/intelFPGA_lite/18.1/nios2eds/bin/gnu/H-x86_64-pc-linux-gnu/bin/../lib/gcc/nios2-elf/5.3.0/libgcc.a(muldf3.o)
 .data          0x00000000000127a4        0x0 /home/leemarc/intelFPGA_lite/18.1/nios2eds/bin/gnu/H-x86_64-pc-linux-gnu/bin/../lib/gcc/nios2-elf/5.3.0/libgcc.a(subdf3.o)
 .data          0x00000000000127a4        0x0 /home/leemarc/intelFPGA_lite/18.1/nios2eds/bin/gnu/H-x86_64-pc-linux-gnu/bin/../lib/gcc/nios2-elf/5.3.0/libgcc.a(fixdfsi.o)
 .data          0x00000000000127a4        0x0 /home/leemarc/intelFPGA_lite/18.1/nios2eds/bin/gnu/H-x86_64-pc-linux-gnu/bin/../lib/gcc/nios2-elf/5.3.0/libgcc.a(floatsidf.o)
 .data          0x00000000000127a4        0x0 /home/leemarc/intelFPGA_lite/18.1/nios2eds/bin/gnu/H-x86_64-pc-linux-gnu/bin/../lib/gcc/nios2-elf/5.3.0/libgcc.a(floatunsidf.o)
 .data          0x00000000000127a4        0x0 /home/leemarc/intelFPGA_lite/18.1/nios2eds/bin/gnu/H-x86_64-pc-linux-gnu/bin/../lib/gcc/nios2-elf/5.3.0/libgcc.a(_clz.o)
 .data          0x00000000000127a4        0x0 /home/leemarc/intelFPGA_lite/18.1/nios2eds/bin/gnu/H-x86_64-pc-linux-gnu/bin/../lib/gcc/nios2-elf/5.3.0/libgcc.a(_clzsi2.o)
 .data          0x00000000000127a4        0x0 /run/media/leemarc/Shared/Switchdrive/Private/Documents/Master/1_S1/EmbHardw/mse_demo/software/sobel_work_bsp//libhal_bsp.a(alt_close.o)
 .data          0x00000000000127a4      0x1a8 /run/media/leemarc/Shared/Switchdrive/Private/Documents/Master/1_S1/EmbHardw/mse_demo/software/sobel_work_bsp//libhal_bsp.a(alt_dev.o)
                0x00000000000127a4                alt_dev_null
                0x00000000000127cc                alt_fd_list
 .data          0x000000000001294c        0x0 /run/media/leemarc/Shared/Switchdrive/Private/Documents/Master/1_S1/EmbHardw/mse_demo/software/sobel_work_bsp//libhal_bsp.a(alt_errno.o)
 .data          0x000000000001294c        0x0 /run/media/leemarc/Shared/Switchdrive/Private/Documents/Master/1_S1/EmbHardw/mse_demo/software/sobel_work_bsp//libhal_bsp.a(alt_fstat.o)
 .data          0x000000000001294c        0x0 /run/media/leemarc/Shared/Switchdrive/Private/Documents/Master/1_S1/EmbHardw/mse_demo/software/sobel_work_bsp//libhal_bsp.a(alt_isatty.o)
 .data          0x000000000001294c        0x0 /run/media/leemarc/Shared/Switchdrive/Private/Documents/Master/1_S1/EmbHardw/mse_demo/software/sobel_work_bsp//libhal_bsp.a(alt_load.o)
 .data          0x000000000001294c        0x0 /run/media/leemarc/Shared/Switchdrive/Private/Documents/Master/1_S1/EmbHardw/mse_demo/software/sobel_work_bsp//libhal_bsp.a(alt_lseek.o)
 .data          0x000000000001294c        0x0 /run/media/leemarc/Shared/Switchdrive/Private/Documents/Master/1_S1/EmbHardw/mse_demo/software/sobel_work_bsp//libhal_bsp.a(alt_main.o)
 .data          0x000000000001294c        0x0 /run/media/leemarc/Shared/Switchdrive/Private/Documents/Master/1_S1/EmbHardw/mse_demo/software/sobel_work_bsp//libhal_bsp.a(alt_malloc_lock.o)
 .data          0x000000000001294c        0x0 /run/media/leemarc/Shared/Switchdrive/Private/Documents/Master/1_S1/EmbHardw/mse_demo/software/sobel_work_bsp//libhal_bsp.a(alt_read.o)
 .data          0x000000000001294c        0x0 /run/media/leemarc/Shared/Switchdrive/Private/Documents/Master/1_S1/EmbHardw/mse_demo/software/sobel_work_bsp//libhal_bsp.a(alt_release_fd.o)
 .data          0x000000000001294c        0x0 /run/media/leemarc/Shared/Switchdrive/Private/Documents/Master/1_S1/EmbHardw/mse_demo/software/sobel_work_bsp//libhal_bsp.a(alt_sbrk.o)
 .data          0x000000000001294c        0x0 /run/media/leemarc/Shared/Switchdrive/Private/Documents/Master/1_S1/EmbHardw/mse_demo/software/sobel_work_bsp//libhal_bsp.a(alt_usleep.o)
 .data          0x000000000001294c        0x0 /run/media/leemarc/Shared/Switchdrive/Private/Documents/Master/1_S1/EmbHardw/mse_demo/software/sobel_work_bsp//libhal_bsp.a(alt_write.o)
 .data          0x000000000001294c     0x1060 /run/media/leemarc/Shared/Switchdrive/Private/Documents/Master/1_S1/EmbHardw/mse_demo/software/sobel_work_bsp//libhal_bsp.a(alt_sys_init.o)
 .data          0x00000000000139ac        0x0 /run/media/leemarc/Shared/Switchdrive/Private/Documents/Master/1_S1/EmbHardw/mse_demo/software/sobel_work_bsp//libhal_bsp.a(altera_avalon_jtag_uart_fd.o)
 .data          0x00000000000139ac        0x0 /run/media/leemarc/Shared/Switchdrive/Private/Documents/Master/1_S1/EmbHardw/mse_demo/software/sobel_work_bsp//libhal_bsp.a(altera_avalon_jtag_uart_init.o)
 .data          0x00000000000139ac        0x0 /run/media/leemarc/Shared/Switchdrive/Private/Documents/Master/1_S1/EmbHardw/mse_demo/software/sobel_work_bsp//libhal_bsp.a(altera_avalon_jtag_uart_ioctl.o)
 .data          0x00000000000139ac        0x0 /run/media/leemarc/Shared/Switchdrive/Private/Documents/Master/1_S1/EmbHardw/mse_demo/software/sobel_work_bsp//libhal_bsp.a(altera_avalon_jtag_uart_read.o)
 .data          0x00000000000139ac        0x0 /run/media/leemarc/Shared/Switchdrive/Private/Documents/Master/1_S1/EmbHardw/mse_demo/software/sobel_work_bsp//libhal_bsp.a(altera_avalon_jtag_uart_write.o)
 .data          0x00000000000139ac        0x0 /run/media/leemarc/Shared/Switchdrive/Private/Documents/Master/1_S1/EmbHardw/mse_demo/software/sobel_work_bsp//libhal_bsp.a(altera_avalon_timer_sc.o)
 .data          0x00000000000139ac        0x0 /run/media/leemarc/Shared/Switchdrive/Private/Documents/Master/1_S1/EmbHardw/mse_demo/software/sobel_work_bsp//libhal_bsp.a(altera_avalon_timer_ts.o)
 .data          0x00000000000139ac        0x0 /run/media/leemarc/Shared/Switchdrive/Private/Documents/Master/1_S1/EmbHardw/mse_demo/software/sobel_work_bsp//libhal_bsp.a(altera_avalon_timer_vars.o)
 .data          0x00000000000139ac        0x0 /run/media/leemarc/Shared/Switchdrive/Private/Documents/Master/1_S1/EmbHardw/mse_demo/software/sobel_work_bsp//libhal_bsp.a(alt_alarm_start.o)
 .data          0x00000000000139ac        0x0 /run/media/leemarc/Shared/Switchdrive/Private/Documents/Master/1_S1/EmbHardw/mse_demo/software/sobel_work_bsp//libhal_bsp.a(alt_busy_sleep.o)
 .data          0x00000000000139ac        0x0 /run/media/leemarc/Shared/Switchdrive/Private/Documents/Master/1_S1/EmbHardw/mse_demo/software/sobel_work_bsp//libhal_bsp.a(alt_dcache_flush_all.o)
 .data          0x00000000000139ac        0x0 /run/media/leemarc/Shared/Switchdrive/Private/Documents/Master/1_S1/EmbHardw/mse_demo/software/sobel_work_bsp//libhal_bsp.a(alt_dev_llist_insert.o)