Archive member included to satisfy reference by file (symbol)

/home/leemarc/intelFPGA_lite/18.1/nios2eds/bin/gnu/H-x86_64-pc-linux-gnu/bin/../lib/gcc/nios2-elf/5.3.0/../../../../../H-x86_64-pc-linux-gnu/nios2-elf/lib/libc.a(lib_a-malloc.o)
                              obj/default/grayscale.o (malloc)
/home/leemarc/intelFPGA_lite/18.1/nios2eds/bin/gnu/H-x86_64-pc-linux-gnu/bin/../lib/gcc/nios2-elf/5.3.0/../../../../../H-x86_64-pc-linux-gnu/nios2-elf/lib/libc.a(lib_a-mallocr.o)
                              /home/leemarc/intelFPGA_lite/18.1/nios2eds/bin/gnu/H-x86_64-pc-linux-gnu/bin/../lib/gcc/nios2-elf/5.3.0/../../../../../H-x86_64-pc-linux-gnu/nios2-elf/lib/libc.a(lib_a-malloc.o) (_malloc_r)
/home/leemarc/intelFPGA_lite/18.1/nios2eds/bin/gnu/H-x86_64-pc-linux-gnu/bin/../lib/gcc/nios2-elf/5.3.0/../../../../../H-x86_64-pc-linux-gnu/nios2-elf/lib/libc.a(lib_a-printf.o)
                              obj/default/camera.o (printf)
/home/leemarc/intelFPGA_lite/18.1/nios2eds/bin/gnu/H-x86_64-pc-linux-gnu/bin/../lib/gcc/nios2-elf/5.3.0/../../../../../H-x86_64-pc-linux-gnu/nios2-elf/lib/libc.a(lib_a-puts.o)
                              obj/default/main.o (puts)
/home/leemarc/intelFPGA_lite/18.1/nios2eds/bin/gnu/H-x86_64-pc-linux-gnu/bin/../lib/gcc/nios2-elf/5.3.0/../../../../../H-x86_64-pc-linux-gnu/nios2-elf/lib/libc.a(lib_a-sbrkr.o)
                              /home/leemarc/intelFPGA_lite/18.1/nios2eds/bin/gnu/H-x86_64-pc-linux-gnu/bin/../lib/gcc/nios2-elf/5.3.0/../../../../../H-x86_64-pc-linux-gnu/nios2-elf/lib/libc.a(lib_a-mallocr.o) (_sbrk_r)
/home/leemarc/intelFPGA_lite/18.1/nios2eds/bin/gnu/H-x86_64-pc-linux-gnu/bin/../lib/gcc/nios2-elf/5.3.0/../../../../../H-x86_64-pc-linux-gnu/nios2-elf/lib/libc.a(lib_a-strlen.o)
                              /home/leemarc/intelFPGA_lite/18.1/nios2eds/bin/gnu/H-x86_64-pc-linux-gnu/bin/../lib/gcc/nios2-elf/5.3.0/../../../../../H-x86_64-pc-linux-gnu/nios2-elf/lib/libc.a(lib_a-puts.o) (strlen)
/home/leemarc/intelFPGA_lite/18.1/nios2eds/bin/gnu/H-x86_64-pc-linux-gnu/bin/../lib/gcc/nios2-elf/5.3.0/../../../../../H-x86_64-pc-linux-gnu/nios2-elf/lib/libc.a(lib_a-vfprintf.o)
                              /home/leemarc/intelFPGA_lite/18.1/nios2eds/bin/gnu/H-x86_64-pc-linux-gnu/bin/../lib/gcc/nios2-elf/5.3.0/../../../../../H-x86_64-pc-linux-gnu/nios2-elf/lib/libc.a(lib_a-printf.o) (___vfprintf_internal_r)
/home/leemarc/intelFPGA_lite/18.1/nios2eds/bin/gnu/H-x86_64-pc-linux-gnu/bin/../lib/gcc/nios2-elf/5.3.0/../../../../../H-x86_64-pc-linux-gnu/nios2-elf/lib/libc.a(lib_a-wsetup.o)
                              /home/leemarc/intelFPGA_lite/18.1/nios2eds/bin/gnu/H-x86_64-pc-linux-gnu/bin/../lib/gcc/nios2-elf/5.3.0/../../../../../H-x86_64-pc-linux-gnu/nios2-elf/lib/libc.a(lib_a-vfprintf.o) (__swsetup_r)
/home/leemarc/intelFPGA_lite/18.1/nios2eds/bin/gnu/H-x86_64-pc-linux-gnu/bin/../lib/gcc/nios2-elf/5.3.0/../../../../../H-x86_64-pc-linux-gnu/nios2-elf/lib/libc.a(lib_a-dtoa.o)
                              /home/leemarc/intelFPGA_lite/18.1/nios2eds/bin/gnu/H-x86_64-pc-linux-gnu/bin/../lib/gcc/nios2-elf/5.3.0/../../../../../H-x86_64-pc-linux-gnu/nios2-elf/lib/libc.a(lib_a-vfprintf.o) (_dtoa_r)
/home/leemarc/intelFPGA_lite/18.1/nios2eds/bin/gnu/H-x86_64-pc-linux-gnu/bin/../lib/gcc/nios2-elf/5.3.0/../../../../../H-x86_64-pc-linux-gnu/nios2-elf/lib/libc.a(lib_a-fflush.o)
                              /home/leemarc/intelFPGA_lite/18.1/nios2eds/bin/gnu/H-x86_64-pc-linux-gnu/bin/../lib/gcc/nios2-elf/5.3.0/../../../../../H-x86_64-pc-linux-gnu/nios2-elf/lib/libc.a(lib_a-vfprintf.o) (_fflush_r)
/home/leemarc/intelFPGA_lite/18.1/nios2eds/bin/gnu/H-x86_64-pc-linux-gnu/bin/../lib/gcc/nios2-elf/5.3.0/../../../../../H-x86_64-pc-linux-gnu/nios2-elf/lib/libc.a(lib_a-findfp.o)
                              /home/leemarc/intelFPGA_lite/18.1/nios2eds/bin/gnu/H-x86_64-pc-linux-gnu/bin/../lib/gcc/nios2-elf/5.3.0/../../../../../H-x86_64-pc-linux-gnu/nios2-elf/lib/libc.a(lib_a-puts.o) (__sinit)
/home/leemarc/intelFPGA_lite/18.1/nios2eds/bin/gnu/H-x86_64-pc-linux-gnu/bin/../lib/gcc/nios2-elf/5.3.0/../../../../../H-x86_64-pc-linux-gnu/nios2-elf/lib/libc.a(lib_a-freer.o)
                              /home/leemarc/intelFPGA_lite/18.1/nios2eds/bin/gnu/H-x86_64-pc-linux-gnu/bin/../lib/gcc/nios2-elf/5.3.0/../../../../../H-x86_64-pc-linux-gnu/nios2-elf/lib/libc.a(lib_a-malloc.o) (_free_r)
/home/leemarc/intelFPGA_lite/18.1/nios2eds/bin/gnu/H-x86_64-pc-linux-gnu/bin/../lib/gcc/nios2-elf/5.3.0/../../../../../H-x86_64-pc-linux-gnu/nios2-elf/lib/libc.a(lib_a-fvwrite.o)
                              /home/leemarc/intelFPGA_lite/18.1/nios2eds/bin/gnu/H-x86_64-pc-linux-gnu/bin/../lib/gcc/nios2-elf/5.3.0/../../../../../H-x86_64-pc-linux-gnu/nios2-elf/lib/libc.a(lib_a-puts.o) (__sfvwrite_r)
/home/leemarc/intelFPGA_lite/18.1/nios2eds/bin/gnu/H-x86_64-pc-linux-gnu/bin/../lib/gcc/nios2-elf/5.3.0/../../../../../H-x86_64-pc-linux-gnu/nios2-elf/lib/libc.a(lib_a-fwalk.o)
[...]
Memory Configuration

Name             Origin             Length             Attributes
reset            0x0000000000000000 0x0000000000000020
sdram_ctrl       0x0000000000000020 0x0000000000ffffe0
*default*        0x0000000000000000 0xffffffffffffffff

Linker script and memory map

LOAD /run/media/leemarc/Shared/Switchdrive/Private/Documents/Master/1_S1/EmbHardw/mse_demo/software/sobel_work_bsp//obj/HAL/src/crt0.o
LOAD obj/default/camera.o
LOAD obj/default/dipswitch.o
LOAD obj/default/grayscale.o
LOAD obj/default/i2c.o
LOAD obj/default/lcd_simple.o
LOAD obj/default/main.o
LOAD obj/default/sobel.o
LOAD obj/default/vga.o
LOAD /home/leemarc/intelFPGA_lite/18.1/nios2eds/bin/gnu/H-x86_64-pc-linux-gnu/bin/../lib/gcc/nios2-elf/5.3.0/../../../../../H-x86_64-pc-linux-gnu/nios2-elf/lib/libstdc++.a
LOAD /home/leemarc/intelFPGA_lite/18.1/nios2eds/bin/gnu/H-x86_64-pc-linux-gnu/bin/../lib/gcc/nios2-elf/5.3.0/../../../../../H-x86_64-pc-linux-gnu/nios2-elf/lib/libm.a
LOAD /home/leemarc/intelFPGA_lite/18.1/nios2eds/bin/gnu/H-x86_64-pc-linux-gnu/bin/../lib/gcc/nios2-elf/5.3.0/libgcc.a
START GROUP
LOAD /home/leemarc/intelFPGA_lite/18.1/nios2eds/bin/gnu/H-x86_64-pc-linux-gnu/bin/../lib/gcc/nios2-elf/5.3.0/../../../../../H-x86_64-pc-linux-gnu/nios2-elf/lib/libc.a
LOAD /home/leemarc/intelFPGA_lite/18.1/nios2eds/bin/gnu/H-x86_64-pc-linux-gnu/bin/../lib/gcc/nios2-elf/5.3.0/libgcc.a
LOAD /run/media/leemarc/Shared/Switchdrive/Private/Documents/Master/1_S1/EmbHardw/mse_demo/software/sobel_work_bsp//libhal_bsp.a
LOAD /home/leemarc/intelFPGA_lite/18.1/nios2eds/bin/gnu/H-x86_64-pc-linux-gnu/bin/../lib/gcc/nios2-elf/5.3.0/../../../../../H-x86_64-pc-linux-gnu/nios2-elf/lib/libm.a
END GROUP
LOAD /home/leemarc/intelFPGA_lite/18.1/nios2eds/bin/gnu/H-x86_64-pc-linux-gnu/bin/../lib/gcc/nios2-elf/5.3.0/libgcc.a
                0x0000000000000000                __alt_mem_sdram_ctrl = 0x0

.entry          0x0000000000000000       0x20
 *(.entry)
 .entry         0x0000000000000000       0x20 /run/media/leemarc/Shared/Switchdrive/Private/Documents/Master/1_S1/EmbHardw/mse_demo/software/sobel_work_bsp//obj/HAL/src/crt0.o
                0x0000000000000000                __reset

.exceptions     0x0000000000000020      0x224
                0x0000000000000020                PROVIDE (__ram_exceptions_start, ABSOLUTE (.))
                0x0000000000000020                . = ALIGN (0x20)
 *(.irq)
 *(.exceptions.entry.label)
 .exceptions.entry.label
                0x0000000000000020        0x0 /run/media/leemarc/Shared/Switchdrive/Private/Documents/Master/1_S1/EmbHardw/mse_demo/software/sobel_work_bsp//libhal_bsp.a(alt_irq_entry.o)
                0x0000000000000020                alt_irq_entry
 .exceptions.entry.label
                0x0000000000000020        0x0 /run/media/leemarc/Shared/Switchdrive/Private/Documents/Master/1_S1/EmbHardw/mse_demo/software/sobel_work_bsp//libhal_bsp.a(alt_exception_entry.o)
                0x0000000000000020                alt_exception
 *(.exceptions.entry.user)
 *(.exceptions.entry.ecc_fatal)
 *(.exceptions.entry)
 .exceptions.entry
                0x0000000000000020       0x54 /run/media/leemarc/Shared/Switchdrive/Private/Documents/Master/1_S1/EmbHardw/mse_demo/software/sobel_work_bsp//libhal_bsp.a(alt_exception_entry.o)
 *(.exceptions.irqtest.user)
 *(.exceptions.irqtest)
 .exceptions.irqtest
                0x0000000000000074       0x10 /run/media/leemarc/Shared/Switchdrive/Private/Documents/Master/1_S1/EmbHardw/mse_demo/software/sobel_work_bsp//libhal_bsp.a(alt_irq_entry.o)
 *(.exceptions.irqhandler.user)
 *(.exceptions.irqhandler)
 .exceptions.irqhandler
                0x0000000000000084        0x4 /run/media/leemarc/Shared/Switchdrive/Private/Documents/Master/1_S1/EmbHardw/mse_demo/software/sobel_work_bsp//libhal_bsp.a(alt_irq_entry.o)
 *(.exceptions.irqreturn.user)
 *(.exceptions.irqreturn)
 .exceptions.irqreturn
                0x0000000000000088        0x4 /run/media/leemarc/Shared/Switchdrive/Private/Documents/Master/1_S1/EmbHardw/mse_demo/software/sobel_work_bsp//libhal_bsp.a(alt_irq_entry.o)
 *(.exceptions.notirq.label)
 .exceptions.notirq.label
                0x000000000000008c        0x0 /run/media/leemarc/Shared/Switchdrive/Private/Documents/Master/1_S1/EmbHardw/mse_demo/software/sobel_work_bsp//libhal_bsp.a(alt_irq_entry.o)
 *(.exceptions.notirq.user)
 *(.exceptions.notirq)
 .exceptions.notirq
                0x000000000000008c        0x8 /run/media/leemarc/Shared/Switchdrive/Private/Documents/Master/1_S1/EmbHardw/mse_demo/software/sobel_work_bsp//libhal_bsp.a(alt_exception_entry.o)
 *(.exceptions.soft.user)
 *(.exceptions.soft)
 *(.exceptions.unknown.user)
 *(.exceptions.unknown)
 .exceptions.unknown
                0x0000000000000094       0x14 /run/media/leemarc/Shared/Switchdrive/Private/Documents/Master/1_S1/EmbHardw/mse_demo/software/sobel_work_bsp//libhal_bsp.a(alt_exception_entry.o)
 *(.exceptions.exit.label)
 .exceptions.exit.label
                0x00000000000000a8        0x0 /run/media/leemarc/Shared/Switchdrive/Private/Documents/Master/1_S1/EmbHardw/mse_demo/software/sobel_work_bsp//libhal_bsp.a(alt_irq_entry.o)
 .exceptions.exit.label
                0x00000000000000a8        0x0 /run/media/leemarc/Shared/Switchdrive/Private/Documents/Master/1_S1/EmbHardw/mse_demo/software/sobel_work_bsp//libhal_bsp.a(alt_exception_entry.o)
 *(.exceptions.exit.user)
 *(.exceptions.exit)
 .exceptions.exit
                0x00000000000000a8       0x54 /run/media/leemarc/Shared/Switchdrive/Private/Documents/Master/1_S1/EmbHardw/mse_demo/software/sobel_work_bsp//libhal_bsp.a(alt_exception_entry.o)
 *(.exceptions)
 .exceptions    0x00000000000000fc       0xd4 /run/media/leemarc/Shared/Switchdrive/Private/Documents/Master/1_S1/EmbHardw/mse_demo/software/sobel_work_bsp//libhal_bsp.a(alt_irq_handler.o)
                0x00000000000000fc                alt_irq_handler
 .exceptions    0x00000000000001d0       0x74 /run/media/leemarc/Shared/Switchdrive/Private/Documents/Master/1_S1/EmbHardw/mse_demo/software/sobel_work_bsp//libhal_bsp.a(alt_instruction_exception_entry.o)
                0x00000000000001d0                alt_instruction_exception_entry
                0x0000000000000244                PROVIDE (__ram_exceptions_end, ABSOLUTE (.))
                0x0000000000000020                PROVIDE (__flash_exceptions_start, LOADADDR (.exceptions))

.text           0x0000000000000244    0x11f1c
                [!provide]                        PROVIDE (stext, ABSOLUTE (.))
 *(.interp)
 *(.hash)
 *(.dynsym)
 *(.dynstr)
 *(.gnu.version)
 *(.gnu.version_d)
 *(.gnu.version_r)
 *(.rel.init)
 *(.rela.init)
 *(.rel.text .rel.text.* .rel.gnu.linkonce.t.*)
 *(.rela.text .rela.text.* .rela.gnu.linkonce.t.*)
 *(.rel.fini)
 *(.rela.fini)
 *(.rel.rodata .rel.rodata.* .rel.gnu.linkonce.r.*)
 *(.rela.rodata .rela.rodata.* .rela.gnu.linkonce.r.*)
 *(.rel.data .rel.data.* .rel.gnu.linkonce.d.*)
 *(.rela.data .rela.data.* .rela.gnu.linkonce.d.*)
 *(.rel.tdata .rel.tdata.* .rel.gnu.linkonce.td.*)
 *(.rela.tdata .rela.tdata.* .rela.gnu.linkonce.td.*)
 *(.rel.tbss .rel.tbss.* .rel.gnu.linkonce.tb.*)
 *(.rela.tbss .rela.tbss.* .rela.gnu.linkonce.tb.*)
 *(.rel.ctors)
 *(.rela.ctors)
 *(.rel.dtors)
 *(.rela.dtors)
 *(.rel.got)
 *(.rela.got)
 *(.rel.sdata .rel.sdata.* .rel.gnu.linkonce.s.*)
 *(.rela.sdata .rela.sdata.* .rela.gnu.linkonce.s.*)
 *(.rel.sbss .rel.sbss.* .rel.gnu.linkonce.sb.*)
 *(.rela.sbss .rela.sbss.* .rela.gnu.linkonce.sb.*)
 *(.rel.sdata2 .rel.sdata2.* .rel.gnu.linkonce.s2.*)
 *(.rela.sdata2 .rela.sdata2.* .rela.gnu.linkonce.s2.*)
 *(.rel.sbss2 .rel.sbss2.* .rel.gnu.linkonce.sb2.*)
 *(.rela.sbss2 .rela.sbss2.* .rela.gnu.linkonce.sb2.*)
 *(.rel.bss .rel.bss.* .rel.gnu.linkonce.b.*)
 *(.rela.bss .rela.bss.* .rela.gnu.linkonce.b.*)
 *(.rel.plt)
 *(.rela.plt)
 *(.rel.dyn)
 *(.init)
 *(.plt)
 *(.text .stub .text.* .gnu.linkonce.t.*)
 .text          0x0000000000000244       0x4c /run/media/leemarc/Shared/Switchdrive/Private/Documents/Master/1_S1/EmbHardw/mse_demo/software/sobel_work_bsp//obj/HAL/src/crt0.o
                0x0000000000000244                _start
 .text          0x0000000000000290      0x804 obj/default/camera.o
                0x0000000000000290                init_camera
                0x0000000000000774                cam_get_xsize
                0x00000000000007c0                cam_get_ysize
                0x000000000000080c                cam_get_profiling
                0x00000000000008b4                cam_set_image_pointer
                0x000000000000095c                current_image_valid
                0x0000000000000994                current_image_pointer
                0x00000000000009bc                take_picture_blocking
                0x0000000000000a0c                enable_continues_mode
                0x0000000000000a3c                new_image_available
 .text          0x0000000000000a94       0x30 obj/default/dipswitch.o
                0x0000000000000a94                DIPSW_get_value
 .text          0x0000000000000ac4      0x19c obj/default/grayscale.o
                0x0000000000000ac4                conv_grayscale
                0x0000000000000c00                get_grayscale_width
                0x0000000000000c20                get_grayscale_height
                0x0000000000000c40                get_grayscale_picture
 .text          0x0000000000000c60      0x214 obj/default/i2c.o
                0x0000000000000c60                i2c_busy_wait
                0x0000000000000c9c                i2c_auto_detect
                0x0000000000000d50                i2c_short_read
                0x0000000000000df0                i2c_short_write
 .text          0x0000000000000e74      0x434 obj/default/lcd_simple.o
                0x0000000000000e74                LCD_Write_Command
                0x0000000000000eb8                LCD_Write_Data
                0x0000000000000efc                init_LCD
                0x000000000000113c                transfer_LCD_no_dma
                0x00000000000011e0                transfer_LCD_with_dma
 .text          0x00000000000012a8      0x4e0 obj/default/main.o
                0x00000000000012a8                main
 .text          0x0000000000001788     0x15bc obj/default/sobel.o
                0x0000000000001788                init_sobel_arrays
                0x00000000000018f8                sobel_complete
                0x0000000000001dd0                sobel_mac
                0x0000000000001ed4                sobel_mac_unrollx
                0x0000000000002090                sobel_mac_unroll
                0x00000000000023d8                sobel_x
                0x00000000000024a0                sobel_x_inline
                0x000000000000261c                sobel_x_with_rgb
                0x0000000000002758                sobel_y
                0x0000000000002820                sobel_y_inline
                0x000000000000299c                sobel_y_with_rgb
                0x0000000000002ad8                sobel_threshold
                0x0000000000002bec                sobel_threshold128
                0x0000000000002d04                GetSobel_rgb
                0x0000000000002d24                GetSobelResult
 .text          0x0000000000002d44       0x6c obj/default/vga.o
                0x0000000000002d44                vga_set_pointer
                0x0000000000002d78                vga_set_swap
 .text          0x0000000000002db0        0x0 /home/leemarc/intelFPGA_lite/18.1/nios2eds/bin/gnu/H-x86_64-pc-linux-gnu/bin/../lib/gcc/nios2-elf/5.3.0/../../../../../H-x86_64-pc-linux-gnu/nios2-elf/lib/libc.a(lib_a-malloc.o)
 .text.malloc   0x0000000000002db0       0x14 /home/leemarc/intelFPGA_lite/18.1/nios2eds/bin/gnu/H-x86_64-pc-linux-gnu/bin/../lib/gcc/nios2-elf/5.3.0/../../../../../H-x86_64-pc-linux-gnu/nios2-elf/lib/libc.a(lib_a-malloc.o)
                0x0000000000002db0                malloc
 .text.free     0x0000000000002dc4       0x14 /home/leemarc/intelFPGA_lite/18.1/nios2eds/bin/gnu/H-x86_64-pc-linux-gnu/bin/../lib/gcc/nios2-elf/5.3.0/../../../../../H-x86_64-pc-linux-gnu/nios2-elf/lib/libc.a(lib_a-malloc.o)
                0x0000000000002dc4                free
 .text          0x0000000000002dd8        0x0 /home/leemarc/intelFPGA_lite/18.1/nios2eds/bin/gnu/H-x86_64-pc-linux-gnu/bin/../lib/gcc/nios2-elf/5.3.0/../../../../../H-x86_64-pc-linux-gnu/nios2-elf/lib/libc.a(lib_a-mallocr.o)
 .text._malloc_r
                0x0000000000002dd8      0x80c /home/leemarc/intelFPGA_lite/18.1/nios2eds/bin/gnu/H-x86_64-pc-linux-gnu/bin/../lib/gcc/nios2-elf/5.3.0/../../../../../H-x86_64-pc-linux-gnu/nios2-elf/lib/libc.a(lib_a-mallocr.o)
                0x0000000000002dd8                _malloc_r
 .text          0x00000000000035e4        0x0 /home/leemarc/intelFPGA_lite/18.1/nios2eds/bin/gnu/H-x86_64-pc-linux-gnu/bin/../lib/gcc/nios2-elf/5.3.0/../../../../../H-x86_64-pc-linux-gnu/nios2-elf/lib/libc.a(lib_a-printf.o)
 .text._printf_r
                0x00000000000035e4       0x30 /home/leemarc/intelFPGA_lite/18.1/nios2eds/bin/gnu/H-x86_64-pc-linux-gnu/bin/../lib/gcc/nios2-elf/5.3.0/../../../../../H-x86_64-pc-linux-gnu/nios2-elf/lib/libc.a(lib_a-printf.o)
                0x00000000000035e4                _printf_r
 .text.printf   0x0000000000003614       0x3c /home/leemarc/intelFPGA_lite/18.1/nios2eds/bin/gnu/H-x86_64-pc-linux-gnu/bin/../lib/gcc/nios2-elf/5.3.0/../../../../../H-x86_64-pc-linux-gnu/nios2-elf/lib/libc.a(lib_a-printf.o)
                0x0000000000003614                printf
 .text          0x0000000000003650        0x0 /home/leemarc/intelFPGA_lite/18.1/nios2eds/bin/gnu/H-x86_64-pc-linux-gnu/bin/../lib/gcc/nios2-elf/5.3.0/../../../../../H-x86_64-pc-linux-gnu/nios2-elf/lib/libc.a(lib_a-puts.o)
 .text._puts_r  0x0000000000003650       0xc0 /home/leemarc/intelFPGA_lite/18.1/nios2eds/bin/gnu/H-x86_64-pc-linux-gnu/bin/../lib/gcc/nios2-elf/5.3.0/../../../../../H-x86_64-pc-linux-gnu/nios2-elf/lib/libc.a(lib_a-puts.o)
                0x0000000000003650                _puts_r
 .text.puts     0x0000000000003710       0x14 /home/leemarc/intelFPGA_lite/18.1/nios2eds/bin/gnu/H-x86_64-pc-linux-gnu/bin/../lib/gcc/nios2-elf/5.3.0/../../../../../H-x86_64-pc-linux-gnu/nios2-elf/lib/libc.a(lib_a-puts.o)
                0x0000000000003710                puts
 .text          0x0000000000003724        0x0 /home/leemarc/intelFPGA_lite/18.1/nios2eds/bin/gnu/H-x86_64-pc-linux-gnu/bin/../lib/gcc/nios2-elf/5.3.0/../../../../../H-x86_64-pc-linux-gnu/nios2-elf/lib/libc.a(lib_a-sbrkr.o)
 .text._sbrk_r  0x0000000000003724       0x54 /home/leemarc/intelFPGA_lite/18.1/nios2eds/bin/gnu/H-x86_64-pc-linux-gnu/bin/../lib/gcc/nios2-elf/5.3.0/../../../../../H-x86_64-pc-linux-gnu/nios2-elf/lib/libc.a(lib_a-sbrkr.o)
                0x0000000000003724                _sbrk_r
 .text          0x0000000000003778        0x0 /home/leemarc/intelFPGA_lite/18.1/nios2eds/bin/gnu/H-x86_64-pc-linux-gnu/bin/../lib/gcc/nios2-elf/5.3.0/../../../../../H-x86_64-pc-linux-gnu/nios2-elf/lib/libc.a(lib_a-strlen.o)
 .text.strlen   0x0000000000003778       0x98 /home/leemarc/intelFPGA_lite/18.1/nios2eds/bin/gnu/H-x86_64-pc-linux-gnu/bin/../lib/gcc/nios2-elf/5.3.0/../../../../../H-x86_64-pc-linux-gnu/nios2-elf/lib/libc.a(lib_a-strlen.o)
                0x0000000000003778                strlen
 .text          0x0000000000003810        0x0 /home/leemarc/intelFPGA_lite/18.1/nios2eds/bin/gnu/H-x86_64-pc-linux-gnu/bin/../lib/gcc/nios2-elf/5.3.0/../../../../../H-x86_64-pc-linux-gnu/nios2-elf/lib/libc.a(lib_a-vfprintf.o)
 .text.___vfprintf_internal_r
                0x0000000000003810     0x21f8 /home/leemarc/intelFPGA_lite/18.1/nios2eds/bin/gnu/H-x86_64-pc-linux-gnu/bin/../lib/gcc/nios2-elf/5.3.0/../../../../../H-x86_64-pc-linux-gnu/nios2-elf/lib/libc.a(lib_a-vfprintf.o)
                0x0000000000003810                ___vfprintf_internal_r
 .text.__vfprintf_internal
                0x0000000000005a08       0x1c /home/leemarc/intelFPGA_lite/18.1/nios2eds/bin/gnu/H-x86_64-pc-linux-gnu/bin/../lib/gcc/nios2-elf/5.3.0/../../../../../H-x86_64-pc-linux-gnu/nios2-elf/lib/libc.a(lib_a-vfprintf.o)
                0x0000000000005a08                __vfprintf_internal
 .text.__sbprintf
                0x0000000000005a24       0xbc /home/leemarc/intelFPGA_lite/18.1/nios2eds/bin/gnu/H-x86_64-pc-linux-gnu/bin/../lib/gcc/nios2-elf/5.3.0/../../../../../H-x86_64-pc-linux-gnu/nios2-elf/lib/libc.a(lib_a-vfprintf.o)
 .text          0x0000000000005ae0        0x0 /home/leemarc/intelFPGA_lite/18.1/nios2eds/bin/gnu/H-x86_64-pc-linux-gnu/bin/../lib/gcc/nios2-elf/5.3.0/../../../../../H-x86_64-pc-linux-gnu/nios2-elf/lib/libc.a(lib_a-wsetup.o)
 .text.__swsetup_r
                0x0000000000005ae0      0x154 /home/leemarc/intelFPGA_lite/18.1/nios2eds/bin/gnu/H-x86_64-pc-linux-gnu/bin/../lib/gcc/nios2-elf/5.3.0/../../../../../H-x86_64-pc-linux-gnu/nios2-elf/lib/libc.a(lib_a-wsetup.o)
                0x0000000000005ae0                __swsetup_r
 .text          0x0000000000005c34        0x0 /home/leemarc/intelFPGA_lite/18.1/nios2eds/bin/gnu/H-x86_64-pc-linux-gnu/bin/../lib/gcc/nios2-elf/5.3.0/../../../../../H-x86_64-pc-linux-gnu/nios2-elf/lib/libc.a(lib_a-dtoa.o)
 .text.quorem   0x0000000000005c34      0x200 /home/leemarc/intelFPGA_lite/18.1/nios2eds/bin/gnu/H-x86_64-pc-linux-gnu/bin/../lib/gcc/nios2-elf/5.3.0/../../../../../H-x86_64-pc-linux-gnu/nios2-elf/lib/libc.a(lib_a-dtoa.o)
 .text._dtoa_r  0x0000000000005e34     0x1688 /home/leemarc/intelFPGA_lite/18.1/nios2eds/bin/gnu/H-x86_64-pc-linux-gnu/bin/../lib/gcc/nios2-elf/5.3.0/../../../../../H-x86_64-pc-linux-gnu/nios2-elf/lib/libc.a(lib_a-dtoa.o)
                0x0000000000005e34                _dtoa_r
 .text          0x00000000000074bc        0x0 /home/leemarc/intelFPGA_lite/18.1/nios2eds/bin/gnu/H-x86_64-pc-linux-gnu/bin/../lib/gcc/nios2-elf/5.3.0/../../../../../H-x86_64-pc-linux-gnu/nios2-elf/lib/libc.a(lib_a-fflush.o)
 .text.__sflush_r
                0x00000000000074bc      0x21c /home/leemarc/intelFPGA_lite/18.1/nios2eds/bin/gnu/H-x86_64-pc-linux-gnu/bin/../lib/gcc/nios2-elf/5.3.0/../../../../../H-x86_64-pc-linux-gnu/nios2-elf/lib/libc.a(lib_a-fflush.o)
                0x00000000000074bc                __sflush_r
 .text._fflush_r
                0x00000000000076d8       0x5c /home/leemarc/intelFPGA_lite/18.1/nios2eds/bin/gnu/H-x86_64-pc-linux-gnu/bin/../lib/gcc/nios2-elf/5.3.0/../../../../../H-x86_64-pc-linux-gnu/nios2-elf/lib/libc.a(lib_a-fflush.o)
                0x00000000000076d8                _fflush_r
 .text.fflush   0x0000000000007734       0x30 /home/leemarc/intelFPGA_lite/18.1/nios2eds/bin/gnu/H-x86_64-pc-linux-gnu/bin/../lib/gcc/nios2-elf/5.3.0/../../../../../H-x86_64-pc-linux-gnu/nios2-elf/lib/libc.a(lib_a-fflush.o)
                0x0000000000007734                fflush
 .text          0x0000000000007764        0x0 /home/leemarc/intelFPGA_lite/18.1/nios2eds/bin/gnu/H-x86_64-pc-linux-gnu/bin/../lib/gcc/nios2-elf/5.3.0/../../../../../H-x86_64-pc-linux-gnu/nios2-elf/lib/libc.a(lib_a-findfp.o)
 .text.__fp_unlock
                0x0000000000007764        0x8 /home/leemarc/intelFPGA_lite/18.1/nios2eds/bin/gnu/H-x86_64-pc-linux-gnu/bin/../lib/gcc/nios2-elf/5.3.0/../../../../../H-x86_64-pc-linux-gnu/nios2-elf/lib/libc.a(lib_a-findfp.o)
 .text._cleanup_r
                0x000000000000776c        0xc /home/leemarc/intelFPGA_lite/18.1/nios2eds/bin/gnu/H-x86_64-pc-linux-gnu/bin/../lib/gcc/nios2-elf/5.3.0/../../../../../H-x86_64-pc-linux-gnu/nios2-elf/lib/libc.a(lib_a-findfp.o)
                0x000000000000776c                _cleanup_r
 .text.__sinit.part.1
                0x0000000000007778      0x19c /home/leemarc/intelFPGA_lite/18.1/nios2eds/bin/gnu/H-x86_64-pc-linux-gnu/bin/../lib/gcc/nios2-elf/5.3.0/../../../../../H-x86_64-pc-linux-gnu/nios2-elf/lib/libc.a(lib_a-findfp.o)
 .text.__fp_lock
                0x0000000000007914        0x8 /home/leemarc/intelFPGA_lite/18.1/nios2eds/bin/gnu/H-x86_64-pc-linux-gnu/bin/../lib/gcc/nios2-elf/5.3.0/../../../../../H-x86_64-pc-linux-gnu/nios2-elf/lib/libc.a(lib_a-findfp.o)
 .text.__sfmoreglue
                0x000000000000791c       0x68 /home/leemarc/intelFPGA_lite/18.1/nios2eds/bin/gnu/H-x86_64-pc-linux-gnu/bin/../lib/gcc/nios2-elf/5.3.0/../../../../../H-x86_64-pc-linux-gnu/nios2-elf/lib/libc.a(lib_a-findfp.o)
                0x000000000000791c                __sfmoreglue
 .text.__sfp    0x0000000000007984      0x118 /home/leemarc/intelFPGA_lite/18.1/nios2eds/bin/gnu/H-x86_64-pc-linux-gnu/bin/../lib/gcc/nios2-elf/5.3.0/../../../../../H-x86_64-pc-linux-gnu/nios2-elf/lib/libc.a(lib_a-findfp.o)
                0x0000000000007984                __sfp
 .text._cleanup
                0x0000000000007a9c       0x18 /home/leemarc/intelFPGA_lite/18.1/nios2eds/bin/gnu/H-x86_64-pc-linux-gnu/bin/../lib/gcc/nios2-elf/5.3.0/../../../../../H-x86_64-pc-linux-gnu/nios2-elf/lib/libc.a(lib_a-findfp.o)
                0x0000000000007a9c                _cleanup
 .text.__sinit  0x0000000000007ab4       0x10 /home/leemarc/intelFPGA_lite/18.1/nios2eds/bin/gnu/H-x86_64-pc-linux-gnu/bin/../lib/gcc/nios2-elf/5.3.0/../../../../../H-x86_64-pc-linux-gnu/nios2-elf/lib/libc.a(lib_a-findfp.o)
                0x0000000000007ab4                __sinit
 .text.__sfp_lock_acquire
                0x0000000000007ac4        0x4 /home/leemarc/intelFPGA_lite/18.1/nios2eds/bin/gnu/H-x86_64-pc-linux-gnu/bin/../lib/gcc/nios2-elf/5.3.0/../../../../../H-x86_64-pc-linux-gnu/nios2-elf/lib/libc.a(lib_a-findfp.o)
                0x0000000000007ac4                __sfp_lock_acquire
 .text.__sfp_lock_release
                0x0000000000007ac8        0x4 /home/leemarc/intelFPGA_lite/18.1/nios2eds/bin/gnu/H-x86_64-pc-linux-gnu/bin/../lib/gcc/nios2-elf/5.3.0/../../../../../H-x86_64-pc-linux-gnu/nios2-elf/lib/libc.a(lib_a-findfp.o)
                0x0000000000007ac8                __sfp_lock_release
 .text.__sinit_lock_acquire
                0x0000000000007acc        0x4 /home/leemarc/intelFPGA_lite/18.1/nios2eds/bin/gnu/H-x86_64-pc-linux-gnu/bin/../lib/gcc/nios2-elf/5.3.0/../../../../../H-x86_64-pc-linux-gnu/nios2-elf/lib/libc.a(lib_a-findfp.o)
                0x0000000000007acc                __sinit_lock_acquire
 .text.__sinit_lock_release
                0x0000000000007ad0        0x4 /home/leemarc/intelFPGA_lite/18.1/nios2eds/bin/gnu/H-x86_64-pc-linux-gnu/bin/../lib/gcc/nios2-elf/5.3.0/../../../../../H-x86_64-pc-linux-gnu/nios2-elf/lib/libc.a(lib_a-findfp.o)
                0x0000000000007ad0                __sinit_lock_release
 .text.__fp_lock_all
                0x0000000000007ad4       0x18 /home/leemarc/intelFPGA_lite/18.1/nios2eds/bin/gnu/H-x86_64-pc-linux-gnu/bin/../lib/gcc/nios2-elf/5.3.0/../../../../../H-x86_64-pc-linux-gnu/nios2-elf/lib/libc.a(lib_a-findfp.o)
                0x0000000000007ad4                __fp_lock_all
 .text.__fp_unlock_all
                0x0000000000007aec       0x18 /home/leemarc/intelFPGA_lite/18.1/nios2eds/bin/gnu/H-x86_64-pc-linux-gnu/bin/../lib/gcc/nios2-elf/5.3.0/../../../../../H-x86_64-pc-linux-gnu/nios2-elf/lib/libc.a(lib_a-findfp.o)
                0x0000000000007aec                __fp_unlock_all
 .text          0x0000000000007b04        0x0 /home/leemarc/intelFPGA_lite/18.1/nios2eds/bin/gnu/H-x86_64-pc-linux-gnu/bin/../lib/gcc/nios2-elf/5.3.0/../../../../../H-x86_64-pc-linux-gnu/nios2-elf/lib/libc.a(lib_a-freer.o)
 .text._malloc_trim_r
                0x0000000000007b04      0x124 /home/leemarc/intelFPGA_lite/18.1/nios2eds/bin/gnu/H-x86_64-pc-linux-gnu/bin/../lib/gcc/nios2-elf/5.3.0/../../../../../H-x86_64-pc-linux-gnu/nios2-elf/lib/libc.a(lib_a-freer.o)
                0x0000000000007b04                _malloc_trim_r
 .text._free_r  0x0000000000007c28      0x310 /home/leemarc/intelFPGA_lite/18.1/nios2eds/bin/gnu/H-x86_64-pc-linux-gnu/bin/../lib/gcc/nios2-elf/5.3.0/../../../../../H-x86_64-pc-linux-gnu/nios2-elf/lib/libc.a(lib_a-freer.o)
                0x0000000000007c28                _free_r
 .text          0x0000000000007f38        0x0 /home/leemarc/intelFPGA_lite/18.1/nios2eds/bin/gnu/H-x86_64-pc-linux-gnu/bin/../lib/gcc/nios2-elf/5.3.0/../../../../../H-x86_64-pc-linux-gnu/nios2-elf/lib/libc.a(lib_a-fvwrite.o)
 .text.__sfvwrite_r
                0x0000000000007f38      0x4bc /home/leemarc/intelFPGA_lite/18.1/nios2eds/bin/gnu/H-x86_64-pc-linux-gnu/bin/../lib/gcc/nios2-elf/5.3.0/../../../../../H-x86_64-pc-linux-gnu/nios2-elf/lib/libc.a(lib_a-fvwrite.o)
                0x0000000000007f38                __sfvwrite_r
 .text          0x00000000000083f4        0x0 /home/leemarc/intelFPGA_lite/18.1/nios2eds/bin/gnu/H-x86_64-pc-linux-gnu/bin/../lib/gcc/nios2-elf/5.3.0/../../../../../H-x86_64-pc-linux-gnu/nios2-elf/lib/libc.a(lib_a-fwalk.o)
 .text._fwalk   0x00000000000083f4       0xc4 /home/leemarc/intelFPGA_lite/18.1/nios2eds/bin/gnu/H-x86_64-pc-linux-gnu/bin/../lib/gcc/nios2-elf/5.3.0/../../../../../H-x86_64-pc-linux-gnu/nios2-elf/lib/libc.a(lib_a-fwalk.o)
                0x00000000000083f4                _fwalk
 .text._fwalk_reent
                0x00000000000084b8       0xc4 /home/leemarc/intelFPGA_lite/18.1/nios2eds/bin/gnu/H-x86_64-pc-linux-gnu/bin/../lib/gcc/nios2-elf/5.3.0/../../../../../H-x86_64-pc-linux-gnu/nios2-elf/lib/libc.a(lib_a-fwalk.o)
                0x00000000000084b8                _fwalk_reent
 .text          0x000000000000857c        0x0 /home/leemarc/intelFPGA_lite/18.1/nios2eds/bin/gnu/H-x86_64-pc-linux-gnu/bin/../lib/gcc/nios2-elf/5.3.0/../../../../../H-x86_64-pc-linux-gnu/nios2-elf/lib/libc.a(lib_a-impure.o)
 .text          0x000000000000857c        0x0 /home/leemarc/intelFPGA_lite/18.1/nios2eds/bin/gnu/H-x86_64-pc-linux-gnu/bin/../lib/gcc/nios2-elf/5.3.0/../../../../../H-x86_64-pc-linux-gnu/nios2-elf/lib/libc.a(lib_a-int_errno.o)
 .text          0x000000000000857c        0x0 /home/leemarc/intelFPGA_lite/18.1/nios2eds/bin/gnu/H-x86_64-pc-linux-gnu/bin/../lib/gcc/nios2-elf/5.3.0/../../../../../H-x86_64-pc-linux-gnu/nios2-elf/lib/libc.a(lib_a-locale.o)
 .text._setlocale_r
                0x000000000000857c       0x7c /home/leemarc/intelFPGA_lite/18.1/nios2eds/bin/gnu/H-x86_64-pc-linux-gnu/bin/../lib/gcc/nios2-elf/5.3.0/../../../../../H-x86_64-pc-linux-gnu/nios2-elf/lib/libc.a(lib_a-locale.o)
                0x000000000000857c                _setlocale_r
 .text.__locale_charset
                0x00000000000085f8        0xc /home/leemarc/intelFPGA_lite/18.1/nios2eds/bin/gnu/H-x86_64-pc-linux-gnu/bin/../lib/gcc/nios2-elf/5.3.0/../../../../../H-x86_64-pc-linux-gnu/nios2-elf/lib/libc.a(lib_a-locale.o)
                0x00000000000085f8                __locale_charset
 .text.__locale_mb_cur_max
                0x0000000000008604       0x10 /home/leemarc/intelFPGA_lite/18.1/nios2eds/bin/gnu/H-x86_64-pc-linux-gnu/bin/../lib/gcc/nios2-elf/5.3.0/../../../../../H-x86_64-pc-linux-gnu/nios2-elf/lib/libc.a(lib_a-locale.o)
                0x0000000000008604                __locale_mb_cur_max
 .text.__locale_msgcharset
                0x0000000000008614        0xc /home/leemarc/intelFPGA_lite/18.1/nios2eds/bin/gnu/H-x86_64-pc-linux-gnu/bin/../lib/gcc/nios2-elf/5.3.0/../../../../../H-x86_64-pc-linux-gnu/nios2-elf/lib/libc.a(lib_a-locale.o)
                0x0000000000008614                __locale_msgcharset
 .text.__locale_cjk_lang
                0x0000000000008620        0x8 /home/leemarc/intelFPGA_lite/18.1/nios2eds/bin/gnu/H-x86_64-pc-linux-gnu/bin/../lib/gcc/nios2-elf/5.3.0/../../../../../H-x86_64-pc-linux-gnu/nios2-elf/lib/libc.a(lib_a-locale.o)
                0x0000000000008620                __locale_cjk_lang
 .text._localeconv_r
                0x0000000000008628        0xc /home/leemarc/intelFPGA_lite/18.1/nios2eds/bin/gnu/H-x86_64-pc-linux-gnu/bin/../lib/gcc/nios2-elf/5.3.0/../../../../../H-x86_64-pc-linux-gnu/nios2-elf/lib/libc.a(lib_a-locale.o)
                0x0000000000008628                _localeconv_r
 .text.setlocale
                0x0000000000008634       0x18 /home/leemarc/intelFPGA_lite/18.1/nios2eds/bin/gnu/H-x86_64-pc-linux-gnu/bin/../lib/gcc/nios2-elf/5.3.0/../../../../../H-x86_64-pc-linux-gnu/nios2-elf/lib/libc.a(lib_a-locale.o)
                0x0000000000008634                setlocale
 .text.localeconv
                0x000000000000864c        0xc /home/leemarc/intelFPGA_lite/18.1/nios2eds/bin/gnu/H-x86_64-pc-linux-gnu/bin/../lib/gcc/nios2-elf/5.3.0/../../../../../H-x86_64-pc-linux-gnu/nios2-elf/lib/libc.a(lib_a-locale.o)
                0x000000000000864c                localeconv
 .text          0x0000000000008658        0x0 /home/leemarc/intelFPGA_lite/18.1/nios2eds/bin/gnu/H-x86_64-pc-linux-gnu/bin/../lib/gcc/nios2-elf/5.3.0/../../../../../H-x86_64-pc-linux-gnu/nios2-elf/lib/libc.a(lib_a-makebuf.o)
 .text.__smakebuf_r
                0x0000000000008658      0x1bc /home/leemarc/intelFPGA_lite/18.1/nios2eds/bin/gnu/H-x86_64-pc-linux-gnu/bin/../lib/gcc/nios2-elf/5.3.0/../../../../../H-x86_64-pc-linux-gnu/nios2-elf/lib/libc.a(lib_a-makebuf.o)
                0x0000000000008658                __smakebuf_r
 .text          0x0000000000008814        0x0 /home/leemarc/intelFPGA_lite/18.1/nios2eds/bin/gnu/H-x86_64-pc-linux-gnu/bin/../lib/gcc/nios2-elf/5.3.0/../../../../../H-x86_64-pc-linux-gnu/nios2-elf/lib/libc.a(lib_a-memchr.o)
 .text.memchr   0x0000000000008814       0xe4 /home/leemarc/intelFPGA_lite/18.1/nios2eds/bin/gnu/H-x86_64-pc-linux-gnu/bin/../lib/gcc/nios2-elf/5.3.0/../../../../../H-x86_64-pc-linux-gnu/nios2-elf/lib/libc.a(lib_a-memchr.o)
                0x0000000000008814                memchr
 .text          0x00000000000088f8        0x0 /home/leemarc/intelFPGA_lite/18.1/nios2eds/bin/gnu/H-x86_64-pc-linux-gnu/bin/../lib/gcc/nios2-elf/5.3.0/../../../../../H-x86_64-pc-linux-gnu/nios2-elf/lib/libc.a(lib_a-memcpy.o)
 .text.memcpy   0x00000000000088f8      0x148 /home/leemarc/intelFPGA_lite/18.1/nios2eds/bin/gnu/H-x86_64-pc-linux-gnu/bin/../lib/gcc/nios2-elf/5.3.0/../../../../../H-x86_64-pc-linux-gnu/nios2-elf/lib/libc.a(lib_a-memcpy.o)
                0x00000000000088f8                memcpy
 .text          0x0000000000008a40        0x0 /home/leemarc/intelFPGA_lite/18.1/nios2eds/bin/gnu/H-x86_64-pc-linux-gnu/bin/../lib/gcc/nios2-elf/5.3.0/../../../../../H-x86_64-pc-linux-gnu/nios2-elf/lib/libc.a(lib_a-memmove.o)
 .text.memmove  0x0000000000008a40      0x15c /home/leemarc/intelFPGA_lite/18.1/nios2eds/bin/gnu/H-x86_64-pc-linux-gnu/bin/../lib/gcc/nios2-elf/5.3.0/../../../../../H-x86_64-pc-linux-gnu/nios2-elf/lib/libc.a(lib_a-memmove.o)
                0x0000000000008a40                memmove
 .text          0x0000000000008b9c        0x0 /home/leemarc/intelFPGA_lite/18.1/nios2eds/bin/gnu/H-x86_64-pc-linux-gnu/bin/../lib/gcc/nios2-elf/5.3.0/../../../../../H-x86_64-pc-linux-gnu/nios2-elf/lib/libc.a(lib_a-memset.o)
 .text.memset   0x0000000000008b9c      0x128 /home/leemarc/intelFPGA_lite/18.1/nios2eds/bin/gnu/H-x86_64-pc-linux-gnu/bin/../lib/gcc/nios2-elf/5.3.0/../../../../../H-x86_64-pc-linux-gnu/nios2-elf/lib/libc.a(lib_a-memset.o)
                0x0000000000008b9c                memset
 .text          0x0000000000008cc4        0x0 /home/leemarc/intelFPGA_lite/18.1/nios2eds/bin/gnu/H-x86_64-pc-linux-gnu/bin/../lib/gcc/nios2-elf/5.3.0/../../../../../H-x86_64-pc-linux-gnu/nios2-elf/lib/libc.a(lib_a-mprec.o)
 .text._Balloc  0x0000000000008cc4       0xa8 /home/leemarc/intelFPGA_lite/18.1/nios2eds/bin/gnu/H-x86_64-pc-linux-gnu/bin/../lib/gcc/nios2-elf/5.3.0/../../../../../H-x86_64-pc-linux-gnu/nios2-elf/lib/libc.a(lib_a-mprec.o)
                0x0000000000008cc4                _Balloc
 .text._Bfree   0x0000000000008d6c       0x28 /home/leemarc/intelFPGA_lite/18.1/nios2eds/bin/gnu/H-x86_64-pc-linux-gnu/bin/../lib/gcc/nios2-elf/5.3.0/../../../../../H-x86_64-pc-linux-gnu/nios2-elf/lib/libc.a(lib_a-mprec.o)
                0x0000000000008d6c                _Bfree
 .text.__multadd
                0x0000000000008d94      0x120 /home/leemarc/intelFPGA_lite/18.1/nios2eds/bin/gnu/H-x86_64-pc-linux-gnu/bin/../lib/gcc/nios2-elf/5.3.0/../../../../../H-x86_64-pc-linux-gnu/nios2-elf/lib/libc.a(lib_a-mprec.o)
                0x0000000000008d94                __multadd
 .text.__s2b    0x0000000000008eb4      0x104 /home/leemarc/intelFPGA_lite/18.1/nios2eds/bin/gnu/H-x86_64-pc-linux-gnu/bin/../lib/gcc/nios2-elf/5.3.0/../../../../../H-x86_64-pc-linux-gnu/nios2-elf/lib/libc.a(lib_a-mprec.o)
                0x0000000000008eb4                __s2b
 .text.__hi0bits
                0x0000000000008fb8       0x68 /home/leemarc/intelFPGA_lite/18.1/nios2eds/bin/gnu/H-x86_64-pc-linux-gnu/bin/../lib/gcc/nios2-elf/5.3.0/../../../../../H-x86_64-pc-linux-gnu/nios2-elf/lib/libc.a(lib_a-mprec.o)
                0x0000000000008fb8                __hi0bits
 .text.__lo0bits
                0x0000000000009020       0xb0 /home/leemarc/intelFPGA_lite/18.1/nios2eds/bin/gnu/H-x86_64-pc-linux-gnu/bin/../lib/gcc/nios2-elf/5.3.0/../../../../../H-x86_64-pc-linux-gnu/nios2-elf/lib/libc.a(lib_a-mprec.o)
                0x0000000000009020                __lo0bits
 .text.__i2b    0x00000000000090d0       0x3c /home/leemarc/intelFPGA_lite/18.1/nios2eds/bin/gnu/H-x86_64-pc-linux-gnu/bin/../lib/gcc/nios2-elf/5.3.0/../../../../../H-x86_64-pc-linux-gnu/nios2-elf/lib/libc.a(lib_a-mprec.o)
                0x00000000000090d0                __i2b
 .text.__multiply
                0x000000000000910c      0x1f8 /home/leemarc/intelFPGA_lite/18.1/nios2eds/bin/gnu/H-x86_64-pc-linux-gnu/bin/../lib/gcc/nios2-elf/5.3.0/../../../../../H-x86_64-pc-linux-gnu/nios2-elf/lib/libc.a(lib_a-mprec.o)
                0x000000000000910c                __multiply
 .text.__pow5mult
                0x0000000000009304      0x140 /home/leemarc/intelFPGA_lite/18.1/nios2eds/bin/gnu/H-x86_64-pc-linux-gnu/bin/../lib/gcc/nios2-elf/5.3.0/../../../../../H-x86_64-pc-linux-gnu/nios2-elf/lib/libc.a(lib_a-mprec.o)
                0x0000000000009304                __pow5mult
 .text.__lshift
                0x0000000000009444      0x148 /home/leemarc/intelFPGA_lite/18.1/nios2eds/bin/gnu/H-x86_64-pc-linux-gnu/bin/../lib/gcc/nios2-elf/5.3.0/../../../../../H-x86_64-pc-linux-gnu/nios2-elf/lib/libc.a(lib_a-mprec.o)
                0x0000000000009444                __lshift
 .text.__mcmp   0x000000000000958c       0x60 /home/leemarc/intelFPGA_lite/18.1/nios2eds/bin/gnu/H-x86_64-pc-linux-gnu/bin/../lib/gcc/nios2-elf/5.3.0/../../../../../H-x86_64-pc-linux-gnu/nios2-elf/lib/libc.a(lib_a-mprec.o)
                0x000000000000958c                __mcmp
 .text.__mdiff  0x00000000000095ec      0x1fc /home/leemarc/intelFPGA_lite/18.1/nios2eds/bin/gnu/H-x86_64-pc-linux-gnu/bin/../lib/gcc/nios2-elf/5.3.0/../../../../../H-x86_64-pc-linux-gnu/nios2-elf/lib/libc.a(lib_a-mprec.o)
                0x00000000000095ec                __mdiff
 .text.__ulp    0x00000000000097e8       0x64 /home/leemarc/intelFPGA_lite/18.1/nios2eds/bin/gnu/H-x86_64-pc-linux-gnu/bin/../lib/gcc/nios2-elf/5.3.0/../../../../../H-x86_64-pc-linux-gnu/nios2-elf/lib/libc.a(lib_a-mprec.o)
                0x00000000000097e8                __ulp
 .text.__b2d    0x000000000000984c      0x10c /home/leemarc/intelFPGA_lite/18.1/nios2eds/bin/gnu/H-x86_64-pc-linux-gnu/bin/../lib/gcc/nios2-elf/5.3.0/../../../../../H-x86_64-pc-linux-gnu/nios2-elf/lib/libc.a(lib_a-mprec.o)
                0x000000000000984c                __b2d
 .text.__d2b    0x0000000000009958      0x14c /home/leemarc/intelFPGA_lite/18.1/nios2eds/bin/gnu/H-x86_64-pc-linux-gnu/bin/../lib/gcc/nios2-elf/5.3.0/../../../../../H-x86_64-pc-linux-gnu/nios2-elf/lib/libc.a(lib_a-mprec.o)
                0x0000000000009958                __d2b
 .text.__ratio  0x0000000000009aa4       0xa4 /home/leemarc/intelFPGA_lite/18.1/nios2eds/bin/gnu/H-x86_64-pc-linux-gnu/bin/../lib/gcc/nios2-elf/5.3.0/../../../../../H-x86_64-pc-linux-gnu/nios2-elf/lib/libc.a(lib_a-mprec.o)
                0x0000000000009aa4                __ratio
 .text._mprec_log10
                0x0000000000009b48       0x74 /home/leemarc/intelFPGA_lite/18.1/nios2eds/bin/gnu/H-x86_64-pc-linux-gnu/bin/../lib/gcc/nios2-elf/5.3.0/../../../../../H-x86_64-pc-linux-gnu/nios2-elf/lib/libc.a(lib_a-mprec.o)
                0x0000000000009b48                _mprec_log10
 .text.__copybits
                0x0000000000009bbc       0x78 /home/leemarc/intelFPGA_lite/18.1/nios2eds/bin/gnu/H-x86_64-pc-linux-gnu/bin/../lib/gcc/nios2-elf/5.3.0/../../../../../H-x86_64-pc-linux-gnu/nios2-elf/lib/libc.a(lib_a-mprec.o)
                0x0000000000009bbc                __copybits
 .text.__any_on
                0x0000000000009c34       0x8c /home/leemarc/intelFPGA_lite/18.1/nios2eds/bin/gnu/H-x86_64-pc-linux-gnu/bin/../lib/gcc/nios2-elf/5.3.0/../../../../../H-x86_64-pc-linux-gnu/nios2-elf/lib/libc.a(lib_a-mprec.o)
                0x0000000000009c34                __any_on
 .text          0x0000000000009cc0        0x0 /home/leemarc/intelFPGA_lite/18.1/nios2eds/bin/gnu/H-x86_64-pc-linux-gnu/bin/../lib/gcc/nios2-elf/5.3.0/../../../../../H-x86_64-pc-linux-gnu/nios2-elf/lib/libc.a(lib_a-reallocr.o)
 .text._realloc_r
                0x0000000000009cc0      0x564 /home/leemarc/intelFPGA_lite/18.1/nios2eds/bin/gnu/H-x86_64-pc-linux-gnu/bin/../lib/gcc/nios2-elf/5.3.0/../../../../../H-x86_64-pc-linux-gnu/nios2-elf/lib/libc.a(lib_a-reallocr.o)
                0x0000000000009cc0                _realloc_r
 .text          0x000000000000a224        0x0 /home/leemarc/intelFPGA_lite/18.1/nios2eds/bin/gnu/H-x86_64-pc-linux-gnu/bin/../lib/gcc/nios2-elf/5.3.0/../../../../../H-x86_64-pc-linux-gnu/nios2-elf/lib/libc.a(lib_a-s_fpclassify.o)
 .text.__fpclassifyd
                0x000000000000a224       0x74 /home/leemarc/intelFPGA_lite/18.1/nios2eds/bin/gnu/H-x86_64-pc-linux-gnu/bin/../lib/gcc/nios2-elf/5.3.0/../../../../../H-x86_64-pc-linux-gnu/nios2-elf/lib/libc.a(lib_a-s_fpclassify.o)
                0x000000000000a224                __fpclassifyd
 .text          0x000000000000a298        0x0 /home/leemarc/intelFPGA_lite/18.1/nios2eds/bin/gnu/H-x86_64-pc-linux-gnu/bin/../lib/gcc/nios2-elf/5.3.0/../../../../../H-x86_64-pc-linux-gnu/nios2-elf/lib/libc.a(lib_a-stdio.o)
 .text.__sread  0x000000000000a298       0x54 /home/leemarc/intelFPGA_lite/18.1/nios2eds/bin/gnu/H-x86_64-pc-linux-gnu/bin/../lib/gcc/nios2-elf/5.3.0/../../../../../H-x86_64-pc-linux-gnu/nios2-elf/lib/libc.a(lib_a-stdio.o)
                0x000000000000a298                __sread
 .text.__seofread
                0x000000000000a2ec        0x8 /home/leemarc/intelFPGA_lite/18.1/nios2eds/bin/gnu/H-x86_64-pc-linux-gnu/bin/../lib/gcc/nios2-elf/5.3.0/../../../../../H-x86_64-pc-linux-gnu/nios2-elf/lib/libc.a(lib_a-stdio.o)
                0x000000000000a2ec                __seofread
 .text.__swrite
                0x000000000000a2f4       0x7c /home/leemarc/intelFPGA_lite/18.1/nios2eds/bin/gnu/H-x86_64-pc-linux-gnu/bin/../lib/gcc/nios2-elf/5.3.0/../../../../../H-x86_64-pc-linux-gnu/nios2-elf/lib/libc.a(lib_a-stdio.o)
                0x000000000000a2f4                __swrite
 .text.__sseek  0x000000000000a370       0x5c /home/leemarc/intelFPGA_lite/18.1/nios2eds/bin/gnu/H-x86_64-pc-linux-gnu/bin/../lib/gcc/nios2-elf/5.3.0/../../../../../H-x86_64-pc-linux-gnu/nios2-elf/lib/libc.a(lib_a-stdio.o)
                0x000000000000a370                __sseek
 .text.__sclose
                0x000000000000a3cc        0x8 /home/leemarc/intelFPGA_lite/18.1/nios2eds/bin/gnu/H-x86_64-pc-linux-gnu/bin/../lib/gcc/nios2-elf/5.3.0/../../../../../H-x86_64-pc-linux-gnu/nios2-elf/lib/libc.a(lib_a-stdio.o)
                0x000000000000a3cc                __sclose
 .text          0x000000000000a3d4        0x0 /home/leemarc/intelFPGA_lite/18.1/nios2eds/bin/gnu/H-x86_64-pc-linux-gnu/bin/../lib/gcc/nios2-elf/5.3.0/../../../../../H-x86_64-pc-linux-gnu/nios2-elf/lib/libc.a(lib_a-strcmp.o)
 .text.strcmp   0x000000000000a3d4       0xdc /home/leemarc/intelFPGA_lite/18.1/nios2eds/bin/gnu/H-x86_64-pc-linux-gnu/bin/../lib/gcc/nios2-elf/5.3.0/../../../../../H-x86_64-pc-linux-gnu/nios2-elf/lib/libc.a(lib_a-strcmp.o)
                0x000000000000a3d4                strcmp
 .text          0x000000000000a4b0        0x0 /home/leemarc/intelFPGA_lite/18.1/nios2eds/bin/gnu/H-x86_64-pc-linux-gnu/bin/../lib/gcc/nios2-elf/5.3.0/../../../../../H-x86_64-pc-linux-gnu/nios2-elf/lib/libc.a(lib_a-vfiprintf.o)
 .text.__sprint_r.part.0
                0x000000000000a4b0       0xfc /home/leemarc/intelFPGA_lite/18.1/nios2eds/bin/gnu/H-x86_64-pc-linux-gnu/bin/../lib/gcc/nios2-elf/5.3.0/../../../../../H-x86_64-pc-linux-gnu/nios2-elf/lib/libc.a(lib_a-vfiprintf.o)
 .text.__sprint_r
                0x000000000000a5ac       0x18 /home/leemarc/intelFPGA_lite/18.1/nios2eds/bin/gnu/H-x86_64-pc-linux-gnu/bin/../lib/gcc/nios2-elf/5.3.0/../../../../../H-x86_64-pc-linux-gnu/nios2-elf/lib/libc.a(lib_a-vfiprintf.o)
                0x000000000000a5ac                __sprint_r
 .text.___vfiprintf_internal_r
                0x000000000000a5c4     0x145c /home/leemarc/intelFPGA_lite/18.1/nios2eds/bin/gnu/H-x86_64-pc-linux-gnu/bin/../lib/gcc/nios2-elf/5.3.0/../../../../../H-x86_64-pc-linux-gnu/nios2-elf/lib/libc.a(lib_a-vfiprintf.o)
                0x000000000000a5c4                ___vfiprintf_internal_r
 .text.__vfiprintf_internal
                0x000000000000ba20       0x1c /home/leemarc/intelFPGA_lite/18.1/nios2eds/bin/gnu/H-x86_64-pc-linux-gnu/bin/../lib/gcc/nios2-elf/5.3.0/../../../../../H-x86_64-pc-linux-gnu/nios2-elf/lib/libc.a(lib_a-vfiprintf.o)
                0x000000000000ba20                __vfiprintf_internal
 .text.__sbprintf
                0x000000000000ba3c       0xbc /home/leemarc/intelFPGA_lite/18.1/nios2eds/bin/gnu/H-x86_64-pc-linux-gnu/bin/../lib/gcc/nios2-elf/5.3.0/../../../../../H-x86_64-pc-linux-gnu/nios2-elf/lib/libc.a(lib_a-vfiprintf.o)
 .text          0x000000000000baf8        0x0 /home/leemarc/intelFPGA_lite/18.1/nios2eds/bin/gnu/H-x86_64-pc-linux-gnu/bin/../lib/gcc/nios2-elf/5.3.0/../../../../../H-x86_64-pc-linux-gnu/nios2-elf/lib/libc.a(lib_a-writer.o)
 .text._write_r
                0x000000000000baf8       0x60 /home/leemarc/intelFPGA_lite/18.1/nios2eds/bin/gnu/H-x86_64-pc-linux-gnu/bin/../lib/gcc/nios2-elf/5.3.0/../../../../../H-x86_64-pc-linux-gnu/nios2-elf/lib/libc.a(lib_a-writer.o)
                0x000000000000baf8                _write_r
 .text          0x000000000000bb58        0x0 /home/leemarc/intelFPGA_lite/18.1/nios2eds/bin/gnu/H-x86_64-pc-linux-gnu/bin/../lib/gcc/nios2-elf/5.3.0/../../../../../H-x86_64-pc-linux-gnu/nios2-elf/lib/libc.a(closer.o)
 .text._close_r
                0x000000000000bb58       0x54 /home/leemarc/intelFPGA_lite/18.1/nios2eds/bin/gnu/H-x86_64-pc-linux-gnu/bin/../lib/gcc/nios2-elf/5.3.0/../../../../../H-x86_64-pc-linux-gnu/nios2-elf/lib/libc.a(closer.o)
                0x000000000000bb58                _close_r
 .text          0x000000000000bbac        0x0 /home/leemarc/intelFPGA_lite/18.1/nios2eds/bin/gnu/H-x86_64-pc-linux-gnu/bin/../lib/gcc/nios2-elf/5.3.0/../../../../../H-x86_64-pc-linux-gnu/nios2-elf/lib/libc.a(lib_a-callocr.o)
 .text._calloc_r
                0x000000000000bbac       0xc4 /home/leemarc/intelFPGA_lite/18.1/nios2eds/bin/gnu/H-x86_64-pc-linux-gnu/bin/../lib/gcc/nios2-elf/5.3.0/../../../../../H-x86_64-pc-linux-gnu/nios2-elf/lib/libc.a(lib_a-callocr.o)
                0x000000000000bbac                _calloc_r
 .text          0x000000000000bc70        0x0 /home/leemarc/intelFPGA_lite/18.1/nios2eds/bin/gnu/H-x86_64-pc-linux-gnu/bin/../lib/gcc/nios2-elf/5.3.0/../../../../../H-x86_64-pc-linux-gnu/nios2-elf/lib/libc.a(lib_a-fclose.o)
 .text._fclose_r
                0x000000000000bc70       0xf0 /home/leemarc/intelFPGA_lite/18.1/nios2eds/bin/gnu/H-x86_64-pc-linux-gnu/bin/../lib/gcc/nios2-elf/5.3.0/../../../../../H-x86_64-pc-linux-gnu/nios2-elf/lib/libc.a(lib_a-fclose.o)
                0x000000000000bc70                _fclose_r
 .text.fclose   0x000000000000bd60       0x14 /home/leemarc/intelFPGA_lite/18.1/nios2eds/bin/gnu/H-x86_64-pc-linux-gnu/bin/../lib/gcc/nios2-elf/5.3.0/../../../../../H-x86_64-pc-linux-gnu/nios2-elf/lib/libc.a(lib_a-fclose.o)
                0x000000000000bd60                fclose
 .text          0x000000000000bd74        0x0 /home/leemarc/intelFPGA_lite/18.1/nios2eds/bin/gnu/H-x86_64-pc-linux-gnu/bin/../lib/gcc/nios2-elf/5.3.0/../../../../../H-x86_64-pc-linux-gnu/nios2-elf/lib/libc.a(lib_a-fputwc.o)
 .text.__fputwc
                0x000000000000bd74      0x164 /home/leemarc/intelFPGA_lite/18.1/nios2eds/bin/gnu/H-x86_64-pc-linux-gnu/bin/../lib/gcc/nios2-elf/5.3.0/../../../../../H-x86_64-pc-linux-gnu/nios2-elf/lib/libc.a(lib_a-fputwc.o)
                0x000000000000bd74                __fputwc
 .text._fputwc_r
                0x000000000000bed8       0x24 /home/leemarc/intelFPGA_lite/18.1/nios2eds/bin/gnu/H-x86_64-pc-linux-gnu/bin/../lib/gcc/nios2-elf/5.3.0/../../../../../H-x86_64-pc-linux-gnu/nios2-elf/lib/libc.a(lib_a-fputwc.o)
                0x000000000000bed8                _fputwc_r
 .text.fputwc   0x000000000000befc       0x80 /home/leemarc/intelFPGA_lite/18.1/nios2eds/bin/gnu/H-x86_64-pc-linux-gnu/bin/../lib/gcc/nios2-elf/5.3.0/../../../../../H-x86_64-pc-linux-gnu/nios2-elf/lib/libc.a(lib_a-fputwc.o)
                0x000000000000befc                fputwc
 .text          0x000000000000bf7c        0x0 /home/leemarc/intelFPGA_lite/18.1/nios2eds/bin/gnu/H-x86_64-pc-linux-gnu/bin/../lib/gcc/nios2-elf/5.3.0/../../../../../H-x86_64-pc-linux-gnu/nios2-elf/lib/libc.a(lib_a-fstatr.o)
 .text._fstat_r
                0x000000000000bf7c       0x5c /home/leemarc/intelFPGA_lite/18.1/nios2eds/bin/gnu/H-x86_64-pc-linux-gnu/bin/../lib/gcc/nios2-elf/5.3.0/../../../../../H-x86_64-pc-linux-gnu/nios2-elf/lib/libc.a(lib_a-fstatr.o)
                0x000000000000bf7c                _fstat_r
 .text          0x000000000000bfd8        0x0 /home/leemarc/intelFPGA_lite/18.1/nios2eds/bin/gnu/H-x86_64-pc-linux-gnu/bin/../lib/gcc/nios2-elf/5.3.0/../../../../../H-x86_64-pc-linux-gnu/nios2-elf/lib/libc.a(lib_a-isattyr.o)
 .text._isatty_r
                0x000000000000bfd8       0x54 /home/leemarc/intelFPGA_lite/18.1/nios2eds/bin/gnu/H-x86_64-pc-linux-gnu/bin/../lib/gcc/nios2-elf/5.3.0/../../../../../H-x86_64-pc-linux-gnu/nios2-elf/lib/libc.a(lib_a-isattyr.o)
                0x000000000000bfd8                _isatty_r
 .text          0x000000000000c02c        0x0 /home/leemarc/intelFPGA_lite/18.1/nios2eds/bin/gnu/H-x86_64-pc-linux-gnu/bin/../lib/gcc/nios2-elf/5.3.0/../../../../../H-x86_64-pc-linux-gnu/nios2-elf/lib/libc.a(lib_a-lseekr.o)
 .text._lseek_r
                0x000000000000c02c       0x60 /home/leemarc/intelFPGA_lite/18.1/nios2eds/bin/gnu/H-x86_64-pc-linux-gnu/bin/../lib/gcc/nios2-elf/5.3.0/../../../../../H-x86_64-pc-linux-gnu/nios2-elf/lib/libc.a(lib_a-lseekr.o)
                0x000000000000c02c                _lseek_r
 .text          0x000000000000c08c        0x0 /home/leemarc/intelFPGA_lite/18.1/nios2eds/bin/gnu/H-x86_64-pc-linux-gnu/bin/../lib/gcc/nios2-elf/5.3.0/../../../../../H-x86_64-pc-linux-gnu/nios2-elf/lib/libc.a(lib_a-readr.o)
 .text._read_r  0x000000000000c08c       0x60 /home/leemarc/intelFPGA_lite/18.1/nios2eds/bin/gnu/H-x86_64-pc-linux-gnu/bin/../lib/gcc/nios2-elf/5.3.0/../../../../../H-x86_64-pc-linux-gnu/nios2-elf/lib/libc.a(lib_a-readr.o)
                0x000000000000c08c                _read_r
 .text          0x000000000000c0ec        0x0 /home/leemarc/intelFPGA_lite/18.1/nios2eds/bin/gnu/H-x86_64-pc-linux-gnu/bin/../lib/gcc/nios2-elf/5.3.0/../../../../../H-x86_64-pc-linux-gnu/nios2-elf/lib/libc.a(lib_a-wbuf.o)
 .text.__swbuf_r
                0x000000000000c0ec      0x140 /home/leemarc/intelFPGA_lite/18.1/nios2eds/bin/gnu/H-x86_64-pc-linux-gnu/bin/../lib/gcc/nios2-elf/5.3.0/../../../../../H-x86_64-pc-linux-gnu/nios2-elf/lib/libc.a(lib_a-wbuf.o)
                0x000000000000c0ec                __swbuf_r
 .text.__swbuf  0x000000000000c22c       0x18 /home/leemarc/intelFPGA_lite/18.1/nios2eds/bin/gnu/H-x86_64-pc-linux-gnu/bin/../lib/gcc/nios2-elf/5.3.0/../../../../../H-x86_64-pc-linux-gnu/nios2-elf/lib/libc.a(lib_a-wbuf.o)
                0x000000000000c22c                __swbuf
 .text          0x000000000000c244        0x0 /home/leemarc/intelFPGA_lite/18.1/nios2eds/bin/gnu/H-x86_64-pc-linux-gnu/bin/../lib/gcc/nios2-elf/5.3.0/../../../../../H-x86_64-pc-linux-gnu/nios2-elf/lib/libc.a(lib_a-wcrtomb.o)
 .text._wcrtomb_r
                0x000000000000c244       0x9c /home/leemarc/intelFPGA_lite/18.1/nios2eds/bin/gnu/H-x86_64-pc-linux-gnu/bin/../lib/gcc/nios2-elf/5.3.0/../../../../../H-x86_64-pc-linux-gnu/nios2-elf/lib/libc.a(lib_a-wcrtomb.o)
                0x000000000000c244                _wcrtomb_r
 .text.wcrtomb  0x000000000000c2e0       0xc0 /home/leemarc/intelFPGA_lite/18.1/nios2eds/bin/gnu/H-x86_64-pc-linux-gnu/bin/../lib/gcc/nios2-elf/5.3.0/../../../../../H-x86_64-pc-linux-gnu/nios2-elf/lib/libc.a(lib_a-wcrtomb.o)
                0x000000000000c2e0                wcrtomb
 .text          0x000000000000c3a0        0x0 /home/leemarc/intelFPGA_lite/18.1/nios2eds/bin/gnu/H-x86_64-pc-linux-gnu/bin/../lib/gcc/nios2-elf/5.3.0/../../../../../H-x86_64-pc-linux-gnu/nios2-elf/lib/libc.a(lib_a-wctomb_r.o)
 .text.__ascii_wctomb
                0x000000000000c3a0       0x30 /home/leemarc/intelFPGA_lite/18.1/nios2eds/bin/gnu/H-x86_64-pc-linux-gnu/bin/../lib/gcc/nios2-elf/5.3.0/../../../../../H-x86_64-pc-linux-gnu/nios2-elf/lib/libc.a(lib_a-wctomb_r.o)
                0x000000000000c3a0                __ascii_wctomb
 .text._wctomb_r
                0x000000000000c3d0       0x5c /home/leemarc/intelFPGA_lite/18.1/nios2eds/bin/gnu/H-x86_64-pc-linux-gnu/bin/../lib/gcc/nios2-elf/5.3.0/../../../../../H-x86_64-pc-linux-gnu/nios2-elf/lib/libc.a(lib_a-wctomb_r.o)
                0x000000000000c3d0                _wctomb_r
 .text          0x000000000000c42c      0x578 /home/leemarc/intelFPGA_lite/18.1/nios2eds/bin/gnu/H-x86_64-pc-linux-gnu/bin/../lib/gcc/nios2-elf/5.3.0/libgcc.a(_udivdi3.o)
                0x000000000000c42c                __udivdi3
 .text          0x000000000000c9a4      0x538 /home/leemarc/intelFPGA_lite/18.1/nios2eds/bin/gnu/H-x86_64-pc-linux-gnu/bin/../lib/gcc/nios2-elf/5.3.0/libgcc.a(_umoddi3.o)
                0x000000000000c9a4                __umoddi3
 .text          0x000000000000cedc      0x1b4 /home/leemarc/intelFPGA_lite/18.1/nios2eds/bin/gnu/H-x86_64-pc-linux-gnu/bin/../lib/gcc/nios2-elf/5.3.0/libgcc.a(lib2-divmod.o)
                0x000000000000cedc                __divsi3
                0x000000000000cf60                __modsi3
                0x000000000000cfd4                __udivsi3
                0x000000000000d038                __umodsi3
 .text          0x000000000000d090      0x8ac /home/leemarc/intelFPGA_lite/18.1/nios2eds/bin/gnu/H-x86_64-pc-linux-gnu/bin/../lib/gcc/nios2-elf/5.3.0/libgcc.a(adddf3.o)
                0x000000000000d090                __adddf3
 .text          0x000000000000d93c      0x8e8 /home/leemarc/intelFPGA_lite/18.1/nios2eds/bin/gnu/H-x86_64-pc-linux-gnu/bin/../lib/gcc/nios2-elf/5.3.0/libgcc.a(divdf3.o)
                0x000000000000d93c                __divdf3
 .text          0x000000000000e224       0x88 /home/leemarc/intelFPGA_lite/18.1/nios2eds/bin/gnu/H-x86_64-pc-linux-gnu/bin/../lib/gcc/nios2-elf/5.3.0/libgcc.a(eqdf2.o)
                0x000000000000e224                __eqdf2
                0x000000000000e224                __nedf2
 .text          0x000000000000e2ac       0xdc /home/leemarc/intelFPGA_lite/18.1/nios2eds/bin/gnu/H-x86_64-pc-linux-gnu/bin/../lib/gcc/nios2-elf/5.3.0/libgcc.a(gedf2.o)
                0x000000000000e2ac                __gtdf2
                0x000000000000e2ac                __gedf2
 .text          0x000000000000e388       0xf4 /home/leemarc/intelFPGA_lite/18.1/nios2eds/bin/gnu/H-x86_64-pc-linux-gnu/bin/../lib/gcc/nios2-elf/5.3.0/libgcc.a(ledf2.o)
                0x000000000000e388                __ltdf2
                0x000000000000e388                __ledf2
 .text          0x000000000000e47c      0x718 /home/leemarc/intelFPGA_lite/18.1/nios2eds/bin/gnu/H-x86_64-pc-linux-gnu/bin/../lib/gcc/nios2-elf/5.3.0/libgcc.a(muldf3.o)
                0x000000000000e47c                __muldf3
 .text          0x000000000000eb94      0x8fc /home/leemarc/intelFPGA_lite/18.1/nios2eds/bin/gnu/H-x86_64-pc-linux-gnu/bin/../lib/gcc/nios2-elf/5.3.0/libgcc.a(subdf3.o)
                0x000000000000eb94                __subdf3
 .text          0x000000000000f490       0x80 /home/leemarc/intelFPGA_lite/18.1/nios2eds/bin/gnu/H-x86_64-pc-linux-gnu/bin/../lib/gcc/nios2-elf/5.3.0/libgcc.a(fixdfsi.o)
                0x000000000000f490                __fixdfsi
 .text          0x000000000000f510       0xdc /home/leemarc/intelFPGA_lite/18.1/nios2eds/bin/gnu/H-x86_64-pc-linux-gnu/bin/../lib/gcc/nios2-elf/5.3.0/libgcc.a(floatsidf.o)
                0x000000000000f510                __floatsidf
 .text          0x000000000000f5ec       0xa8 /home/leemarc/intelFPGA_lite/18.1/nios2eds/bin/gnu/H-x86_64-pc-linux-gnu/bin/../lib/gcc/nios2-elf/5.3.0/libgcc.a(floatunsidf.o)
                0x000000000000f5ec                __floatunsidf
 .text          0x000000000000f694        0x0 /home/leemarc/intelFPGA_lite/18.1/nios2eds/bin/gnu/H-x86_64-pc-linux-gnu/bin/../lib/gcc/nios2-elf/5.3.0/libgcc.a(_clz.o)
 .text          0x000000000000f694       0x64 /home/leemarc/intelFPGA_lite/18.1/nios2eds/bin/gnu/H-x86_64-pc-linux-gnu/bin/../lib/gcc/nios2-elf/5.3.0/libgcc.a(_clzsi2.o)
                0x000000000000f694                __clzsi2
 .text          0x000000000000f6f8      0x10c /run/media/leemarc/Shared/Switchdrive/Private/Documents/Master/1_S1/EmbHardw/mse_demo/software/sobel_work_bsp//libhal_bsp.a(alt_close.o)
                0x000000000000f734                close
 .text          0x000000000000f804       0x2c /run/media/leemarc/Shared/Switchdrive/Private/Documents/Master/1_S1/EmbHardw/mse_demo/software/sobel_work_bsp//libhal_bsp.a(alt_dev.o)
 .text          0x000000000000f830        0x0 /run/media/leemarc/Shared/Switchdrive/Private/Documents/Master/1_S1/EmbHardw/mse_demo/software/sobel_work_bsp//libhal_bsp.a(alt_errno.o)
 .text          0x000000000000f830       0xec /run/media/leemarc/Shared/Switchdrive/Private/Documents/Master/1_S1/EmbHardw/mse_demo/software/sobel_work_bsp//libhal_bsp.a(alt_fstat.o)
                0x000000000000f86c                fstat
 .text          0x000000000000f91c       0xe0 /run/media/leemarc/Shared/Switchdrive/Private/Documents/Master/1_S1/EmbHardw/mse_demo/software/sobel_work_bsp//libhal_bsp.a(alt_isatty.o)
                0x000000000000f958                isatty
 .text          0x000000000000f9fc       0xec /run/media/leemarc/Shared/Switchdrive/Private/Documents/Master/1_S1/EmbHardw/mse_demo/software/sobel_work_bsp//libhal_bsp.a(alt_load.o)
                0x000000000000fa64                alt_load
 .text          0x000000000000fae8      0x110 /run/media/leemarc/Shared/Switchdrive/Private/Documents/Master/1_S1/EmbHardw/mse_demo/software/sobel_work_bsp//libhal_bsp.a(alt_lseek.o)
                0x000000000000fb24                lseek
 .text          0x000000000000fbf8       0x7c /run/media/leemarc/Shared/Switchdrive/Private/Documents/Master/1_S1/EmbHardw/mse_demo/software/sobel_work_bsp//libhal_bsp.a(alt_main.o)
                0x000000000000fbf8                alt_main
 .text          0x000000000000fc74       0x48 /run/media/leemarc/Shared/Switchdrive/Private/Documents/Master/1_S1/EmbHardw/mse_demo/software/sobel_work_bsp//libhal_bsp.a(alt_malloc_lock.o)
                0x000000000000fc74                __malloc_lock
                0x000000000000fc98                __malloc_unlock
 .text          0x000000000000fcbc      0x138 /run/media/leemarc/Shared/Switchdrive/Private/Documents/Master/1_S1/EmbHardw/mse_demo/software/sobel_work_bsp//libhal_bsp.a(alt_read.o)
                0x000000000000fcf8                read
 .text          0x000000000000fdf4       0x64 /run/media/leemarc/Shared/Switchdrive/Private/Documents/Master/1_S1/EmbHardw/mse_demo/software/sobel_work_bsp//libhal_bsp.a(alt_release_fd.o)
                0x000000000000fdf4                alt_release_fd
 .text          0x000000000000fe58       0xb0 /run/media/leemarc/Shared/Switchdrive/Private/Documents/Master/1_S1/EmbHardw/mse_demo/software/sobel_work_bsp//libhal_bsp.a(alt_sbrk.o)
                0x000000000000fe58                sbrk
 .text          0x000000000000ff08       0x30 /run/media/leemarc/Shared/Switchdrive/Private/Documents/Master/1_S1/EmbHardw/mse_demo/software/sobel_work_bsp//libhal_bsp.a(alt_usleep.o)
                0x000000000000ff08                usleep
 .text          0x000000000000ff38      0x134 /run/media/leemarc/Shared/Switchdrive/Private/Documents/Master/1_S1/EmbHardw/mse_demo/software/sobel_work_bsp//libhal_bsp.a(alt_write.o)
                0x000000000000ff74                write
 .text          0x000000000001006c       0xe8 /run/media/leemarc/Shared/Switchdrive/Private/Documents/Master/1_S1/EmbHardw/mse_demo/software/sobel_work_bsp//libhal_bsp.a(alt_sys_init.o)
                0x00000000000100a0                alt_irq_init
                0x00000000000100d8                alt_sys_init
 .text          0x0000000000010154      0x164 /run/media/leemarc/Shared/Switchdrive/Private/Documents/Master/1_S1/EmbHardw/mse_demo/software/sobel_work_bsp//libhal_bsp.a(altera_avalon_jtag_uart_fd.o)
                0x0000000000010154                altera_avalon_jtag_uart_read_fd
                0x00000000000101b4                altera_avalon_jtag_uart_write_fd
                0x0000000000010214                altera_avalon_jtag_uart_close_fd
                0x0000000000010264                altera_avalon_jtag_uart_ioctl_fd
 .text          0x00000000000102b8      0x3d4 /run/media/leemarc/Shared/Switchdrive/Private/Documents/Master/1_S1/EmbHardw/mse_demo/software/sobel_work_bsp//libhal_bsp.a(altera_avalon_jtag_uart_init.o)
                0x00000000000102b8                altera_avalon_jtag_uart_init
                0x0000000000010624                altera_avalon_jtag_uart_close
 .text          0x000000000001068c       0xf0 /run/media/leemarc/Shared/Switchdrive/Private/Documents/Master/1_S1/EmbHardw/mse_demo/software/sobel_work_bsp//libhal_bsp.a(altera_avalon_jtag_uart_ioctl.o)
                0x000000000001068c                altera_avalon_jtag_uart_ioctl
 .text          0x000000000001077c      0x21c /run/media/leemarc/Shared/Switchdrive/Private/Documents/Master/1_S1/EmbHardw/mse_demo/software/sobel_work_bsp//libhal_bsp.a(altera_avalon_jtag_uart_read.o)
                0x000000000001077c                altera_avalon_jtag_uart_read
 .text          0x0000000000010998      0x224 /run/media/leemarc/Shared/Switchdrive/Private/Documents/Master/1_S1/EmbHardw/mse_demo/software/sobel_work_bsp//libhal_bsp.a(altera_avalon_jtag_uart_write.o)
                0x0000000000010998                altera_avalon_jtag_uart_write
 .text          0x0000000000010bbc       0xf4 /run/media/leemarc/Shared/Switchdrive/Private/Documents/Master/1_S1/EmbHardw/mse_demo/software/sobel_work_bsp//libhal_bsp.a(altera_avalon_timer_sc.o)
                0x0000000000010c34                alt_avalon_timer_sc_init
 .text          0x0000000000010cb0      0x118 /run/media/leemarc/Shared/Switchdrive/Private/Documents/Master/1_S1/EmbHardw/mse_demo/software/sobel_work_bsp//libhal_bsp.a(altera_avalon_timer_ts.o)
                0x0000000000010cb0                alt_timestamp_start
                0x0000000000010d28                alt_timestamp
                0x0000000000010da8                alt_timestamp_freq
 .text          0x0000000000010dc8        0x0 /run/media/leemarc/Shared/Switchdrive/Private/Documents/Master/1_S1/EmbHardw/mse_demo/software/sobel_work_bsp//libhal_bsp.a(altera_avalon_timer_vars.o)
 .text          0x0000000000010dc8      0x12c /run/media/leemarc/Shared/Switchdrive/Private/Documents/Master/1_S1/EmbHardw/mse_demo/software/sobel_work_bsp//libhal_bsp.a(alt_alarm_start.o)
                0x0000000000010dc8                alt_alarm_start
 .text          0x0000000000010ef4      0x158 /run/media/leemarc/Shared/Switchdrive/Private/Documents/Master/1_S1/EmbHardw/mse_demo/software/sobel_work_bsp//libhal_bsp.a(alt_busy_sleep.o)
                0x0000000000010ef4                alt_busy_sleep
 .text          0x000000000001104c       0x48 /run/media/leemarc/Shared/Switchdrive/Private/Documents/Master/1_S1/EmbHardw/mse_demo/software/sobel_work_bsp//libhal_bsp.a(alt_dcache_flush_all.o)
                0x000000000001104c                alt_dcache_flush_all
 .text          0x0000000000011094       0xe0 /run/media/leemarc/Shared/Switchdrive/Private/Documents/Master/1_S1/EmbHardw/mse_demo/software/sobel_work_bsp//libhal_bsp.a(alt_dev_llist_insert.o)
                0x00000000000110d0                alt_dev_llist_insert
 .text          0x0000000000011174       0x60 /run/media/leemarc/Shared/Switchdrive/Private/Documents/Master/1_S1/EmbHardw/mse_demo/software/sobel_work_bsp//libhal_bsp.a(alt_do_ctors.o)
                0x0000000000011174                _do_ctors
 .text          0x00000000000111d4       0x60 /run/media/leemarc/Shared/Switchdrive/Private/Documents/Master/1_S1/EmbHardw/mse_demo/software/sobel_work_bsp//libhal_bsp.a(alt_do_dtors.o)
                0x00000000000111d4                _do_dtors
 .text          0x0000000000011234       0x34 /run/media/leemarc/Shared/Switchdrive/Private/Documents/Master/1_S1/EmbHardw/mse_demo/software/sobel_work_bsp//libhal_bsp.a(alt_icache_flush_all.o)
                0x0000000000011234                alt_icache_flush_all
 .text          0x0000000000011268      0x1b0 /run/media/leemarc/Shared/Switchdrive/Private/Documents/Master/1_S1/EmbHardw/mse_demo/software/sobel_work_bsp//libhal_bsp.a(alt_iic.o)
                0x0000000000011268                alt_ic_isr_register
                0x00000000000112b8                alt_ic_irq_enable
                0x0000000000011340                alt_ic_irq_disable
                0x00000000000113cc                alt_ic_irq_enabled
 .text          0x0000000000011418       0xf0 /run/media/leemarc/Shared/Switchdrive/Private/Documents/Master/1_S1/EmbHardw/mse_demo/software/sobel_work_bsp//libhal_bsp.a(alt_iic_isr_register.o)
                0x0000000000011418                alt_iic_isr_register
 .text          0x0000000000011508      0x140 /run/media/leemarc/Shared/Switchdrive/Private/Documents/Master/1_S1/EmbHardw/mse_demo/software/sobel_work_bsp//libhal_bsp.a(alt_io_redirect.o)
                0x00000000000115cc                alt_io_redirect
 .text          0x0000000000011648        0x0 /run/media/leemarc/Shared/Switchdrive/Private/Documents/Master/1_S1/EmbHardw/mse_demo/software/sobel_work_bsp//libhal_bsp.a(alt_irq_entry.o)
 .text          0x0000000000011648        0x0 /run/media/leemarc/Shared/Switchdrive/Private/Documents/Master/1_S1/EmbHardw/mse_demo/software/sobel_work_bsp//libhal_bsp.a(alt_irq_handler.o)
 .text          0x0000000000011648        0x0 /run/media/leemarc/Shared/Switchdrive/Private/Documents/Master/1_S1/EmbHardw/mse_demo/software/sobel_work_bsp//libhal_bsp.a(alt_irq_vars.o)
 .text          0x0000000000011648      0x254 /run/media/leemarc/Shared/Switchdrive/Private/Documents/Master/1_S1/EmbHardw/mse_demo/software/sobel_work_bsp//libhal_bsp.a(alt_open.o)
                0x0000000000011748                open
 .text          0x000000000001189c      0x1a4 /run/media/leemarc/Shared/Switchdrive/Private/Documents/Master/1_S1/EmbHardw/mse_demo/software/sobel_work_bsp//libhal_bsp.a(alt_tick.o)
                0x000000000001189c                alt_alarm_stop
                0x0000000000011938                alt_tick
 .text          0x0000000000011a40       0x24 /run/media/leemarc/Shared/Switchdrive/Private/Documents/Master/1_S1/EmbHardw/mse_demo/software/sobel_work_bsp//libhal_bsp.a(altera_nios2_gen2_irq.o)
                0x0000000000011a40                altera_nios2_gen2_irq_init
 .text          0x0000000000011a64        0x0 /run/media/leemarc/Shared/Switchdrive/Private/Documents/Master/1_S1/EmbHardw/mse_demo/software/sobel_work_bsp//libhal_bsp.a(alt_exception_entry.o)
 .text          0x0000000000011a64       0x90 /run/media/leemarc/Shared/Switchdrive/Private/Documents/Master/1_S1/EmbHardw/mse_demo/software/sobel_work_bsp//libhal_bsp.a(alt_find_dev.o)
                0x0000000000011a64                alt_find_dev
 .text          0x0000000000011af4      0x108 /run/media/leemarc/Shared/Switchdrive/Private/Documents/Master/1_S1/EmbHardw/mse_demo/software/sobel_work_bsp//libhal_bsp.a(alt_find_file.o)
                0x0000000000011af4                alt_find_file
 .text          0x0000000000011bfc       0xa4 /run/media/leemarc/Shared/Switchdrive/Private/Documents/Master/1_S1/EmbHardw/mse_demo/software/sobel_work_bsp//libhal_bsp.a(alt_get_fd.o)
                0x0000000000011bfc                alt_get_fd
 .text          0x0000000000011ca0       0x90 /run/media/leemarc/Shared/Switchdrive/Private/Documents/Master/1_S1/EmbHardw/mse_demo/software/sobel_work_bsp//libhal_bsp.a(alt_icache_flush.o)
                0x0000000000011ca0                alt_icache_flush
 .text          0x0000000000011d30       0x9c /run/media/leemarc/Shared/Switchdrive/Private/Documents/Master/1_S1/EmbHardw/mse_demo/software/sobel_work_bsp//libhal_bsp.a(alt_instruction_exception_entry.o)
                0x0000000000011d30                alt_exception_cause_generated_bad_addr
 .text          0x0000000000011dcc        0x0 /home/leemarc/intelFPGA_lite/18.1/nios2eds/bin/gnu/H-x86_64-pc-linux-gnu/bin/../lib/gcc/nios2-elf/5.3.0/../../../../../H-x86_64-pc-linux-gnu/nios2-elf/lib/libc.a(lib_a-atexit.o)
 .text.atexit   0x0000000000011dcc       0x14 /home/leemarc/intelFPGA_lite/18.1/nios2eds/bin/gnu/H-x86_64-pc-linux-gnu/bin/../lib/gcc/nios2-elf/5.3.0/../../../../../H-x86_64-pc-linux-gnu/nios2-elf/lib/libc.a(lib_a-atexit.o)
                0x0000000000011dcc                atexit
 .text          0x0000000000011de0        0x0 /home/leemarc/intelFPGA_lite/18.1/nios2eds/bin/gnu/H-x86_64-pc-linux-gnu/bin/../lib/gcc/nios2-elf/5.3.0/../../../../../H-x86_64-pc-linux-gnu/nios2-elf/lib/libc.a(lib_a-exit.o)
 .text.exit     0x0000000000011de0       0x38 /home/leemarc/intelFPGA_lite/18.1/nios2eds/bin/gnu/H-x86_64-pc-linux-gnu/bin/../lib/gcc/nios2-elf/5.3.0/../../../../../H-x86_64-pc-linux-gnu/nios2-elf/lib/libc.a(lib_a-exit.o)
                0x0000000000011de0                exit
 .text          0x0000000000011e18        0x0 /home/leemarc/intelFPGA_lite/18.1/nios2eds/bin/gnu/H-x86_64-pc-linux-gnu/bin/../lib/gcc/nios2-elf/5.3.0/../../../../../H-x86_64-pc-linux-gnu/nios2-elf/lib/libc.a(lib_a-memcmp.o)
 .text.memcmp   0x0000000000011e18       0x7c /home/leemarc/intelFPGA_lite/18.1/nios2eds/bin/gnu/H-x86_64-pc-linux-gnu/bin/../lib/gcc/nios2-elf/5.3.0/../../../../../H-x86_64-pc-linux-gnu/nios2-elf/lib/libc.a(lib_a-memcmp.o)
                0x0000000000011e18                memcmp
 .text          0x0000000000011e94        0x0 /home/leemarc/intelFPGA_lite/18.1/nios2eds/bin/gnu/H-x86_64-pc-linux-gnu/bin/../lib/gcc/nios2-elf/5.3.0/../../../../../H-x86_64-pc-linux-gnu/nios2-elf/lib/libc.a(lib_a-__atexit.o)
 .text.__register_exitproc
                0x0000000000011e94      0x118 /home/leemarc/intelFPGA_lite/18.1/nios2eds/bin/gnu/H-x86_64-pc-linux-gnu/bin/../lib/gcc/nios2-elf/5.3.0/../../../../../H-x86_64-pc-linux-gnu/nios2-elf/lib/libc.a(lib_a-__atexit.o)
                0x0000000000011e94                __register_exitproc
 .text          0x0000000000011fac        0x0 /home/leemarc/intelFPGA_lite/18.1/nios2eds/bin/gnu/H-x86_64-pc-linux-gnu/bin/../lib/gcc/nios2-elf/5.3.0/../../../../../H-x86_64-pc-linux-gnu/nios2-elf/lib/libc.a(lib_a-__call_atexit.o)
 .text.__call_exitprocs
                0x0000000000011fac      0x180 /home/leemarc/intelFPGA_lite/18.1/nios2eds/bin/gnu/H-x86_64-pc-linux-gnu/bin/../lib/gcc/nios2-elf/5.3.0/../../../../../H-x86_64-pc-linux-gnu/nios2-elf/lib/libc.a(lib_a-__call_atexit.o)
                0x0000000000011fac                __call_exitprocs
 .text          0x000000000001212c       0x34 /run/media/leemarc/Shared/Switchdrive/Private/Documents/Master/1_S1/EmbHardw/mse_demo/software/sobel_work_bsp//libhal_bsp.a(alt_exit.o)
                0x000000000001212c                _exit
 *(.gnu.warning.*)
 *(.fini)
                [!provide]                        PROVIDE (__etext, ABSOLUTE (.))
                [!provide]                        PROVIDE (_etext, ABSOLUTE (.))
                [!provide]                        PROVIDE (etext, ABSOLUTE (.))
 *(.eh_frame_hdr)
                0x0000000000012160                . = ALIGN (0x4)
                [!provide]                        PROVIDE (__preinit_array_start, ABSOLUTE (.))
 *(.preinit_array)
                [!provide]                        PROVIDE (__preinit_array_end, ABSOLUTE (.))
                [!provide]                        PROVIDE (__init_array_start, ABSOLUTE (.))
 *(.init_array)
                [!provide]                        PROVIDE (__init_array_end, ABSOLUTE (.))
                [!provide]                        PROVIDE (__fini_array_start, ABSOLUTE (.))
 *(.fini_array)
                [!provide]                        PROVIDE (__fini_array_end, ABSOLUTE (.))
 *(.eh_frame)
 *(.gcc_except_table .gcc_except_table.*)
 *(.dynamic)
                0x0000000000012160                PROVIDE (__CTOR_LIST__, ABSOLUTE (.))
 *(.ctors)
 *(SORT(.ctors.*))
                0x0000000000012160                PROVIDE (__CTOR_END__, ABSOLUTE (.))
                0x0000000000012160                PROVIDE (__DTOR_LIST__, ABSOLUTE (.))
 *(.dtors)
 *(SORT(.dtors.*))
                0x0000000000012160                PROVIDE (__DTOR_END__, ABSOLUTE (.))
 *(.jcr)
                0x0000000000012160                . = ALIGN (0x4)

.rodata         0x0000000000012160      0x784
                0x0000000000012160                PROVIDE (__ram_rodata_start, ABSOLUTE (.))
                0x0000000000012160                . = ALIGN (0x4)
 *(.rodata .rodata.* .gnu.linkonce.r.*)
 .rodata        0x0000000000012160      0x3e0 obj/default/camera.o
                0x0000000000012160                preview_snapshot_mode_reg_settings_array
                0x0000000000012278                noise_reduction_reg_settings_array
                0x00000000000123b8                lens_roll_off_tbl
 .rodata        0x0000000000012540       0x47 obj/default/i2c.o
 *fill*         0x0000000000012587        0x1 
 .rodata        0x0000000000012588       0x52 obj/default/main.o
 .rodata        0x00000000000125da       0x12 obj/default/sobel.o
                0x00000000000125da                gx_array
                0x00000000000125e3                gy_array
 .rodata.str1.4
                0x00000000000125ec        0x2 /home/leemarc/intelFPGA_lite/18.1/nios2eds/bin/gnu/H-x86_64-pc-linux-gnu/bin/../lib/gcc/nios2-elf/5.3.0/../../../../../H-x86_64-pc-linux-gnu/nios2-elf/lib/libc.a(lib_a-puts.o)
 *fill*         0x00000000000125ee        0x2 
 .rodata.str1.4
                0x00000000000125f0       0x42 /home/leemarc/intelFPGA_lite/18.1/nios2eds/bin/gnu/H-x86_64-pc-linux-gnu/bin/../lib/gcc/nios2-elf/5.3.0/../../../../../H-x86_64-pc-linux-gnu/nios2-elf/lib/libc.a(lib_a-vfprintf.o)
 .rodata.zeroes.4404
                0x0000000000012632       0x10 /home/leemarc/intelFPGA_lite/18.1/nios2eds/bin/gnu/H-x86_64-pc-linux-gnu/bin/../lib/gcc/nios2-elf/5.3.0/../../../../../H-x86_64-pc-linux-gnu/nios2-elf/lib/libc.a(lib_a-vfprintf.o)
 .rodata.blanks.4403
                0x0000000000012642       0x10 /home/leemarc/intelFPGA_lite/18.1/nios2eds/bin/gnu/H-x86_64-pc-linux-gnu/bin/../lib/gcc/nios2-elf/5.3.0/../../../../../H-x86_64-pc-linux-gnu/nios2-elf/lib/libc.a(lib_a-vfprintf.o)
 *fill*         0x0000000000012652        0x2 
 .rodata.str1.4
                0x0000000000012654       0x10 /home/leemarc/intelFPGA_lite/18.1/nios2eds/bin/gnu/H-x86_64-pc-linux-gnu/bin/../lib/gcc/nios2-elf/5.3.0/../../../../../H-x86_64-pc-linux-gnu/nios2-elf/lib/libc.a(lib_a-dtoa.o)
                                         0x12 (size before relaxing)
 .rodata.str1.4
                0x0000000000012664        0x2 /home/leemarc/intelFPGA_lite/18.1/nios2eds/bin/gnu/H-x86_64-pc-linux-gnu/bin/../lib/gcc/nios2-elf/5.3.0/../../../../../H-x86_64-pc-linux-gnu/nios2-elf/lib/libc.a(lib_a-impure.o)
 *fill*         0x0000000000012666        0x2 
 .rodata.str1.4
                0x0000000000012668        0xc /home/leemarc/intelFPGA_lite/18.1/nios2eds/bin/gnu/H-x86_64-pc-linux-gnu/bin/../lib/gcc/nios2-elf/5.3.0/../../../../../H-x86_64-pc-linux-gnu/nios2-elf/lib/libc.a(lib_a-locale.o)
                                         0x12 (size before relaxing)
 .rodata.p05.2768
                0x0000000000012674        0xc /home/leemarc/intelFPGA_lite/18.1/nios2eds/bin/gnu/H-x86_64-pc-linux-gnu/bin/../lib/gcc/nios2-elf/5.3.0/../../../../../H-x86_64-pc-linux-gnu/nios2-elf/lib/libc.a(lib_a-mprec.o)
 .rodata.__mprec_tinytens
                0x0000000000012680       0x28 /home/leemarc/intelFPGA_lite/18.1/nios2eds/bin/gnu/H-x86_64-pc-linux-gnu/bin/../lib/gcc/nios2-elf/5.3.0/../../../../../H-x86_64-pc-linux-gnu/nios2-elf/lib/libc.a(lib_a-mprec.o)
                0x0000000000012680                __mprec_tinytens
 .rodata.__mprec_bigtens
                0x00000000000126a8       0x28 /home/leemarc/intelFPGA_lite/18.1/nios2eds/bin/gnu/H-x86_64-pc-linux-gnu/bin/../lib/gcc/nios2-elf/5.3.0/../../../../../H-x86_64-pc-linux-gnu/nios2-elf/lib/libc.a(lib_a-mprec.o)
                0x00000000000126a8                __mprec_bigtens
 .rodata.__mprec_tens
                0x00000000000126d0       0xc8 /home/leemarc/intelFPGA_lite/18.1/nios2eds/bin/gnu/H-x86_64-pc-linux-gnu/bin/../lib/gcc/nios2-elf/5.3.0/../../../../../H-x86_64-pc-linux-gnu/nios2-elf/lib/libc.a(lib_a-mprec.o)
                0x00000000000126d0                __mprec_tens
 .rodata.str1.4
                0x0000000000012798       0x2f /home/leemarc/intelFPGA_lite/18.1/nios2eds/bin/gnu/H-x86_64-pc-linux-gnu/bin/../lib/gcc/nios2-elf/5.3.0/../../../../../H-x86_64-pc-linux-gnu/nios2-elf/lib/libc.a(lib_a-vfiprintf.o)
 .rodata.zeroes.4349
                0x0000000000012798       0x10 /home/leemarc/intelFPGA_lite/18.1/nios2eds/bin/gnu/H-x86_64-pc-linux-gnu/bin/../lib/gcc/nios2-elf/5.3.0/../../../../../H-x86_64-pc-linux-gnu/nios2-elf/lib/libc.a(lib_a-vfiprintf.o)
 .rodata.blanks.4348
                0x00000000000127a8       0x10 /home/leemarc/intelFPGA_lite/18.1/nios2eds/bin/gnu/H-x86_64-pc-linux-gnu/bin/../lib/gcc/nios2-elf/5.3.0/../../../../../H-x86_64-pc-linux-gnu/nios2-elf/lib/libc.a(lib_a-vfiprintf.o)
 .rodata        0x00000000000127b8      0x100 /home/leemarc/intelFPGA_lite/18.1/nios2eds/bin/gnu/H-x86_64-pc-linux-gnu/bin/../lib/gcc/nios2-elf/5.3.0/libgcc.a(_clz.o)
                0x00000000000127b8                __clz_tab
 .rodata        0x00000000000128b8        0xa /run/media/leemarc/Shared/Switchdrive/Private/Documents/Master/1_S1/EmbHardw/mse_demo/software/sobel_work_bsp//libhal_bsp.a(alt_dev.o)
 *fill*         0x00000000000128c2        0x2 
 .rodata        0x00000000000128c4        0xf /run/media/leemarc/Shared/Switchdrive/Private/Documents/Master/1_S1/EmbHardw/mse_demo/software/sobel_work_bsp//libhal_bsp.a(alt_main.o)
 *fill*         0x00000000000128d3        0x1 
 .rodata        0x00000000000128d4        0xf /run/media/leemarc/Shared/Switchdrive/Private/Documents/Master/1_S1/EmbHardw/mse_demo/software/sobel_work_bsp//libhal_bsp.a(alt_sys_init.o)
 *(.rodata1)
                0x00000000000128e4                . = ALIGN (0x4)
 *fill*         0x00000000000128e3        0x1 
                0x00000000000128e4                PROVIDE (__ram_rodata_end, ABSOLUTE (.))
                0x0000000000012160                PROVIDE (__flash_rodata_start, LOADADDR (.rodata))

.rwdata         0x00000000000128e4     0x1aec load address 0x00000000000143d0
                0x00000000000128e4                PROVIDE (__ram_rwdata_start, ABSOLUTE (.))
                0x00000000000128e4                . = ALIGN (0x4)
 *(.got.plt)
 *(.got)
 *(.data1)
 *(.data .data.* .gnu.linkonce.d.*)
 .data          0x00000000000128e4        0x0 /run/media/leemarc/Shared/Switchdrive/Private/Documents/Master/1_S1/EmbHardw/mse_demo/software/sobel_work_bsp//obj/HAL/src/crt0.o
 .data          0x00000000000128e4        0x0 obj/default/camera.o
 .data          0x00000000000128e4        0x0 obj/default/dipswitch.o
 .data          0x00000000000128e4        0x0 obj/default/grayscale.o
 .data          0x00000000000128e4        0x0 obj/default/i2c.o
 .data          0x00000000000128e4        0x0 obj/default/lcd_simple.o
 .data          0x00000000000128e4        0x0 obj/default/main.o
 .data          0x00000000000128e4        0x0 obj/default/sobel.o
 .data          0x00000000000128e4        0x0 obj/default/vga.o
 .data          0x00000000000128e4        0x0 /home/leemarc/intelFPGA_lite/18.1/nios2eds/bin/gnu/H-x86_64-pc-linux-gnu/bin/../lib/gcc/nios2-elf/5.3.0/../../../../../H-x86_64-pc-linux-gnu/nios2-elf/lib/libc.a(lib_a-malloc.o)
 .data          0x00000000000128e4        0x0 /home/leemarc/intelFPGA_lite/18.1/nios2eds/bin/gnu/H-x86_64-pc-linux-gnu/bin/../lib/gcc/nios2-elf/5.3.0/../../../../../H-x86_64-pc-linux-gnu/nios2-elf/lib/libc.a(lib_a-mallocr.o)
 .data.__malloc_av_
                0x00000000000128e4      0x408 /home/leemarc/intelFPGA_lite/18.1/nios2eds/bin/gnu/H-x86_64-pc-linux-gnu/bin/../lib/gcc/nios2-elf/5.3.0/../../../../../H-x86_64-pc-linux-gnu/nios2-elf/lib/libc.a(lib_a-mallocr.o)
                0x00000000000128e4                __malloc_av_
 .data          0x0000000000012cec        0x0 /home/leemarc/intelFPGA_lite/18.1/nios2eds/bin/gnu/H-x86_64-pc-linux-gnu/bin/../lib/gcc/nios2-elf/5.3.0/../../../../../H-x86_64-pc-linux-gnu/nios2-elf/lib/libc.a(lib_a-printf.o)
 .data          0x0000000000012cec        0x0 /home/leemarc/intelFPGA_lite/18.1/nios2eds/bin/gnu/H-x86_64-pc-linux-gnu/bin/../lib/gcc/nios2-elf/5.3.0/../../../../../H-x86_64-pc-linux-gnu/nios2-elf/lib/libc.a(lib_a-puts.o)
 .data          0x0000000000012cec        0x0 /home/leemarc/intelFPGA_lite/18.1/nios2eds/bin/gnu/H-x86_64-pc-linux-gnu/bin/../lib/gcc/nios2-elf/5.3.0/../../../../../H-x86_64-pc-linux-gnu/nios2-elf/lib/libc.a(lib_a-sbrkr.o)
 .data          0x0000000000012cec        0x0 /home/leemarc/intelFPGA_lite/18.1/nios2eds/bin/gnu/H-x86_64-pc-linux-gnu/bin/../lib/gcc/nios2-elf/5.3.0/../../../../../H-x86_64-pc-linux-gnu/nios2-elf/lib/libc.a(lib_a-strlen.o)
 .data          0x0000000000012cec        0x0 /home/leemarc/intelFPGA_lite/18.1/nios2eds/bin/gnu/H-x86_64-pc-linux-gnu/bin/../lib/gcc/nios2-elf/5.3.0/../../../../../H-x86_64-pc-linux-gnu/nios2-elf/lib/libc.a(lib_a-vfprintf.o)
 .data          0x0000000000012cec        0x0 /home/leemarc/intelFPGA_lite/18.1/nios2eds/bin/gnu/H-x86_64-pc-linux-gnu/bin/../lib/gcc/nios2-elf/5.3.0/../../../../../H-x86_64-pc-linux-gnu/nios2-elf/lib/libc.a(lib_a-wsetup.o)
 .data          0x0000000000012cec        0x0 /home/leemarc/intelFPGA_lite/18.1/nios2eds/bin/gnu/H-x86_64-pc-linux-gnu/bin/../lib/gcc/nios2-elf/5.3.0/../../../../../H-x86_64-pc-linux-gnu/nios2-elf/lib/libc.a(lib_a-dtoa.o)
 .data          0x0000000000012cec        0x0 /home/leemarc/intelFPGA_lite/18.1/nios2eds/bin/gnu/H-x86_64-pc-linux-gnu/bin/../lib/gcc/nios2-elf/5.3.0/../../../../../H-x86_64-pc-linux-gnu/nios2-elf/lib/libc.a(lib_a-fflush.o)
 .data          0x0000000000012cec        0x0 /home/leemarc/intelFPGA_lite/18.1/nios2eds/bin/gnu/H-x86_64-pc-linux-gnu/bin/../lib/gcc/nios2-elf/5.3.0/../../../../../H-x86_64-pc-linux-gnu/nios2-elf/lib/libc.a(lib_a-findfp.o)
 .data          0x0000000000012cec        0x0 /home/leemarc/intelFPGA_lite/18.1/nios2eds/bin/gnu/H-x86_64-pc-linux-gnu/bin/../lib/gcc/nios2-elf/5.3.0/../../../../../H-x86_64-pc-linux-gnu/nios2-elf/lib/libc.a(lib_a-freer.o)
 .data          0x0000000000012cec        0x0 /home/leemarc/intelFPGA_lite/18.1/nios2eds/bin/gnu/H-x86_64-pc-linux-gnu/bin/../lib/gcc/nios2-elf/5.3.0/../../../../../H-x86_64-pc-linux-gnu/nios2-elf/lib/libc.a(lib_a-fvwrite.o)
 .data          0x0000000000012cec        0x0 /home/leemarc/intelFPGA_lite/18.1/nios2eds/bin/gnu/H-x86_64-pc-linux-gnu/bin/../lib/gcc/nios2-elf/5.3.0/../../../../../H-x86_64-pc-linux-gnu/nios2-elf/lib/libc.a(lib_a-fwalk.o)
 .data          0x0000000000012cec        0x0 /home/leemarc/intelFPGA_lite/18.1/nios2eds/bin/gnu/H-x86_64-pc-linux-gnu/bin/../lib/gcc/nios2-elf/5.3.0/../../../../../H-x86_64-pc-linux-gnu/nios2-elf/lib/libc.a(lib_a-impure.o)
 .data.impure_data
                0x0000000000012cec      0x424 /home/leemarc/intelFPGA_lite/18.1/nios2eds/bin/gnu/H-x86_64-pc-linux-gnu/bin/../lib/gcc/nios2-elf/5.3.0/../../../../../H-x86_64-pc-linux-gnu/nios2-elf/lib/libc.a(lib_a-impure.o)
 .data          0x0000000000013110        0x0 /home/leemarc/intelFPGA_lite/18.1/nios2eds/bin/gnu/H-x86_64-pc-linux-gnu/bin/../lib/gcc/nios2-elf/5.3.0/../../../../../H-x86_64-pc-linux-gnu/nios2-elf/lib/libc.a(lib_a-int_errno.o)
 .data          0x0000000000013110        0x0 /home/leemarc/intelFPGA_lite/18.1/nios2eds/bin/gnu/H-x86_64-pc-linux-gnu/bin/../lib/gcc/nios2-elf/5.3.0/../../../../../H-x86_64-pc-linux-gnu/nios2-elf/lib/libc.a(lib_a-locale.o)
 .data.lc_message_charset
                0x0000000000013110       0x20 /home/leemarc/intelFPGA_lite/18.1/nios2eds/bin/gnu/H-x86_64-pc-linux-gnu/bin/../lib/gcc/nios2-elf/5.3.0/../../../../../H-x86_64-pc-linux-gnu/nios2-elf/lib/libc.a(lib_a-locale.o)
 .data.lc_ctype_charset
                0x0000000000013130       0x20 /home/leemarc/intelFPGA_lite/18.1/nios2eds/bin/gnu/H-x86_64-pc-linux-gnu/bin/../lib/gcc/nios2-elf/5.3.0/../../../../../H-x86_64-pc-linux-gnu/nios2-elf/lib/libc.a(lib_a-locale.o)
 .data.lconv    0x0000000000013150       0x38 /home/leemarc/intelFPGA_lite/18.1/nios2eds/bin/gnu/H-x86_64-pc-linux-gnu/bin/../lib/gcc/nios2-elf/5.3.0/../../../../../H-x86_64-pc-linux-gnu/nios2-elf/lib/libc.a(lib_a-locale.o)
 .data          0x0000000000013188        0x0 /home/leemarc/intelFPGA_lite/18.1/nios2eds/bin/gnu/H-x86_64-pc-linux-gnu/bin/../lib/gcc/nios2-elf/5.3.0/../../../../../H-x86_64-pc-linux-gnu/nios2-elf/lib/libc.a(lib_a-makebuf.o)
 .data          0x0000000000013188        0x0 /home/leemarc/intelFPGA_lite/18.1/nios2eds/bin/gnu/H-x86_64-pc-linux-gnu/bin/../lib/gcc/nios2-elf/5.3.0/../../../../../H-x86_64-pc-linux-gnu/nios2-elf/lib/libc.a(lib_a-memchr.o)
 .data          0x0000000000013188        0x0 /home/leemarc/intelFPGA_lite/18.1/nios2eds/bin/gnu/H-x86_64-pc-linux-gnu/bin/../lib/gcc/nios2-elf/5.3.0/../../../../../H-x86_64-pc-linux-gnu/nios2-elf/lib/libc.a(lib_a-memcpy.o)
 .data          0x0000000000013188        0x0 /home/leemarc/intelFPGA_lite/18.1/nios2eds/bin/gnu/H-x86_64-pc-linux-gnu/bin/../lib/gcc/nios2-elf/5.3.0/../../../../../H-x86_64-pc-linux-gnu/nios2-elf/lib/libc.a(lib_a-memmove.o)
 .data          0x0000000000013188        0x0 /home/leemarc/intelFPGA_lite/18.1/nios2eds/bin/gnu/H-x86_64-pc-linux-gnu/bin/../lib/gcc/nios2-elf/5.3.0/../../../../../H-x86_64-pc-linux-gnu/nios2-elf/lib/libc.a(lib_a-memset.o)
 .data          0x0000000000013188        0x0 /home/leemarc/intelFPGA_lite/18.1/nios2eds/bin/gnu/H-x86_64-pc-linux-gnu/bin/../lib/gcc/nios2-elf/5.3.0/../../../../../H-x86_64-pc-linux-gnu/nios2-elf/lib/libc.a(lib_a-mprec.o)
 .data          0x0000000000013188        0x0 /home/leemarc/intelFPGA_lite/18.1/nios2eds/bin/gnu/H-x86_64-pc-linux-gnu/bin/../lib/gcc/nios2-elf/5.3.0/../../../../../H-x86_64-pc-linux-gnu/nios2-elf/lib/libc.a(lib_a-reallocr.o)
 .data          0x0000000000013188        0x0 /home/leemarc/intelFPGA_lite/18.1/nios2eds/bin/gnu/H-x86_64-pc-linux-gnu/bin/../lib/gcc/nios2-elf/5.3.0/../../../../../H-x86_64-pc-linux-gnu/nios2-elf/lib/libc.a(lib_a-s_fpclassify.o)
 .data          0x0000000000013188        0x0 /home/leemarc/intelFPGA_lite/18.1/nios2eds/bin/gnu/H-x86_64-pc-linux-gnu/bin/../lib/gcc/nios2-elf/5.3.0/../../../../../H-x86_64-pc-linux-gnu/nios2-elf/lib/libc.a(lib_a-stdio.o)
 .data          0x0000000000013188        0x0 /home/leemarc/intelFPGA_lite/18.1/nios2eds/bin/gnu/H-x86_64-pc-linux-gnu/bin/../lib/gcc/nios2-elf/5.3.0/../../../../../H-x86_64-pc-linux-gnu/nios2-elf/lib/libc.a(lib_a-strcmp.o)
 .data          0x0000000000013188        0x0 /home/leemarc/intelFPGA_lite/18.1/nios2eds/bin/gnu/H-x86_64-pc-linux-gnu/bin/../lib/gcc/nios2-elf/5.3.0/../../../../../H-x86_64-pc-linux-gnu/nios2-elf/lib/libc.a(lib_a-vfiprintf.o)
 .data          0x0000000000013188        0x0 /home/leemarc/intelFPGA_lite/18.1/nios2eds/bin/gnu/H-x86_64-pc-linux-gnu/bin/../lib/gcc/nios2-elf/5.3.0/../../../../../H-x86_64-pc-linux-gnu/nios2-elf/lib/libc.a(lib_a-writer.o)
 .data          0x0000000000013188        0x0 /home/leemarc/intelFPGA_lite/18.1/nios2eds/bin/gnu/H-x86_64-pc-linux-gnu/bin/../lib/gcc/nios2-elf/5.3.0/../../../../../H-x86_64-pc-linux-gnu/nios2-elf/lib/libc.a(closer.o)
 .data          0x0000000000013188        0x0 /home/leemarc/intelFPGA_lite/18.1/nios2eds/bin/gnu/H-x86_64-pc-linux-gnu/bin/../lib/gcc/nios2-elf/5.3.0/../../../../../H-x86_64-pc-linux-gnu/nios2-elf/lib/libc.a(lib_a-callocr.o)
 .data          0x0000000000013188        0x0 /home/leemarc/intelFPGA_lite/18.1/nios2eds/bin/gnu/H-x86_64-pc-linux-gnu/bin/../lib/gcc/nios2-elf/5.3.0/../../../../../H-x86_64-pc-linux-gnu/nios2-elf/lib/libc.a(lib_a-fclose.o)
 .data          0x0000000000013188        0x0 /home/leemarc/intelFPGA_lite/18.1/nios2eds/bin/gnu/H-x86_64-pc-linux-gnu/bin/../lib/gcc/nios2-elf/5.3.0/../../../../../H-x86_64-pc-linux-gnu/nios2-elf/lib/libc.a(lib_a-fputwc.o)
 .data          0x0000000000013188        0x0 /home/leemarc/intelFPGA_lite/18.1/nios2eds/bin/gnu/H-x86_64-pc-linux-gnu/bin/../lib/gcc/nios2-elf/5.3.0/../../../../../H-x86_64-pc-linux-gnu/nios2-elf/lib/libc.a(lib_a-fstatr.o)
 .data          0x0000000000013188        0x0 /home/leemarc/intelFPGA_lite/18.1/nios2eds/bin/gnu/H-x86_64-pc-linux-gnu/bin/../lib/gcc/nios2-elf/5.3.0/../../../../../H-x86_64-pc-linux-gnu/nios2-elf/lib/libc.a(lib_a-isattyr.o)
 .data          0x0000000000013188        0x0 /home/leemarc/intelFPGA_lite/18.1/nios2eds/bin/gnu/H-x86_64-pc-linux-gnu/bin/../lib/gcc/nios2-elf/5.3.0/../../../../../H-x86_64-pc-linux-gnu/nios2-elf/lib/libc.a(lib_a-lseekr.o)
 .data          0x0000000000013188        0x0 /home/leemarc/intelFPGA_lite/18.1/nios2eds/bin/gnu/H-x86_64-pc-linux-gnu/bin/../lib/gcc/nios2-elf/5.3.0/../../../../../H-x86_64-pc-linux-gnu/nios2-elf/lib/libc.a(lib_a-readr.o)
 .data          0x0000000000013188        0x0 /home/leemarc/intelFPGA_lite/18.1/nios2eds/bin/gnu/H-x86_64-pc-linux-gnu/bin/../lib/gcc/nios2-elf/5.3.0/../../../../../H-x86_64-pc-linux-gnu/nios2-elf/lib/libc.a(lib_a-wbuf.o)
 .data          0x0000000000013188        0x0 /home/leemarc/intelFPGA_lite/18.1/nios2eds/bin/gnu/H-x86_64-pc-linux-gnu/bin/../lib/gcc/nios2-elf/5.3.0/../../../../../H-x86_64-pc-linux-gnu/nios2-elf/lib/libc.a(lib_a-wcrtomb.o)
 .data          0x0000000000013188        0x0 /home/leemarc/intelFPGA_lite/18.1/nios2eds/bin/gnu/H-x86_64-pc-linux-gnu/bin/../lib/gcc/nios2-elf/5.3.0/../../../../../H-x86_64-pc-linux-gnu/nios2-elf/lib/libc.a(lib_a-wctomb_r.o)
 .data          0x0000000000013188        0x0 /home/leemarc/intelFPGA_lite/18.1/nios2eds/bin/gnu/H-x86_64-pc-linux-gnu/bin/../lib/gcc/nios2-elf/5.3.0/libgcc.a(_udivdi3.o)
 .data          0x0000000000013188        0x0 /home/leemarc/intelFPGA_lite/18.1/nios2eds/bin/gnu/H-x86_64-pc-linux-gnu/bin/../lib/gcc/nios2-elf/5.3.0/libgcc.a(_umoddi3.o)
 .data          0x0000000000013188        0x0 /home/leemarc/intelFPGA_lite/18.1/nios2eds/bin/gnu/H-x86_64-pc-linux-gnu/bin/../lib/gcc/nios2-elf/5.3.0/libgcc.a(lib2-divmod.o)
 .data          0x0000000000013188        0x0 /home/leemarc/intelFPGA_lite/18.1/nios2eds/bin/gnu/H-x86_64-pc-linux-gnu/bin/../lib/gcc/nios2-elf/5.3.0/libgcc.a(adddf3.o)
 .data          0x0000000000013188        0x0 /home/leemarc/intelFPGA_lite/18.1/nios2eds/bin/gnu/H-x86_64-pc-linux-gnu/bin/../lib/gcc/nios2-elf/5.3.0/libgcc.a(divdf3.o)
 .data          0x0000000000013188        0x0 /home/leemarc/intelFPGA_lite/18.1/nios2eds/bin/gnu/H-x86_64-pc-linux-gnu/bin/../lib/gcc/nios2-elf/5.3.0/libgcc.a(eqdf2.o)
 .data          0x0000000000013188        0x0 /home/leemarc/intelFPGA_lite/18.1/nios2eds/bin/gnu/H-x86_64-pc-linux-gnu/bin/../lib/gcc/nios2-elf/5.3.0/libgcc.a(gedf2.o)
 .data          0x0000000000013188        0x0 /home/leemarc/intelFPGA_lite/18.1/nios2eds/bin/gnu/H-x86_64-pc-linux-gnu/bin/../lib/gcc/nios2-elf/5.3.0/libgcc.a(ledf2.o)
 .data          0x0000000000013188        0x0 /home/leemarc/intelFPGA_lite/18.1/nios2eds/bin/gnu/H-x86_64-pc-linux-gnu/bin/../lib/gcc/nios2-elf/5.3.0/libgcc.a(muldf3.o)
 .data          0x0000000000013188        0x0 /home/leemarc/intelFPGA_lite/18.1/nios2eds/bin/gnu/H-x86_64-pc-linux-gnu/bin/../lib/gcc/nios2-elf/5.3.0/libgcc.a(subdf3.o)
 .data          0x0000000000013188        0x0 /home/leemarc/intelFPGA_lite/18.1/nios2eds/bin/gnu/H-x86_64-pc-linux-gnu/bin/../lib/gcc/nios2-elf/5.3.0/libgcc.a(fixdfsi.o)
 .data          0x0000000000013188        0x0 /home/leemarc/intelFPGA_lite/18.1/nios2eds/bin/gnu/H-x86_64-pc-linux-gnu/bin/../lib/gcc/nios2-elf/5.3.0/libgcc.a(floatsidf.o)
 .data          0x0000000000013188        0x0 /home/leemarc/intelFPGA_lite/18.1/nios2eds/bin/gnu/H-x86_64-pc-linux-gnu/bin/../lib/gcc/nios2-elf/5.3.0/libgcc.a(floatunsidf.o)
 .data          0x0000000000013188        0x0 /home/leemarc/intelFPGA_lite/18.1/nios2eds/bin/gnu/H-x86_64-pc-linux-gnu/bin/../lib/gcc/nios2-elf/5.3.0/libgcc.a(_clz.o)
 .data          0x0000000000013188        0x0 /home/leemarc/intelFPGA_lite/18.1/nios2eds/bin/gnu/H-x86_64-pc-linux-gnu/bin/../lib/gcc/nios2-elf/5.3.0/libgcc.a(_clzsi2.o)
 .data          0x0000000000013188        0x0 /run/media/leemarc/Shared/Switchdrive/Private/Documents/Master/1_S1/EmbHardw/mse_demo/software/sobel_work_bsp//libhal_bsp.a(alt_close.o)
 .data          0x0000000000013188      0x1a8 /run/media/leemarc/Shared/Switchdrive/Private/Documents/Master/1_S1/EmbHardw/mse_demo/software/sobel_work_bsp//libhal_bsp.a(alt_dev.o)
                0x0000000000013188                alt_dev_null
                0x00000000000131b0                alt_fd_list
 .data          0x0000000000013330        0x0 /run/media/leemarc/Shared/Switchdrive/Private/Documents/Master/1_S1/EmbHardw/mse_demo/software/sobel_work_bsp//libhal_bsp.a(alt_errno.o)
 .data          0x0000000000013330        0x0 /run/media/leemarc/Shared/Switchdrive/Private/Documents/Master/1_S1/EmbHardw/mse_demo/software/sobel_work_bsp//libhal_bsp.a(alt_fstat.o)
 .data          0x0000000000013330        0x0 /run/media/leemarc/Shared/Switchdrive/Private/Documents/Master/1_S1/EmbHardw/mse_demo/software/sobel_work_bsp//libhal_bsp.a(alt_isatty.o)
 .data          0x0000000000013330        0x0 /run/media/leemarc/Shared/Switchdrive/Private/Documents/Master/1_S1/EmbHardw/mse_demo/software/sobel_work_bsp//libhal_bsp.a(alt_load.o)
 .data          0x0000000000013330        0x0 /run/media/leemarc/Shared/Switchdrive/Private/Documents/Master/1_S1/EmbHardw/mse_demo/software/sobel_work_bsp//libhal_bsp.a(alt_lseek.o)
 .data          0x0000000000013330        0x0 /run/media/leemarc/Shared/Switchdrive/Private/Documents/Master/1_S1/EmbHardw/mse_demo/software/sobel_work_bsp//libhal_bsp.a(alt_main.o)
 .data          0x0000000000013330        0x0 /run/media/leemarc/Shared/Switchdrive/Private/Documents/Master/1_S1/EmbHardw/mse_demo/software/sobel_work_bsp//libhal_bsp.a(alt_malloc_lock.o)
 .data          0x0000000000013330        0x0 /run/media/leemarc/Shared/Switchdrive/Private/Documents/Master/1_S1/EmbHardw/mse_demo/software/sobel_work_bsp//libhal_bsp.a(alt_read.o)
 .data          0x0000000000013330        0x0 /run/media/leemarc/Shared/Switchdrive/Private/Documents/Master/1_S1/EmbHardw/mse_demo/software/sobel_work_bsp//libhal_bsp.a(alt_release_fd.o)
 .data          0x0000000000013330        0x0 /run/media/leemarc/Shared/Switchdrive/Private/Documents/Master/1_S1/EmbHardw/mse_demo/software/sobel_work_bsp//libhal_bsp.a(alt_sbrk.o)
 .data          0x0000000000013330        0x0 /run/media/leemarc/Shared/Switchdrive/Private/Documents/Master/1_S1/EmbHardw/mse_demo/software/sobel_work_bsp//libhal_bsp.a(alt_usleep.o)
 .data          0x0000000000013330        0x0 /run/media/leemarc/Shared/Switchdrive/Private/Documents/Master/1_S1/EmbHardw/mse_demo/software/sobel_work_bsp//libhal_bsp.a(alt_write.o)
 .data          0x0000000000013330     0x1060 /run/media/leemarc/Shared/Switchdrive/Private/Documents/Master/1_S1/EmbHardw/mse_demo/software/sobel_work_bsp//libhal_bsp.a(alt_sys_init.o)
 .data          0x0000000000014390        0x0 /run/media/leemarc/Shared/Switchdrive/Private/Documents/Master/1_S1/EmbHardw/mse_demo/software/sobel_work_bsp//libhal_bsp.a(altera_avalon_jtag_uart_fd.o)
 .data          0x0000000000014390        0x0 /run/media/leemarc/Shared/Switchdrive/Private/Documents/Master/1_S1/EmbHardw/mse_demo/software/sobel_work_bsp//libhal_bsp.a(altera_avalon_jtag_uart_init.o)
 .data          0x0000000000014390        0x0 /run/media/leemarc/Shared/Switchdrive/Private/Documents/Master/1_S1/EmbHardw/mse_demo/software/sobel_work_bsp//libhal_bsp.a(altera_avalon_jtag_uart_ioctl.o)
 .data          0x0000000000014390        0x0 /run/media/leemarc/Shared/Switchdrive/Private/Documents/Master/1_S1/EmbHardw/mse_demo/software/sobel_work_bsp//libhal_bsp.a(altera_avalon_jtag_uart_read.o)
 .data          0x0000000000014390        0x0 /run/media/leemarc/Shared/Switchdrive/Private/Documents/Master/1_S1/EmbHardw/mse_demo/software/sobel_work_bsp//libhal_bsp.a(altera_avalon_jtag_uart_write.o)
 .data          0x0000000000014390        0x0 /run/media/leemarc/Shared/Switchdrive/Private/Documents/Master/1_S1/EmbHardw/mse_demo/software/sobel_work_bsp//libhal_bsp.a(altera_avalon_timer_sc.o)
 .data          0x0000000000014390        0x0 /run/media/leemarc/Shared/Switchdrive/Private/Documents/Master/1_S1/EmbHardw/mse_demo/software/sobel_work_bsp//libhal_bsp.a(altera_avalon_timer_ts.o)
 .data          0x0000000000014390        0x0 /run/media/leemarc/Shared/Switchdrive/Private/Documents/Master/1_S1/EmbHardw/mse_demo/software/sobel_work_bsp//libhal_bsp.a(altera_avalon_timer_vars.o)
 .data          0x0000000000014390        0x0 /run/media/leemarc/Shared/Switchdrive/Private/Documents/Master/1_S1/EmbHardw/mse_demo/software/sobel_work_bsp//libhal_bsp.a(alt_alarm_start.o)
 .data          0x0000000000014390        0x0 /run/media/leemarc/Shared/Switchdrive/Private/Documents/Master/1_S1/EmbHardw/mse_demo/software/sobel_work_bsp//libhal_bsp.a(alt_busy_sleep.o)
 .data          0x0000000000014390        0x0 /run/media/leemarc/Shared/Switchdrive/Private/Documents/Master/1_S1/EmbHardw/mse_demo/software/sobel_work_bsp//libhal_bsp.a(alt_dcache_flush_all.o)
 .data          0x0000000000014390        0x0 /run/media/leemarc/Shared/Switchdrive/Private/Documents/Master/1_S1/EmbHardw/mse_demo/software/sobel_work_bsp//libhal_bsp.a(alt_dev_llist_insert.o)
 .data          0x0000000000014390        0x0 /run/media/leemarc/Shared/Switchdrive/Private/Documents/Master/1_S1/EmbHardw/mse_demo/software/sobel_work_bsp//libhal_bsp.a(alt_do_ctors.o)